Component: ARM Compiler 5.06 update 6 (build 750) Tool: armlink [4d35ed]

==============================================================================

Section Cross References

    main.o(i.main) refers to user_code.o(i.Init) for Init
    main.o(i.main) refers to delay.o(i.delay_ms) for delay_ms
    main.o(i.main) refers to user_code.o(i.Test) for Test
    stm32f4xx_it.o(i.CAN1_RX0_IRQHandler) refers to stm32f4xx_can.o(i.CAN_GetITStatus) for CAN_GetITStatus
    stm32f4xx_it.o(i.CAN1_RX0_IRQHandler) refers to stm32f4xx_can.o(i.CAN_Receive) for CAN_Receive
    stm32f4xx_it.o(i.CAN1_RX0_IRQHandler) refers to m2006_motor.o(i.M2006_getInfo) for M2006_getInfo
    stm32f4xx_it.o(i.CAN1_RX0_IRQHandler) refers to stm32f4xx_can.o(i.CAN_ClearITPendingBit) for CAN_ClearITPendingBit
    stm32f4xx_it.o(i.TIM6_DAC_IRQHandler) refers to stm32f4xx_tim.o(i.TIM_GetITStatus) for TIM_GetITStatus
    stm32f4xx_it.o(i.TIM6_DAC_IRQHandler) refers to shoot.o(i.fric_Control) for fric_Control
    stm32f4xx_it.o(i.TIM6_DAC_IRQHandler) refers to shoot.o(i.Smallshoot_processing) for Smallshoot_processing
    stm32f4xx_it.o(i.TIM6_DAC_IRQHandler) refers to shoot.o(i.Largeshoot_processing) for Largeshoot_processing
    stm32f4xx_it.o(i.TIM6_DAC_IRQHandler) refers to stm32f4xx_tim.o(i.TIM_ClearITPendingBit) for TIM_ClearITPendingBit
    stm32f4xx_it.o(i.TIM6_DAC_IRQHandler) refers to dr16_receiver.o(.data) for ControlStatus
    stm32f4xx_it.o(i.TIM6_DAC_IRQHandler) refers to shoot.o(.data) for Small_Deil_Counter
    stm32f4xx_it.o(i.USART1_IRQHandler) refers to stm32f4xx_usart.o(i.USART_GetITStatus) for USART_GetITStatus
    stm32f4xx_it.o(i.USART1_IRQHandler) refers to stm32f4xx_dma.o(i.DMA_Cmd) for DMA_Cmd
    stm32f4xx_it.o(i.USART1_IRQHandler) refers to stm32f4xx_dma.o(i.DMA_GetCurrDataCounter) for DMA_GetCurrDataCounter
    stm32f4xx_it.o(i.USART1_IRQHandler) refers to dr16_receiver.o(i.DR16_dataProcess) for DR16_dataProcess
    stm32f4xx_it.o(i.USART1_IRQHandler) refers to stm32f4xx_dma.o(i.DMA_SetCurrDataCounter) for DMA_SetCurrDataCounter
    stm32f4xx_it.o(i.USART1_IRQHandler) refers to dr16_receiver.o(.bss) for DR16_rxBuff
    user_code.o(i.Init) refers to led.o(i.LED_GPIO_Config) for LED_GPIO_Config
    user_code.o(i.Init) refers to key.o(i.KEY_GPIO_Config) for KEY_GPIO_Config
    user_code.o(i.Init) refers to can.o(i.CAN1_QuickInit) for CAN1_QuickInit
    user_code.o(i.Init) refers to dr16_receiver.o(i.DR16_receiverInit) for DR16_receiverInit
    user_code.o(i.Init) refers to delay.o(i.delay_ms) for delay_ms
    user_code.o(i.Init) refers to usart.o(i.USART6_QuickInit) for USART6_QuickInit
    user_code.o(i.Init) refers to tim.o(i.TIM6_CounterMode) for TIM6_CounterMode
    user_code.o(i.Init) refers to shoot.o(i.Shoot_Init) for Shoot_Init
    user_code.o(i.Test) refers to ano.o(i.ANO_Send_Data_V3) for ANO_Send_Data_V3
    user_code.o(i.Test) refers to m2006_motor.o(.bss) for M2006s
    devicesmonitor.o(i.DevicesMonitor_update) refers to dr16_receiver.o(.bss) for dr16_data
    pid.o(i.Incremental_PID) refers to pid.o(i.abs_limit) for abs_limit
    pid.o(i.Position_PID) refers to pid.o(i.abs_limit) for abs_limit
    pid.o(i.Position_PID) refers to pid.o(.data) for Test_I
    shoot.o(i.LargefricMotor_setSpeed) refers to stm32f4xx_tim.o(i.TIM_SetCompare1) for TIM_SetCompare1
    shoot.o(i.LargefricMotor_setSpeed) refers to stm32f4xx_tim.o(i.TIM_SetCompare2) for TIM_SetCompare2
    shoot.o(i.Largeshoot_processing) refers to m2006_motor.o(i.M2006_setCurrent) for M2006_setCurrent
    shoot.o(i.Largeshoot_processing) refers to pid.o(i.Position_PID) for Position_PID
    shoot.o(i.Largeshoot_processing) refers to dr16_receiver.o(.data) for ControlStatus
    shoot.o(i.Largeshoot_processing) refers to dr16_receiver.o(.bss) for dr16_data
    shoot.o(i.Largeshoot_processing) refers to shoot.o(.data) for Large_Deil_Flag
    shoot.o(i.Largeshoot_processing) refers to m2006_motor.o(.bss) for M2006s
    shoot.o(i.Rake_Ratio) refers to shoot.o(.bss) for array
    shoot.o(i.Rake_Ratio) refers to shoot.o(.data) for duzhuanflag
    shoot.o(i.Shoot_Init) refers to tim.o(i.TIM12_PWMOutput) for TIM12_PWMOutput
    shoot.o(i.Shoot_Init) refers to tim.o(i.TIM4_PWMOutput) for TIM4_PWMOutput
    shoot.o(i.Shoot_Init) refers to pid.o(i.PositionPID_paraReset) for PositionPID_paraReset
    shoot.o(i.Shoot_Init) refers to m2006_motor.o(.bss) for M2006s
    shoot.o(i.SmallfricMotor_setSpeed) refers to stm32f4xx_tim.o(i.TIM_SetCompare1) for TIM_SetCompare1
    shoot.o(i.SmallfricMotor_setSpeed) refers to stm32f4xx_tim.o(i.TIM_SetCompare2) for TIM_SetCompare2
    shoot.o(i.SmallfricMotor_setSpeed2) refers to stm32f4xx_tim.o(i.TIM_SetCompare1) for TIM_SetCompare1
    shoot.o(i.SmallfricMotor_setSpeed2) refers to stm32f4xx_tim.o(i.TIM_SetCompare2) for TIM_SetCompare2
    shoot.o(i.SmallfricMotor_setSpeed2) refers to shoot.o(.data) for noral_speed1
    shoot.o(i.Smallshoot_processing) refers to m2006_motor.o(i.M2006_setCurrent) for M2006_setCurrent
[...]
    Removing stm32f4xx_sai.o(i.SAI_DeInit), (36 bytes).
    Removing stm32f4xx_sai.o(i.SAI_FlushFIFO), (10 bytes).
    Removing stm32f4xx_sai.o(i.SAI_FrameInit), (44 bytes).
    Removing stm32f4xx_sai.o(i.SAI_FrameStructInit), (18 bytes).
    Removing stm32f4xx_sai.o(i.SAI_GetCmdStatus), (20 bytes).
    Removing stm32f4xx_sai.o(i.SAI_GetFIFOStatus), (12 bytes).
    Removing stm32f4xx_sai.o(i.SAI_GetFlagStatus), (18 bytes).
    Removing stm32f4xx_sai.o(i.SAI_GetITStatus), (30 bytes).
    Removing stm32f4xx_sai.o(i.SAI_ITConfig), (18 bytes).
    Removing stm32f4xx_sai.o(i.SAI_Init), (76 bytes).
    Removing stm32f4xx_sai.o(i.SAI_MonoModeConfig), (18 bytes).
    Removing stm32f4xx_sai.o(i.SAI_MuteFrameCounterConfig), (18 bytes).
    Removing stm32f4xx_sai.o(i.SAI_MuteModeCmd), (22 bytes).
    Removing stm32f4xx_sai.o(i.SAI_MuteValueConfig), (16 bytes).
    Removing stm32f4xx_sai.o(i.SAI_ReceiveData), (6 bytes).
    Removing stm32f4xx_sai.o(i.SAI_SendData), (4 bytes).
    Removing stm32f4xx_sai.o(i.SAI_SlotInit), (36 bytes).
    Removing stm32f4xx_sai.o(i.SAI_SlotStructInit), (16 bytes).
    Removing stm32f4xx_sai.o(i.SAI_StructInit), (30 bytes).
    Removing stm32f4xx_sai.o(i.SAI_TRIStateConfig), (18 bytes).
    Removing stm32f4xx_sdio.o(.rev16_text), (4 bytes).
    Removing stm32f4xx_sdio.o(.revsh_text), (4 bytes).
    Removing stm32f4xx_sdio.o(.rrx_text), (6 bytes).
    Removing stm32f4xx_sdio.o(i.SDIO_CEATAITCmd), (16 bytes).
    Removing stm32f4xx_sdio.o(i.SDIO_ClearFlag), (12 bytes).
    Removing stm32f4xx_sdio.o(i.SDIO_ClearITPendingBit), (12 bytes).
    Removing stm32f4xx_sdio.o(i.SDIO_ClockCmd), (12 bytes).
    Removing stm32f4xx_sdio.o(i.SDIO_CmdStructInit), (14 bytes).
    Removing stm32f4xx_sdio.o(i.SDIO_CommandCompletionCmd), (12 bytes).
    Removing stm32f4xx_sdio.o(i.SDIO_DMACmd), (12 bytes).
    Removing stm32f4xx_sdio.o(i.SDIO_DataConfig), (52 bytes).
    Removing stm32f4xx_sdio.o(i.SDIO_DataStructInit), (20 bytes).
    Removing stm32f4xx_sdio.o(i.SDIO_DeInit), (22 bytes).
    Removing stm32f4xx_sdio.o(i.SDIO_GetCommandResponse), (12 bytes).
    Removing stm32f4xx_sdio.o(i.SDIO_GetDataCounter), (12 bytes).
    Removing stm32f4xx_sdio.o(i.SDIO_GetFIFOCount), (12 bytes).
    Removing stm32f4xx_sdio.o(i.SDIO_GetFlagStatus), (24 bytes).
    Removing stm32f4xx_sdio.o(i.SDIO_GetITStatus), (24 bytes).
    Removing stm32f4xx_sdio.o(i.SDIO_GetPowerState), (16 bytes).
    Removing stm32f4xx_sdio.o(i.SDIO_GetResponse), (24 bytes).
    Removing stm32f4xx_sdio.o(i.SDIO_ITConfig), (32 bytes).
    Removing stm32f4xx_sdio.o(i.SDIO_Init), (48 bytes).
    Removing stm32f4xx_sdio.o(i.SDIO_ReadData), (12 bytes).
    Removing stm32f4xx_sdio.o(i.SDIO_SendCEATACmd), (12 bytes).
    Removing stm32f4xx_sdio.o(i.SDIO_SendCommand), (44 bytes).
    Removing stm32f4xx_sdio.o(i.SDIO_SendSDIOSuspendCmd), (12 bytes).
    Removing stm32f4xx_sdio.o(i.SDIO_SetPowerState), (12 bytes).
    Removing stm32f4xx_sdio.o(i.SDIO_SetSDIOOperation), (12 bytes).
    Removing stm32f4xx_sdio.o(i.SDIO_SetSDIOReadWaitMode), (12 bytes).
    Removing stm32f4xx_sdio.o(i.SDIO_StartSDIOReadWait), (12 bytes).
    Removing stm32f4xx_sdio.o(i.SDIO_StopSDIOReadWait), (12 bytes).
    Removing stm32f4xx_sdio.o(i.SDIO_StructInit), (16 bytes).
    Removing stm32f4xx_sdio.o(i.SDIO_WriteData), (12 bytes).
    Removing stm32f4xx_spdifrx.o(.rev16_text), (4 bytes).
    Removing stm32f4xx_spdifrx.o(.revsh_text), (4 bytes).
    Removing stm32f4xx_spdifrx.o(.rrx_text), (6 bytes).
    Removing stm32f4xx_spi.o(.rev16_text), (4 bytes).
    Removing stm32f4xx_spi.o(.revsh_text), (4 bytes).
    Removing stm32f4xx_spi.o(.rrx_text), (6 bytes).
    Removing stm32f4xx_spi.o(i.I2S_Cmd), (24 bytes).
    Removing stm32f4xx_spi.o(i.I2S_FullDuplexConfig), (80 bytes).
    Removing stm32f4xx_spi.o(i.I2S_Init), (408 bytes).
    Removing stm32f4xx_spi.o(i.I2S_StructInit), (20 bytes).
    Removing stm32f4xx_spi.o(i.SPI_BiDirectionalLineConfig), (28 bytes).
    Removing stm32f4xx_spi.o(i.SPI_CalculateCRC), (24 bytes).
    Removing stm32f4xx_spi.o(i.SPI_Cmd), (24 bytes).
    Removing stm32f4xx_spi.o(i.SPI_DataSizeConfig), (18 bytes).
    Removing stm32f4xx_spi.o(i.SPI_GetCRC), (16 bytes).
    Removing stm32f4xx_spi.o(i.SPI_GetCRCPolynomial), (6 bytes).
    Removing stm32f4xx_spi.o(i.SPI_I2S_ClearFlag), (6 bytes).
    Removing stm32f4xx_spi.o(i.SPI_I2S_ClearITPendingBit), (20 bytes).
    Removing stm32f4xx_spi.o(i.SPI_I2S_DMACmd), (18 bytes).
    Removing stm32f4xx_spi.o(i.SPI_I2S_DeInit), (176 bytes).
    Removing stm32f4xx_spi.o(i.SPI_I2S_GetFlagStatus), (18 bytes).
    Removing stm32f4xx_spi.o(i.SPI_I2S_GetITStatus), (52 bytes).
    Removing stm32f4xx_spi.o(i.SPI_I2S_ITConfig), (32 bytes).
    Removing stm32f4xx_spi.o(i.SPI_I2S_ReceiveData), (6 bytes).
    Removing stm32f4xx_spi.o(i.SPI_I2S_SendData), (4 bytes).
    Removing stm32f4xx_spi.o(i.SPI_Init), (60 bytes).
    Removing stm32f4xx_spi.o(i.SPI_NSSInternalSoftwareConfig), (30 bytes).
    Removing stm32f4xx_spi.o(i.SPI_SSOutputCmd), (24 bytes).
    Removing stm32f4xx_spi.o(i.SPI_StructInit), (24 bytes).
    Removing stm32f4xx_spi.o(i.SPI_TIModeCmd), (24 bytes).
    Removing stm32f4xx_spi.o(i.SPI_TransmitCRC), (10 bytes).
    Removing stm32f4xx_syscfg.o(.rev16_text), (4 bytes).
    Removing stm32f4xx_syscfg.o(.revsh_text), (4 bytes).
    Removing stm32f4xx_syscfg.o(.rrx_text), (6 bytes).
    Removing stm32f4xx_syscfg.o(i.SYSCFG_CompensationCellCmd), (12 bytes).
    Removing stm32f4xx_syscfg.o(i.SYSCFG_DeInit), (22 bytes).
    Removing stm32f4xx_syscfg.o(i.SYSCFG_ETH_MediaInterfaceConfig), (12 bytes).
    Removing stm32f4xx_syscfg.o(i.SYSCFG_EXTILineConfig), (64 bytes).
    Removing stm32f4xx_syscfg.o(i.SYSCFG_GetCompensationCellStatus), (24 bytes).
    Removing stm32f4xx_syscfg.o(i.SYSCFG_MemoryRemapConfig), (12 bytes).
    Removing stm32f4xx_syscfg.o(i.SYSCFG_MemorySwappingBank), (12 bytes).
    Removing stm32f4xx_tim.o(.rev16_text), (4 bytes).
    Removing stm32f4xx_tim.o(.revsh_text), (4 bytes).
    Removing stm32f4xx_tim.o(.rrx_text), (6 bytes).
    Removing stm32f4xx_tim.o(i.TI1_Config), (58 bytes).
    Removing stm32f4xx_tim.o(i.TI2_Config), (80 bytes).
    Removing stm32f4xx_tim.o(i.TI3_Config), (72 bytes).
    Removing stm32f4xx_tim.o(i.TI4_Config), (80 bytes).
    Removing stm32f4xx_tim.o(i.TIM_BDTRConfig), (32 bytes).
    Removing stm32f4xx_tim.o(i.TIM_BDTRStructInit), (18 bytes).
    Removing stm32f4xx_tim.o(i.TIM_CCPreloadControl), (24 bytes).
    Removing stm32f4xx_tim.o(i.TIM_CCxCmd), (30 bytes).
    Removing stm32f4xx_tim.o(i.TIM_CCxNCmd), (30 bytes).
    Removing stm32f4xx_tim.o(i.TIM_ClearFlag), (6 bytes).
    Removing stm32f4xx_tim.o(i.TIM_ClearOC1Ref), (18 bytes).
    Removing stm32f4xx_tim.o(i.TIM_ClearOC2Ref), (24 bytes).
    Removing stm32f4xx_tim.o(i.TIM_ClearOC3Ref), (18 bytes).
    Removing stm32f4xx_tim.o(i.TIM_ClearOC4Ref), (24 bytes).
    Removing stm32f4xx_tim.o(i.TIM_CounterModeConfig), (18 bytes).
    Removing stm32f4xx_tim.o(i.TIM_CtrlPWMOutputs), (30 bytes).
    Removing stm32f4xx_tim.o(i.TIM_DMACmd), (18 bytes).
    Removing stm32f4xx_tim.o(i.TIM_DMAConfig), (10 bytes).
    Removing stm32f4xx_tim.o(i.TIM_DeInit), (400 bytes).
    Removing stm32f4xx_tim.o(i.TIM_ETRClockMode1Config), (54 bytes).
    Removing stm32f4xx_tim.o(i.TIM_ETRClockMode2Config), (32 bytes).
    Removing stm32f4xx_tim.o(i.TIM_ETRConfig), (28 bytes).
    Removing stm32f4xx_tim.o(i.TIM_EncoderInterfaceConfig), (66 bytes).
    Removing stm32f4xx_tim.o(i.TIM_ForcedOC1Config), (18 bytes).
    Removing stm32f4xx_tim.o(i.TIM_ForcedOC2Config), (26 bytes).
    Removing stm32f4xx_tim.o(i.TIM_ForcedOC3Config), (18 bytes).
    Removing stm32f4xx_tim.o(i.TIM_ForcedOC4Config), (26 bytes).
    Removing stm32f4xx_tim.o(i.TIM_GenerateEvent), (4 bytes).
    Removing stm32f4xx_tim.o(i.TIM_GetCapture1), (6 bytes).
    Removing stm32f4xx_tim.o(i.TIM_GetCapture2), (6 bytes).
    Removing stm32f4xx_tim.o(i.TIM_GetCapture3), (6 bytes).
    Removing stm32f4xx_tim.o(i.TIM_GetCapture4), (6 bytes).
    Removing stm32f4xx_tim.o(i.TIM_GetCounter), (6 bytes).
    Removing stm32f4xx_tim.o(i.TIM_GetFlagStatus), (18 bytes).
    Removing stm32f4xx_tim.o(i.TIM_GetPrescaler), (6 bytes).
    Removing stm32f4xx_tim.o(i.TIM_ICInit), (110 bytes).
    Removing stm32f4xx_tim.o(i.TIM_ICStructInit), (18 bytes).
    Removing stm32f4xx_tim.o(i.TIM_ITRxExternalClockConfig), (24 bytes).
    Removing stm32f4xx_tim.o(i.TIM_InternalClockConfig), (12 bytes).
    Removing stm32f4xx_tim.o(i.TIM_OC1FastConfig), (18 bytes).
    Removing stm32f4xx_tim.o(i.TIM_OC1NPolarityConfig), (18 bytes).
    Removing stm32f4xx_tim.o(i.TIM_OC1PolarityConfig), (18 bytes).
    Removing stm32f4xx_tim.o(i.TIM_OC1PreloadConfig), (18 bytes).
    Removing stm32f4xx_tim.o(i.TIM_OC2FastConfig), (26 bytes).
    Removing stm32f4xx_tim.o(i.TIM_OC2NPolarityConfig), (26 bytes).
    Removing stm32f4xx_tim.o(i.TIM_OC2PolarityConfig), (26 bytes).
    Removing stm32f4xx_tim.o(i.TIM_OC2PreloadConfig), (26 bytes).
    Removing stm32f4xx_tim.o(i.TIM_OC3FastConfig), (18 bytes).
    Removing stm32f4xx_tim.o(i.TIM_OC3Init), (160 bytes).
    Removing stm32f4xx_tim.o(i.TIM_OC3NPolarityConfig), (26 bytes).
    Removing stm32f4xx_tim.o(i.TIM_OC3PolarityConfig), (26 bytes).
    Removing stm32f4xx_tim.o(i.TIM_OC3PreloadConfig), (18 bytes).
    Removing stm32f4xx_tim.o(i.TIM_OC4FastConfig), (26 bytes).
    Removing stm32f4xx_tim.o(i.TIM_OC4Init), (120 bytes).
    Removing stm32f4xx_tim.o(i.TIM_OC4PolarityConfig), (26 bytes).
    Removing stm32f4xx_tim.o(i.TIM_OC4PreloadConfig), (26 bytes).
    Removing stm32f4xx_tim.o(i.TIM_OCStructInit), (20 bytes).
    Removing stm32f4xx_tim.o(i.TIM_PWMIConfig), (124 bytes).
    Removing stm32f4xx_tim.o(i.TIM_PrescalerConfig), (6 bytes).
    Removing stm32f4xx_tim.o(i.TIM_RemapConfig), (6 bytes).
    Removing stm32f4xx_tim.o(i.TIM_SelectCCDMA), (24 bytes).
    Removing stm32f4xx_tim.o(i.TIM_SelectCOM), (24 bytes).
    Removing stm32f4xx_tim.o(i.TIM_SelectHallSensor), (24 bytes).
    Removing stm32f4xx_tim.o(i.TIM_SelectInputTrigger), (18 bytes).
    Removing stm32f4xx_tim.o(i.TIM_SelectMasterSlaveMode), (18 bytes).
    Removing stm32f4xx_tim.o(i.TIM_SelectOCxM), (86 bytes).
    Removing stm32f4xx_tim.o(i.TIM_SelectOnePulseMode), (18 bytes).
    Removing stm32f4xx_tim.o(i.TIM_SelectOutputTrigger), (18 bytes).
    Removing stm32f4xx_tim.o(i.TIM_SelectSlaveMode), (18 bytes).
    Removing stm32f4xx_tim.o(i.TIM_SetAutoreload), (4 bytes).
    Removing stm32f4xx_tim.o(i.TIM_SetClockDivision), (18 bytes).
    Removing stm32f4xx_tim.o(i.TIM_SetCompare3), (4 bytes).
    Removing stm32f4xx_tim.o(i.TIM_SetCompare4), (4 bytes).
    Removing stm32f4xx_tim.o(i.TIM_SetCounter), (4 bytes).
    Removing stm32f4xx_tim.o(i.TIM_SetIC1Prescaler), (18 bytes).
    Removing stm32f4xx_tim.o(i.TIM_SetIC2Prescaler), (26 bytes).
    Removing stm32f4xx_tim.o(i.TIM_SetIC3Prescaler), (18 bytes).
    Removing stm32f4xx_tim.o(i.TIM_SetIC4Prescaler), (26 bytes).
    Removing stm32f4xx_tim.o(i.TIM_TIxExternalClockConfig), (62 bytes).
    Removing stm32f4xx_tim.o(i.TIM_TimeBaseStructInit), (18 bytes).
    Removing stm32f4xx_tim.o(i.TIM_UpdateDisableConfig), (24 bytes).
    Removing stm32f4xx_tim.o(i.TIM_UpdateRequestConfig), (24 bytes).
    Removing stm32f4xx_usart.o(.rev16_text), (4 bytes).
    Removing stm32f4xx_usart.o(.revsh_text), (4 bytes).
    Removing stm32f4xx_usart.o(.rrx_text), (6 bytes).
    Removing stm32f4xx_usart.o(i.USART_ClearFlag), (18 bytes).
    Removing stm32f4xx_usart.o(i.USART_ClearITPendingBit), (30 bytes).
    Removing stm32f4xx_usart.o(i.USART_ClockInit), (32 bytes).
    Removing stm32f4xx_usart.o(i.USART_ClockStructInit), (12 bytes).
    Removing stm32f4xx_usart.o(i.USART_DeInit), (240 bytes).
    Removing stm32f4xx_usart.o(i.USART_HalfDuplexCmd), (24 bytes).
    Removing stm32f4xx_usart.o(i.USART_IrDACmd), (24 bytes).
    Removing stm32f4xx_usart.o(i.USART_IrDAConfig), (18 bytes).
    Removing stm32f4xx_usart.o(i.USART_LINBreakDetectLengthConfig), (18 bytes).
    Removing stm32f4xx_usart.o(i.USART_LINCmd), (24 bytes).
    Removing stm32f4xx_usart.o(i.USART_OneBitMethodCmd), (24 bytes).
    Removing stm32f4xx_usart.o(i.USART_OverSampling8Cmd), (22 bytes).
    Removing stm32f4xx_usart.o(i.USART_ReceiveData), (10 bytes).
    Removing stm32f4xx_usart.o(i.USART_ReceiverWakeUpCmd), (24 bytes).
    Removing stm32f4xx_usart.o(i.USART_SendBreak), (10 bytes).
    Removing stm32f4xx_usart.o(i.USART_SetAddress), (18 bytes).
    Removing stm32f4xx_usart.o(i.USART_SetGuardTime), (16 bytes).
    Removing stm32f4xx_usart.o(i.USART_SetPrescaler), (16 bytes).
    Removing stm32f4xx_usart.o(i.USART_SmartCardCmd), (24 bytes).
    Removing stm32f4xx_usart.o(i.USART_SmartCardNACKCmd), (24 bytes).
    Removing stm32f4xx_usart.o(i.USART_StructInit), (24 bytes).
    Removing stm32f4xx_usart.o(i.USART_WakeUpConfig), (18 bytes).
    Removing stm32f4xx_wwdg.o(.rev16_text), (4 bytes).
    Removing stm32f4xx_wwdg.o(.revsh_text), (4 bytes).
    Removing stm32f4xx_wwdg.o(.rrx_text), (6 bytes).
    Removing stm32f4xx_wwdg.o(i.WWDG_ClearFlag), (12 bytes).
    Removing stm32f4xx_wwdg.o(i.WWDG_DeInit), (22 bytes).
    Removing stm32f4xx_wwdg.o(i.WWDG_Enable), (16 bytes).
    Removing stm32f4xx_wwdg.o(i.WWDG_EnableIT), (12 bytes).
    Removing stm32f4xx_wwdg.o(i.WWDG_GetFlagStatus), (20 bytes).
    Removing stm32f4xx_wwdg.o(i.WWDG_SetCounter), (16 bytes).
    Removing stm32f4xx_wwdg.o(i.WWDG_SetPrescaler), (24 bytes).
    Removing stm32f4xx_wwdg.o(i.WWDG_SetWindowValue), (40 bytes).
    Removing system_stm32f4xx.o(.rev16_text), (4 bytes).
    Removing system_stm32f4xx.o(.revsh_text), (4 bytes).
    Removing system_stm32f4xx.o(.rrx_text), (6 bytes).
    Removing system_stm32f4xx.o(i.SystemCoreClockUpdate), (192 bytes).
    Removing startup_stm32f427_437xx.o(HEAP), (512 bytes).
    Removing dneg.o(.text), (6 bytes).

798 unused section(s) (total 31734 bytes) removed from the image.

==============================================================================

Image Symbol Table

    Local Symbols

    Symbol Name                              Value     Ov Type        Size  Object(Section)

    ../clib/microlib/errno.c                 0x00000000   Number         0  errno.o ABSOLUTE
    ../clib/microlib/init/entry.s            0x00000000   Number         0  entry10a.o ABSOLUTE
    ../clib/microlib/init/entry.s            0x00000000   Number         0  entry9b.o ABSOLUTE
    ../clib/microlib/init/entry.s            0x00000000   Number         0  entry8b.o ABSOLUTE
    ../clib/microlib/init/entry.s            0x00000000   Number         0  entry8a.o ABSOLUTE
    ../clib/microlib/init/entry.s            0x00000000   Number         0  entry7b.o ABSOLUTE
    ../clib/microlib/init/entry.s            0x00000000   Number         0  entry.o ABSOLUTE
    ../clib/microlib/init/entry.s            0x00000000   Number         0  entry9a.o ABSOLUTE
    ../clib/microlib/init/entry.s            0x00000000   Number         0  entry7a.o ABSOLUTE
    ../clib/microlib/init/entry.s            0x00000000   Number         0  entry5.o ABSOLUTE
    ../clib/microlib/init/entry.s            0x00000000   Number         0  entry2.o ABSOLUTE
    ../clib/microlib/init/entry.s            0x00000000   Number         0  entry11b.o ABSOLUTE
    ../clib/microlib/init/entry.s            0x00000000   Number         0  entry11a.o ABSOLUTE
    ../clib/microlib/init/entry.s            0x00000000   Number         0  entry10b.o ABSOLUTE
    ../clib/microlib/longlong.c              0x00000000   Number         0  llsshr.o ABSOLUTE
    ../clib/microlib/longlong.c              0x00000000   Number         0  llshl.o ABSOLUTE
    ../clib/microlib/longlong.c              0x00000000   Number         0  llushr.o ABSOLUTE
    ../clib/microlib/stubs.s                 0x00000000   Number         0  iusefp.o ABSOLUTE
    ../fplib/microlib/d2f.c                  0x00000000   Number         0  d2f.o ABSOLUTE
    ../fplib/microlib/f2d.c                  0x00000000   Number         0  f2d.o ABSOLUTE
    ../fplib/microlib/fpadd.c                0x00000000   Number         0  dadd.o ABSOLUTE
    ../fplib/microlib/fpdiv.c                0x00000000   Number         0  ddiv.o ABSOLUTE
    ../fplib/microlib/fpepilogue.c           0x00000000   Number         0  fepilogue.o ABSOLUTE
    ../fplib/microlib/fpepilogue.c           0x00000000   Number         0  depilogue.o ABSOLUTE
    ../fplib/microlib/fpmul.c                0x00000000   Number         0  dmul.o ABSOLUTE
    ../fplib/microlib/fpneg.c                0x00000000   Number         0  dneg.o ABSOLUTE
    ../mathlib/atan.c                        0x00000000   Number         0  atan_x.o ABSOLUTE
    ../mathlib/atan.c                        0x00000000   Number         0  atan.o ABSOLUTE
    ../mathlib/atan2.c                       0x00000000   Number         0  atan2_x.o ABSOLUTE
    ../mathlib/atan2.c                       0x00000000   Number         0  atan2.o ABSOLUTE
    ../mathlib/dunder.c                      0x00000000   Number         0  dunder.o ABSOLUTE
    ../mathlib/fabs.c                        0x00000000   Number         0  fabs.o ABSOLUTE
    ../mathlib/fpclassify.c                  0x00000000   Number         0  fpclassify.o ABSOLUTE
    ../mathlib/poly.c                        0x00000000   Number         0  poly.o ABSOLUTE
    ../mathlib/qnan.c                        0x00000000   Number         0  qnan.o ABSOLUTE
    ..\..\Apps\DevicesMonitor.c              0x00000000   Number         0  devicesmonitor.o ABSOLUTE
    ..\..\Apps\Filter.c                      0x00000000   Number         0  filter.o ABSOLUTE
    ..\..\Apps\PID.c                         0x00000000   Number         0  pid.o ABSOLUTE
    ..\..\Apps\Shoot.c                       0x00000000   Number         0  shoot.o ABSOLUTE
    ..\..\BSP\CAN.c                          0x00000000   Number         0  can.o ABSOLUTE
    ..\..\BSP\KEY.c                          0x00000000   Number         0  key.o ABSOLUTE
    ..\..\BSP\LED.c                          0x00000000   Number         0  led.o ABSOLUTE
    ..\..\BSP\NVIC.c                         0x00000000   Number         0  nvic.o ABSOLUTE
    ..\..\BSP\TIM.c                          0x00000000   Number         0  tim.o ABSOLUTE
    ..\..\BSP\USART.c                        0x00000000   Number         0  usart.o ABSOLUTE
    ..\..\BSP\delay.c                        0x00000000   Number         0  delay.o ABSOLUTE
    ..\..\Devices\ANO.c                      0x00000000   Number         0  ano.o ABSOLUTE
    ..\..\Devices\DR16_Receiver.c            0x00000000   Number         0  dr16_receiver.o ABSOLUTE
    ..\..\Devices\M2006_Motor.c              0x00000000   Number         0  m2006_motor.o ABSOLUTE
    ..\..\Libraries\CMSIS\Device\ST\STM32F4xx\Source\Templates\arm\startup_stm32f427_437xx.s 0x00000000   Number         0  startup_stm32f427_437xx.o ABSOLUTE
    ..\..\Libraries\CMSIS\Device\ST\STM32F4xx\Source\Templates\system_stm32f4xx.c 0x00000000   Number         0  system_stm32f4xx.o ABSOLUTE
    ..\..\Libraries\STM32F4xx_StdPeriph_Driver\src\misc.c 0x00000000   Number         0  misc.o ABSOLUTE
    ..\..\Libraries\STM32F4xx_StdPeriph_Driver\src\stm32f4xx_adc.c 0x00000000   Number         0  stm32f4xx_adc.o ABSOLUTE
    ..\..\Libraries\STM32F4xx_StdPeriph_Driver\src\stm32f4xx_can.c 0x00000000   Number         0  stm32f4xx_can.o ABSOLUTE
    ..\..\Libraries\STM32F4xx_StdPeriph_Driver\src\stm32f4xx_cec.c 0x00000000   Number         0  stm32f4xx_cec.o ABSOLUTE
    ..\..\Libraries\STM32F4xx_StdPeriph_Driver\src\stm32f4xx_crc.c 0x00000000   Number         0  stm32f4xx_crc.o ABSOLUTE
    ..\..\Libraries\STM32F4xx_StdPeriph_Driver\src\stm32f4xx_cryp.c 0x00000000   Number         0  stm32f4xx_cryp.o ABSOLUTE
    ..\..\Libraries\STM32F4xx_StdPeriph_Driver\src\stm32f4xx_cryp_aes.c 0x00000000   Number         0  stm32f4xx_cryp_aes.o ABSOLUTE
    ..\..\Libraries\STM32F4xx_StdPeriph_Driver\src\stm32f4xx_cryp_des.c 0x00000000   Number         0  stm32f4xx_cryp_des.o ABSOLUTE
    ..\..\Libraries\STM32F4xx_StdPeriph_Driver\src\stm32f4xx_cryp_tdes.c 0x00000000   Number         0  stm32f4xx_cryp_tdes.o ABSOLUTE
    ..\..\Libraries\STM32F4xx_StdPeriph_Driver\src\stm32f4xx_dac.c 0x00000000   Number         0  stm32f4xx_dac.o ABSOLUTE
    ..\..\Libraries\STM32F4xx_StdPeriph_Driver\src\stm32f4xx_dbgmcu.c 0x00000000   Number         0  stm32f4xx_dbgmcu.o ABSOLUTE
    ..\..\Libraries\STM32F4xx_StdPeriph_Driver\src\stm32f4xx_dcmi.c 0x00000000   Number         0  stm32f4xx_dcmi.o ABSOLUTE
    ..\..\Libraries\STM32F4xx_StdPeriph_Driver\src\stm32f4xx_dfsdm.c 0x00000000   Number         0  stm32f4xx_dfsdm.o ABSOLUTE
    ..\..\Libraries\STM32F4xx_StdPeriph_Driver\src\stm32f4xx_dma.c 0x00000000   Number         0  stm32f4xx_dma.o ABSOLUTE
    ..\..\Libraries\STM32F4xx_StdPeriph_Driver\src\stm32f4xx_dsi.c 0x00000000   Number         0  stm32f4xx_dsi.o ABSOLUTE
    ..\..\Libraries\STM32F4xx_StdPeriph_Driver\src\stm32f4xx_exti.c 0x00000000   Number         0  stm32f4xx_exti.o ABSOLUTE
    ..\..\Libraries\STM32F4xx_StdPeriph_Driver\src\stm32f4xx_flash.c 0x00000000   Number         0  stm32f4xx_flash.o ABSOLUTE
    ..\..\Libraries\STM32F4xx_StdPeriph_Driver\src\stm32f4xx_flash_ramfunc.c 0x00000000   Number         0  stm32f4xx_flash_ramfunc.o ABSOLUTE
    ..\..\Libraries\STM32F4xx_StdPeriph_Driver\src\stm32f4xx_fmpi2c.c 0x00000000   Number         0  stm32f4xx_fmpi2c.o ABSOLUTE
    ..\..\Libraries\STM32F4xx_StdPeriph_Driver\src\stm32f4xx_gpio.c 0x00000000   Number         0  stm32f4xx_gpio.o ABSOLUTE
    ..\..\Libraries\STM32F4xx_StdPeriph_Driver\src\stm32f4xx_hash.c 0x00000000   Number         0  stm32f4xx_hash.o ABSOLUTE
    ..\..\Libraries\STM32F4xx_StdPeriph_Driver\src\stm32f4xx_hash_md5.c 0x00000000   Number         0  stm32f4xx_hash_md5.o ABSOLUTE
    ..\..\Libraries\STM32F4xx_StdPeriph_Driver\src\stm32f4xx_hash_sha1.c 0x00000000   Number         0  stm32f4xx_hash_sha1.o ABSOLUTE
    ..\..\Libraries\STM32F4xx_StdPeriph_Driver\src\stm32f4xx_i2c.c 0x00000000   Number         0  stm32f4xx_i2c.o ABSOLUTE
    ..\..\Libraries\STM32F4xx_StdPeriph_Driver\src\stm32f4xx_iwdg.c 0x00000000   Number         0  stm32f4xx_iwdg.o ABSOLUTE
    ..\..\Libraries\STM32F4xx_StdPeriph_Driver\src\stm32f4xx_lptim.c 0x00000000   Number         0  stm32f4xx_lptim.o ABSOLUTE
    ..\..\Libraries\STM32F4xx_StdPeriph_Driver\src\stm32f4xx_pwr.c 0x00000000   Number         0  stm32f4xx_pwr.o ABSOLUTE
    ..\..\Libraries\STM32F4xx_StdPeriph_Driver\src\stm32f4xx_qspi.c 0x00000000   Number         0  stm32f4xx_qspi.o ABSOLUTE
    ..\..\Libraries\STM32F4xx_StdPeriph_Driver\src\stm32f4xx_rcc.c 0x00000000   Number         0  stm32f4xx_rcc.o ABSOLUTE
    ..\..\Libraries\STM32F4xx_StdPeriph_Driver\src\stm32f4xx_rng.c 0x00000000   Number         0  stm32f4xx_rng.o ABSOLUTE
    ..\..\Libraries\STM32F4xx_StdPeriph_Driver\src\stm32f4xx_rtc.c 0x00000000   Number         0  stm32f4xx_rtc.o ABSOLUTE
    ..\..\Libraries\STM32F4xx_StdPeriph_Driver\src\stm32f4xx_sai.c 0x00000000   Number         0  stm32f4xx_sai.o ABSOLUTE
    ..\..\Libraries\STM32F4xx_StdPeriph_Driver\src\stm32f4xx_sdio.c 0x00000000   Number         0  stm32f4xx_sdio.o ABSOLUTE
    ..\..\Libraries\STM32F4xx_StdPeriph_Driver\src\stm32f4xx_spdifrx.c 0x00000000   Number         0  stm32f4xx_spdifrx.o ABSOLUTE
    ..\..\Libraries\STM32F4xx_StdPeriph_Driver\src\stm32f4xx_spi.c 0x00000000   Number         0  stm32f4xx_spi.o ABSOLUTE
    ..\..\Libraries\STM32F4xx_StdPeriph_Driver\src\stm32f4xx_syscfg.c 0x00000000   Number         0  stm32f4xx_syscfg.o ABSOLUTE
    ..\..\Libraries\STM32F4xx_StdPeriph_Driver\src\stm32f4xx_tim.c 0x00000000   Number         0  stm32f4xx_tim.o ABSOLUTE
    ..\..\Libraries\STM32F4xx_StdPeriph_Driver\src\stm32f4xx_usart.c 0x00000000   Number         0  stm32f4xx_usart.o ABSOLUTE
    ..\..\Libraries\STM32F4xx_StdPeriph_Driver\src\stm32f4xx_wwdg.c 0x00000000   Number         0  stm32f4xx_wwdg.o ABSOLUTE
    ..\..\User\UserMath.c                    0x00000000   Number         0  usermath.o ABSOLUTE
    ..\..\User\main.c                        0x00000000   Number         0  main.o ABSOLUTE
    ..\..\User\stm32f4xx_it.c                0x00000000   Number         0  stm32f4xx_it.o ABSOLUTE
    ..\..\User\user_code.c                   0x00000000   Number         0  user_code.o ABSOLUTE
    ..\\..\\Apps\\DevicesMonitor.c           0x00000000   Number         0  devicesmonitor.o ABSOLUTE
    ..\\..\\Apps\\Filter.c                   0x00000000   Number         0  filter.o ABSOLUTE
    ..\\..\\Apps\\PID.c                      0x00000000   Number         0  pid.o ABSOLUTE
    ..\\..\\Apps\\Shoot.c                    0x00000000   Number         0  shoot.o ABSOLUTE
    ..\\..\\BSP\\CAN.c                       0x00000000   Number         0  can.o ABSOLUTE
    ..\\..\\BSP\\KEY.c                       0x00000000   Number         0  key.o ABSOLUTE
    ..\\..\\BSP\\LED.c                       0x00000000   Number         0  led.o ABSOLUTE
    ..\\..\\BSP\\NVIC.c                      0x00000000   Number         0  nvic.o ABSOLUTE
    ..\\..\\BSP\\TIM.c                       0x00000000   Number         0  tim.o ABSOLUTE
    ..\\..\\BSP\\USART.c                     0x00000000   Number         0  usart.o ABSOLUTE
    ..\\..\\BSP\\delay.c                     0x00000000   Number         0  delay.o ABSOLUTE
    ..\\..\\Devices\\ANO.c                   0x00000000   Number         0  ano.o ABSOLUTE
    ..\\..\\Devices\\DR16_Receiver.c         0x00000000   Number         0  dr16_receiver.o ABSOLUTE
    ..\\..\\Devices\\M2006_Motor.c           0x00000000   Number         0  m2006_motor.o ABSOLUTE
    ..\\..\\Libraries\\CMSIS\\Device\\ST\\STM32F4xx\\Source\\Templates\\system_stm32f4xx.c 0x00000000   Number         0  system_stm32f4xx.o ABSOLUTE
    ..\\..\\Libraries\\STM32F4xx_StdPeriph_Driver\\src\\misc.c 0x00000000   Number         0  misc.o ABSOLUTE
    ..\\..\\Libraries\\STM32F4xx_StdPeriph_Driver\\src\\stm32f4xx_adc.c 0x00000000   Number         0  stm32f4xx_adc.o ABSOLUTE
    ..\\..\\Libraries\\STM32F4xx_StdPeriph_Driver\\src\\stm32f4xx_can.c 0x00000000   Number         0  stm32f4xx_can.o ABSOLUTE
    ..\\..\\Libraries\\STM32F4xx_StdPeriph_Driver\\src\\stm32f4xx_cec.c 0x00000000   Number         0  stm32f4xx_cec.o ABSOLUTE
    ..\\..\\Libraries\\STM32F4xx_StdPeriph_Driver\\src\\stm32f4xx_crc.c 0x00000000   Number         0  stm32f4xx_crc.o ABSOLUTE
    ..\\..\\Libraries\\STM32F4xx_StdPeriph_Driver\\src\\stm32f4xx_cryp.c 0x00000000   Number         0  stm32f4xx_cryp.o ABSOLUTE
    ..\\..\\Libraries\\STM32F4xx_StdPeriph_Driver\\src\\stm32f4xx_cryp_aes.c 0x00000000   Number         0  stm32f4xx_cryp_aes.o ABSOLUTE
    ..\\..\\Libraries\\STM32F4xx_StdPeriph_Driver\\src\\stm32f4xx_cryp_des.c 0x00000000   Number         0  stm32f4xx_cryp_des.o ABSOLUTE
    ..\\..\\Libraries\\STM32F4xx_StdPeriph_Driver\\src\\stm32f4xx_cryp_tdes.c 0x00000000   Number         0  stm32f4xx_cryp_tdes.o ABSOLUTE
    ..\\..\\Libraries\\STM32F4xx_StdPeriph_Driver\\src\\stm32f4xx_dac.c 0x00000000   Number         0  stm32f4xx_dac.o ABSOLUTE
    ..\\..\\Libraries\\STM32F4xx_StdPeriph_Driver\\src\\stm32f4xx_dbgmcu.c 0x00000000   Number         0  stm32f4xx_dbgmcu.o ABSOLUTE
    ..\\..\\Libraries\\STM32F4xx_StdPeriph_Driver\\src\\stm32f4xx_dcmi.c 0x00000000   Number         0  stm32f4xx_dcmi.o ABSOLUTE
    ..\\..\\Libraries\\STM32F4xx_StdPeriph_Driver\\src\\stm32f4xx_dfsdm.c 0x00000000   Number         0  stm32f4xx_dfsdm.o ABSOLUTE
    ..\\..\\Libraries\\STM32F4xx_StdPeriph_Driver\\src\\stm32f4xx_dma.c 0x00000000   Number         0  stm32f4xx_dma.o ABSOLUTE
    ..\\..\\Libraries\\STM32F4xx_StdPeriph_Driver\\src\\stm32f4xx_dsi.c 0x00000000   Number         0  stm32f4xx_dsi.o ABSOLUTE
    ..\\..\\Libraries\\STM32F4xx_StdPeriph_Driver\\src\\stm32f4xx_exti.c 0x00000000   Number         0  stm32f4xx_exti.o ABSOLUTE
    ..\\..\\Libraries\\STM32F4xx_StdPeriph_Driver\\src\\stm32f4xx_flash.c 0x00000000   Number         0  stm32f4xx_flash.o ABSOLUTE
    ..\\..\\Libraries\\STM32F4xx_StdPeriph_Driver\\src\\stm32f4xx_flash_ramfunc.c 0x00000000   Number         0  stm32f4xx_flash_ramfunc.o ABSOLUTE
    ..\\..\\Libraries\\STM32F4xx_StdPeriph_Driver\\src\\stm32f4xx_fmpi2c.c 0x00000000   Number         0  stm32f4xx_fmpi2c.o ABSOLUTE
    ..\\..\\Libraries\\STM32F4xx_StdPeriph_Driver\\src\\stm32f4xx_gpio.c 0x00000000   Number         0  stm32f4xx_gpio.o ABSOLUTE
    ..\\..\\Libraries\\STM32F4xx_StdPeriph_Driver\\src\\stm32f4xx_hash.c 0x00000000   Number         0  stm32f4xx_hash.o ABSOLUTE
    ..\\..\\Libraries\\STM32F4xx_StdPeriph_Driver\\src\\stm32f4xx_hash_md5.c 0x00000000   Number         0  stm32f4xx_hash_md5.o ABSOLUTE
    ..\\..\\Libraries\\STM32F4xx_StdPeriph_Driver\\src\\stm32f4xx_hash_sha1.c 0x00000000   Number         0  stm32f4xx_hash_sha1.o ABSOLUTE
    ..\\..\\Libraries\\STM32F4xx_StdPeriph_Driver\\src\\stm32f4xx_i2c.c 0x00000000   Number         0  stm32f4xx_i2c.o ABSOLUTE
    ..\\..\\Libraries\\STM32F4xx_StdPeriph_Driver\\src\\stm32f4xx_iwdg.c 0x00000000   Number         0  stm32f4xx_iwdg.o ABSOLUTE
    ..\\..\\Libraries\\STM32F4xx_StdPeriph_Driver\\src\\stm32f4xx_lptim.c 0x00000000   Number         0  stm32f4xx_lptim.o ABSOLUTE
    ..\\..\\Libraries\\STM32F4xx_StdPeriph_Driver\\src\\stm32f4xx_pwr.c 0x00000000   Number         0  stm32f4xx_pwr.o ABSOLUTE
    ..\\..\\Libraries\\STM32F4xx_StdPeriph_Driver\\src\\stm32f4xx_qspi.c 0x00000000   Number         0  stm32f4xx_qspi.o ABSOLUTE
    ..\\..\\Libraries\\STM32F4xx_StdPeriph_Driver\\src\\stm32f4xx_rcc.c 0x00000000   Number         0  stm32f4xx_rcc.o ABSOLUTE
    ..\\..\\Libraries\\STM32F4xx_StdPeriph_Driver\\src\\stm32f4xx_rng.c 0x00000000   Number         0  stm32f4xx_rng.o ABSOLUTE
    ..\\..\\Libraries\\STM32F4xx_StdPeriph_Driver\\src\\stm32f4xx_rtc.c 0x00000000   Number         0  stm32f4xx_rtc.o ABSOLUTE
    ..\\..\\Libraries\\STM32F4xx_StdPeriph_Driver\\src\\stm32f4xx_sai.c 0x00000000   Number         0  stm32f4xx_sai.o ABSOLUTE
    ..\\..\\Libraries\\STM32F4xx_StdPeriph_Driver\\src\\stm32f4xx_sdio.c 0x00000000   Number         0  stm32f4xx_sdio.o ABSOLUTE
    ..\\..\\Libraries\\STM32F4xx_StdPeriph_Driver\\src\\stm32f4xx_spdifrx.c 0x00000000   Number         0  stm32f4xx_spdifrx.o ABSOLUTE
    ..\\..\\Libraries\\STM32F4xx_StdPeriph_Driver\\src\\stm32f4xx_spi.c 0x00000000   Number         0  stm32f4xx_spi.o ABSOLUTE
    ..\\..\\Libraries\\STM32F4xx_StdPeriph_Driver\\src\\stm32f4xx_syscfg.c 0x00000000   Number         0  stm32f4xx_syscfg.o ABSOLUTE
    ..\\..\\Libraries\\STM32F4xx_StdPeriph_Driver\\src\\stm32f4xx_tim.c 0x00000000   Number         0  stm32f4xx_tim.o ABSOLUTE
    ..\\..\\Libraries\\STM32F4xx_StdPeriph_Driver\\src\\stm32f4xx_usart.c 0x00000000   Number         0  stm32f4xx_usart.o ABSOLUTE
    ..\\..\\Libraries\\STM32F4xx_StdPeriph_Driver\\src\\stm32f4xx_wwdg.c 0x00000000   Number         0  stm32f4xx_wwdg.o ABSOLUTE
    ..\\..\\User\\main.c                     0x00000000   Number         0  main.o ABSOLUTE
    ..\\..\\User\\stm32f4xx_it.c             0x00000000   Number         0  stm32f4xx_it.o ABSOLUTE
    ..\\..\\User\\user_code.c                0x00000000   Number         0  user_code.o ABSOLUTE
    dc.s                                     0x00000000   Number         0  dc.o ABSOLUTE
    handlers.s                               0x00000000   Number         0  handlers.o ABSOLUTE
    init.s                                   0x00000000   Number         0  init.o ABSOLUTE
    RESET                                    0x08000000   Section      428  startup_stm32f427_437xx.o(RESET)
    .ARM.Collect$$$$00000000                 0x080001ac   Section        0  entry.o(.ARM.Collect$$$$00000000)
    .ARM.Collect$$$$00000001                 0x080001ac   Section        4  entry2.o(.ARM.Collect$$$$00000001)
    .ARM.Collect$$$$00000004                 0x080001b0   Section        4  entry5.o(.ARM.Collect$$$$00000004)
    .ARM.Collect$$$$00000008                 0x080001b4   Section        0  entry7b.o(.ARM.Collect$$$$00000008)
    .ARM.Collect$$$$0000000A                 0x080001b4   Section        0  entry8b.o(.ARM.Collect$$$$0000000A)
    .ARM.Collect$$$$0000000B                 0x080001b4   Section        8  entry9a.o(.ARM.Collect$$$$0000000B)
    .ARM.Collect$$$$0000000D                 0x080001bc   Section        0  entry10a.o(.ARM.Collect$$$$0000000D)
    .ARM.Collect$$$$0000000F                 0x080001bc   Section        0  entry11a.o(.ARM.Collect$$$$0000000F)
    .ARM.Collect$$$$00002712                 0x080001bc   Section        4  entry2.o(.ARM.Collect$$$$00002712)
    __lit__00000000                          0x080001bc   Data           4  entry2.o(.ARM.Collect$$$$00002712)
    .text                                    0x080001c0   Section       36  startup_stm32f427_437xx.o(.text)
    $v0                                      0x080001c0   Number         0  startup_stm32f427_437xx.o(.text)
    .text                                    0x080001e4   Section        0  f2d.o(.text)
    .text                                    0x0800020a   Section        0  d2f.o(.text)
    .text                                    0x08000242   Section        0  fepilogue.o(.text)
    .text                                    0x08000242   Section        0  iusefp.o(.text)
    .text                                    0x080002b0   Section        0  dadd.o(.text)
    .text                                    0x080003fe   Section        0  ddiv.o(.text)
    .text                                    0x080004dc   Section       36  init.o(.text)
    .text                                    0x08000500   Section        0  llshl.o(.text)
    .text                                    0x0800051e   Section        0  llsshr.o(.text)
    .text                                    0x08000542   Section        0  depilogue.o(.text)
    .text                                    0x080005fc   Section        0  dmul.o(.text)
    .text                                    0x080006e0   Section        0  llushr.o(.text)
    i.ANO_Send_Data_V3                       0x08000700   Section        0  ano.o(i.ANO_Send_Data_V3)
    i.BusFault_Handler                       0x080007cc   Section        0  stm32f4xx_it.o(i.BusFault_Handler)
    i.CAN1_QuickInit                         0x080007d0   Section        0  can.o(i.CAN1_QuickInit)
    i.CAN1_RX0_IRQHandler                    0x080008b8   Section        0  stm32f4xx_it.o(i.CAN1_RX0_IRQHandler)
    i.CAN_ClearITPendingBit                  0x080008f0   Section        0  stm32f4xx_can.o(i.CAN_ClearITPendingBit)
    i.CAN_FilterInit                         0x08000998   Section        0  stm32f4xx_can.o(i.CAN_FilterInit)
    i.CAN_GetITStatus                        0x08000aa0   Section        0  stm32f4xx_can.o(i.CAN_GetITStatus)
    i.CAN_ITConfig                           0x08000bc0   Section        0  stm32f4xx_can.o(i.CAN_ITConfig)
    i.CAN_Init                               0x08000bd2   Section        0  stm32f4xx_can.o(i.CAN_Init)
    i.CAN_Receive                            0x08000ce6   Section        0  stm32f4xx_can.o(i.CAN_Receive)
    i.CAN_SendData                           0x08000dd6   Section        0  can.o(i.CAN_SendData)
    i.CAN_Transmit                           0x08000e1a   Section        0  stm32f4xx_can.o(i.CAN_Transmit)
    i.CheckITStatus                          0x08000f40   Section        0  stm32f4xx_can.o(i.CheckITStatus)
    CheckITStatus                            0x08000f41   Thumb Code    18  stm32f4xx_can.o(i.CheckITStatus)
    i.DMA_Cmd                                0x08000f52   Section        0  stm32f4xx_dma.o(i.DMA_Cmd)
    i.DMA_DeInit                             0x08000f68   Section        0  stm32f4xx_dma.o(i.DMA_DeInit)
    i.DMA_GetCmdStatus                       0x080010c0   Section        0  stm32f4xx_dma.o(i.DMA_GetCmdStatus)
    i.DMA_GetCurrDataCounter                 0x080010d4   Section        0  stm32f4xx_dma.o(i.DMA_GetCurrDataCounter)
    i.DMA_Init                               0x080010dc   Section        0  stm32f4xx_dma.o(i.DMA_Init)
    i.DMA_SetCurrDataCounter                 0x08001134   Section        0  stm32f4xx_dma.o(i.DMA_SetCurrDataCounter)
    i.DR16_dataProcess                       0x08001138   Section        0  dr16_receiver.o(i.DR16_dataProcess)
    i.DR16_receiverInit                      0x080012f8   Section        0  dr16_receiver.o(i.DR16_receiverInit)
    i.DebugMon_Handler                       0x08001314   Section        0  stm32f4xx_it.o(i.DebugMon_Handler)
    i.GPIO_Init                              0x08001316   Section        0  stm32f4xx_gpio.o(i.GPIO_Init)
    i.GPIO_PinAFConfig                       0x080013a6   Section        0  stm32f4xx_gpio.o(i.GPIO_PinAFConfig)
    i.GPIO_ResetBits                         0x080013ec   Section        0  stm32f4xx_gpio.o(i.GPIO_ResetBits)
    i.HardFault_Handler                      0x080013f0   Section        0  stm32f4xx_it.o(i.HardFault_Handler)
    i.Init                                   0x080013f4   Section        0  user_code.o(i.Init)
    i.KEY_GPIO_Config                        0x08001428   Section        0  key.o(i.KEY_GPIO_Config)
    i.LED_GPIO_Config                        0x08001458   Section        0  led.o(i.LED_GPIO_Config)
    i.LargefricMotor_setSpeed                0x08001494   Section        0  shoot.o(i.LargefricMotor_setSpeed)
    i.Largeshoot_processing                  0x080014d8   Section        0  shoot.o(i.Largeshoot_processing)
    i.M2006_getInfo                          0x0800170c   Section        0  m2006_motor.o(i.M2006_getInfo)
    i.M2006_setCurrent                       0x08001844   Section        0  m2006_motor.o(i.M2006_setCurrent)
    i.MemManage_Handler                      0x08001898   Section        0  stm32f4xx_it.o(i.MemManage_Handler)
    i.NMI_Handler                            0x0800189c   Section        0  stm32f4xx_it.o(i.NMI_Handler)
    i.NVIC_Config                            0x0800189e   Section        0  nvic.o(i.NVIC_Config)
    i.NVIC_Init                              0x080018c8   Section        0  misc.o(i.NVIC_Init)
    i.PendSV_Handler                         0x08001940   Section        0  stm32f4xx_it.o(i.PendSV_Handler)
    i.PositionPID_paraReset                  0x08001944   Section        0  pid.o(i.PositionPID_paraReset)
    i.Position_PID                           0x0800198c   Section        0  pid.o(i.Position_PID)
    i.RCC_AHB1PeriphClockCmd                 0x08001a50   Section        0  stm32f4xx_rcc.o(i.RCC_AHB1PeriphClockCmd)
    i.RCC_APB1PeriphClockCmd                 0x08001a70   Section        0  stm32f4xx_rcc.o(i.RCC_APB1PeriphClockCmd)
    i.RCC_APB2PeriphClockCmd                 0x08001a90   Section        0  stm32f4xx_rcc.o(i.RCC_APB2PeriphClockCmd)
    i.RCC_GetClocksFreq                      0x08001ab0   Section        0  stm32f4xx_rcc.o(i.RCC_GetClocksFreq)
    i.Rocker_getData                         0x08001b98   Section        0  dr16_receiver.o(i.Rocker_getData)
    i.SVC_Handler                            0x08001c00   Section        0  stm32f4xx_it.o(i.SVC_Handler)
    i.SetSysClock                            0x08001c04   Section        0  system_stm32f4xx.o(i.SetSysClock)
    SetSysClock                              0x08001c05   Thumb Code   272  system_stm32f4xx.o(i.SetSysClock)
    i.Shoot_Init                             0x08001d24   Section        0  shoot.o(i.Shoot_Init)
    i.SmallfricMotor_setSpeed                0x08001dcc   Section        0  shoot.o(i.SmallfricMotor_setSpeed)
    i.SmallfricMotor_setSpeed2               0x08001e10   Section        0  shoot.o(i.SmallfricMotor_setSpeed2)
    i.Smallshoot_processing                  0x08001e84   Section        0  shoot.o(i.Smallshoot_processing)
    i.SysTick_Config                         0x080020a8   Section        0  delay.o(i.SysTick_Config)
    SysTick_Config                           0x080020a9   Thumb Code    74  delay.o(i.SysTick_Config)
    i.SysTick_Handler                        0x080020fc   Section        0  stm32f4xx_it.o(i.SysTick_Handler)
    i.SystemInit                             0x08002100   Section        0  system_stm32f4xx.o(i.SystemInit)
    i.TIM12_GPIOInit                         0x08002168   Section        0  tim.o(i.TIM12_GPIOInit)
    TIM12_GPIOInit                           0x08002169   Thumb Code    80  tim.o(i.TIM12_GPIOInit)
    i.TIM12_PWMOutput                        0x080021bc   Section        0  tim.o(i.TIM12_PWMOutput)
    i.TIM4_GPIOInit                          0x08002230   Section        0  tim.o(i.TIM4_GPIOInit)
    TIM4_GPIOInit                            0x08002231   Thumb Code    82  tim.o(i.TIM4_GPIOInit)
    i.TIM4_PWMOutput                         0x08002288   Section        0  tim.o(i.TIM4_PWMOutput)
    i.TIM6_CounterMode                       0x080022fc   Section        0  tim.o(i.TIM6_CounterMode)
    i.TIM6_DAC_IRQHandler                    0x0800234c   Section        0  stm32f4xx_it.o(i.TIM6_DAC_IRQHandler)
    i.TIM_ARRPreloadConfig                   0x08002450   Section        0  stm32f4xx_tim.o(i.TIM_ARRPreloadConfig)
    i.TIM_ClearITPendingBit                  0x08002468   Section        0  stm32f4xx_tim.o(i.TIM_ClearITPendingBit)
    i.TIM_Cmd                                0x0800246e   Section        0  stm32f4xx_tim.o(i.TIM_Cmd)
    i.TIM_GetITStatus                        0x08002486   Section        0  stm32f4xx_tim.o(i.TIM_GetITStatus)
    i.TIM_ITConfig                           0x080024a8   Section        0  stm32f4xx_tim.o(i.TIM_ITConfig)
    i.TIM_OC1Init                            0x080024bc   Section        0  stm32f4xx_tim.o(i.TIM_OC1Init)
    i.TIM_OC2Init                            0x08002538   Section        0  stm32f4xx_tim.o(i.TIM_OC2Init)
    i.TIM_SetCompare1                        0x080025dc   Section        0  stm32f4xx_tim.o(i.TIM_SetCompare1)
    i.TIM_SetCompare2                        0x080025e0   Section        0  stm32f4xx_tim.o(i.TIM_SetCompare2)
    i.TIM_TimeBaseInit                       0x080025e4   Section        0  stm32f4xx_tim.o(i.TIM_TimeBaseInit)
    i.Test                                   0x08002668   Section        0  user_code.o(i.Test)
    i.USART1_IRQHandler                      0x080026a0   Section        0  stm32f4xx_it.o(i.USART1_IRQHandler)
    i.USART1_QuickInit                       0x080026ec   Section        0  usart.o(i.USART1_QuickInit)
    i.USART1_RXDMA_Config                    0x08002790   Section        0  usart.o(i.USART1_RXDMA_Config)
    i.USART6_QuickInit                       0x0800281c   Section        0  usart.o(i.USART6_QuickInit)
    i.USART_Cmd                              0x080028c4   Section        0  stm32f4xx_usart.o(i.USART_Cmd)
    i.USART_DMACmd                           0x080028dc   Section        0  stm32f4xx_usart.o(i.USART_DMACmd)
    i.USART_GetFlagStatus                    0x080028ee   Section        0  stm32f4xx_usart.o(i.USART_GetFlagStatus)
    i.USART_GetITStatus                      0x08002908   Section        0  stm32f4xx_usart.o(i.USART_GetITStatus)
    i.USART_ITConfig                         0x0800295c   Section        0  stm32f4xx_usart.o(i.USART_ITConfig)
    i.USART_Init                             0x080029a8   Section        0  stm32f4xx_usart.o(i.USART_Init)
    i.USART_SendData                         0x08002a7c   Section        0  stm32f4xx_usart.o(i.USART_SendData)
    i.USART_sendChar                         0x08002a84   Section        0  usart.o(i.USART_sendChar)
    i.UsageFault_Handler                     0x08002aa2   Section        0  stm32f4xx_it.o(i.UsageFault_Handler)
    i.__ARM_fpclassify                       0x08002aa6   Section        0  fpclassify.o(i.__ARM_fpclassify)
    i.__hardfp_atan                          0x08002ad8   Section        0  atan.o(i.__hardfp_atan)
    i.__hardfp_atan2                         0x08002db0   Section        0  atan2.o(i.__hardfp_atan2)
    i.__kernel_poly                          0x08002fa0   Section        0  poly.o(i.__kernel_poly)
    i.__mathlib_dbl_infnan                   0x08003098   Section        0  dunder.o(i.__mathlib_dbl_infnan)
    i.__mathlib_dbl_infnan2                  0x080030ac   Section        0  dunder.o(i.__mathlib_dbl_infnan2)
    i.__mathlib_dbl_underflow                0x080030c0   Section        0  dunder.o(i.__mathlib_dbl_underflow)
    i.__scatterload_copy                     0x080030e0   Section       14  handlers.o(i.__scatterload_copy)
    i.__scatterload_null                     0x080030ee   Section        2  handlers.o(i.__scatterload_null)
    i.__scatterload_zeroinit                 0x080030f0   Section       14  handlers.o(i.__scatterload_zeroinit)
    i.abs_limit                              0x080030fe   Section        0  pid.o(i.abs_limit)
    i.atan                                   0x0800312c   Section        0  atan.o(i.atan)
    i.delay_ms                               0x0800313c   Section        0  delay.o(i.delay_ms)
    i.fabs                                   0x08003184   Section        0  fabs.o(i.fabs)
    i.fric_Control                           0x0800319c   Section        0  shoot.o(i.fric_Control)
    i.main                                   0x08003264   Section        0  main.o(i.main)
    .constdata                               0x08003278   Section      152  atan.o(.constdata)
    atanhi                                   0x08003278   Data          32  atan.o(.constdata)
    atanlo                                   0x08003298   Data          32  atan.o(.constdata)
    aTodd                                    0x080032b8   Data          40  atan.o(.constdata)
    aTeven                                   0x080032e0   Data          48  atan.o(.constdata)
    .constdata                               0x08003310   Section        8  qnan.o(.constdata)
    .data                                    0x20000000   Section        4  pid.o(.data)
    .data                                    0x20000004   Section       48  shoot.o(.data)
    noral_speed1                             0x20000028   Data           4  shoot.o(.data)
    noral_speed2                             0x2000002c   Data           4  shoot.o(.data)
    SmallBulletCount                         0x20000030   Data           2  shoot.o(.data)
    LargeBulletCount                         0x20000032   Data           2  shoot.o(.data)
    .data                                    0x20000034   Section        2  dr16_receiver.o(.data)
    .data                                    0x20000036   Section       16  stm32f4xx_rcc.o(.data)
    APBAHBPrescTable                         0x20000036   Data          16  stm32f4xx_rcc.o(.data)
    .data                                    0x20000048   Section       20  system_stm32f4xx.o(.data)
    .bss                                     0x2000005c   Section      104  dr16_receiver.o(.bss)
    .bss                                     0x200000c4   Section      372  m2006_motor.o(.bss)
    .bss                                     0x20000238   Section       15  ano.o(.bss)
    STACK                                    0x20000248   Section     1024  startup_stm32f427_437xx.o(STACK)

    Global Symbols

    Symbol Name                              Value     Ov Type        Size  Object(Section)

    BuildAttributes$$THM_ISAv4$E$P$D$K$B$S$7EM$VFPi3$EXTD16$VFPS$VFMA$PE$A:L22UL41UL21$X:L11$S22US41US21$IEEE1$IW$USESV6$~STKCKD$USESV7$~SHL$OTIME$ROPI$IEEEX$EBA8$MICROLIB$REQ8$PRES8$EABIv2 0x00000000   Number         0  anon$$obj.o ABSOLUTE
    __ARM_use_no_argv                        0x00000000   Number         0  main.o ABSOLUTE
    __cpp_initialize__aeabi_                  - Undefined Weak Reference
    __cxa_finalize                            - Undefined Weak Reference
    __decompress                              - Undefined Weak Reference
    _clock_init                               - Undefined Weak Reference
    _microlib_exit                            - Undefined Weak Reference
    __Vectors_Size                           0x000001ac   Number         0  startup_stm32f427_437xx.o ABSOLUTE
    __Vectors                                0x08000000   Data           4  startup_stm32f427_437xx.o(RESET)
    __Vectors_End                            0x080001ac   Data           0  startup_stm32f427_437xx.o(RESET)
    __main                                   0x080001ad   Thumb Code     0  entry.o(.ARM.Collect$$$$00000000)
    _main_stk                                0x080001ad   Thumb Code     0  entry2.o(.ARM.Collect$$$$00000001)
    _main_scatterload                        0x080001b1   Thumb Code     0  entry5.o(.ARM.Collect$$$$00000004)
    __main_after_scatterload                 0x080001b5   Thumb Code     0  entry5.o(.ARM.Collect$$$$00000004)
    _main_clock                              0x080001b5   Thumb Code     0  entry7b.o(.ARM.Collect$$$$00000008)
    _main_cpp_init                           0x080001b5   Thumb Code     0  entry8b.o(.ARM.Collect$$$$0000000A)
    _main_init                               0x080001b5   Thumb Code     0  entry9a.o(.ARM.Collect$$$$0000000B)
    __rt_final_cpp                           0x080001bd   Thumb Code     0  entry10a.o(.ARM.Collect$$$$0000000D)
    __rt_final_exit                          0x080001bd   Thumb Code     0  entry11a.o(.ARM.Collect$$$$0000000F)
    Reset_Handler                            0x080001c1   Thumb Code     8  startup_stm32f427_437xx.o(.text)
    ADC_IRQHandler                           0x080001db   Thumb Code     0  startup_stm32f427_437xx.o(.text)
    CAN1_RX1_IRQHandler                      0x080001db   Thumb Code     0  startup_stm32f427_437xx.o(.text)
    CAN1_SCE_IRQHandler                      0x080001db   Thumb Code     0  startup_stm32f427_437xx.o(.text)
    CAN1_TX_IRQHandler                       0x080001db   Thumb Code     0  startup_stm32f427_437xx.o(.text)
    CAN2_RX0_IRQHandler                      0x080001db   Thumb Code     0  startup_stm32f427_437xx.o(.text)
    CAN2_RX1_IRQHandler                      0x080001db   Thumb Code     0  startup_stm32f427_437xx.o(.text)
    CAN2_SCE_IRQHandler                      0x080001db   Thumb Code     0  startup_stm32f427_437xx.o(.text)
    CAN2_TX_IRQHandler                       0x080001db   Thumb Code     0  startup_stm32f427_437xx.o(.text)
    CRYP_IRQHandler                          0x080001db   Thumb Code     0  startup_stm32f427_437xx.o(.text)
    DCMI_IRQHandler                          0x080001db   Thumb Code     0  startup_stm32f427_437xx.o(.text)
    DMA1_Stream0_IRQHandler                  0x080001db   Thumb Code     0  startup_stm32f427_437xx.o(.text)
    DMA1_Stream1_IRQHandler                  0x080001db   Thumb Code     0  startup_stm32f427_437xx.o(.text)
    DMA1_Stream2_IRQHandler                  0x080001db   Thumb Code     0  startup_stm32f427_437xx.o(.text)
    DMA1_Stream3_IRQHandler                  0x080001db   Thumb Code     0  startup_stm32f427_437xx.o(.text)
    DMA1_Stream4_IRQHandler                  0x080001db   Thumb Code     0  startup_stm32f427_437xx.o(.text)
    DMA1_Stream5_IRQHandler                  0x080001db   Thumb Code     0  startup_stm32f427_437xx.o(.text)
    DMA1_Stream6_IRQHandler                  0x080001db   Thumb Code     0  startup_stm32f427_437xx.o(.text)
    DMA1_Stream7_IRQHandler                  0x080001db   Thumb Code     0  startup_stm32f427_437xx.o(.text)
    DMA2D_IRQHandler                         0x080001db   Thumb Code     0  startup_stm32f427_437xx.o(.text)
    DMA2_Stream0_IRQHandler                  0x080001db   Thumb Code     0  startup_stm32f427_437xx.o(.text)
    DMA2_Stream1_IRQHandler                  0x080001db   Thumb Code     0  startup_stm32f427_437xx.o(.text)
    DMA2_Stream2_IRQHandler                  0x080001db   Thumb Code     0  startup_stm32f427_437xx.o(.text)
    DMA2_Stream3_IRQHandler                  0x080001db   Thumb Code     0  startup_stm32f427_437xx.o(.text)
    DMA2_Stream4_IRQHandler                  0x080001db   Thumb Code     0  startup_stm32f427_437xx.o(.text)
    DMA2_Stream5_IRQHandler                  0x080001db   Thumb Code     0  startup_stm32f427_437xx.o(.text)
    DMA2_Stream6_IRQHandler                  0x080001db   Thumb Code     0  startup_stm32f427_437xx.o(.text)
    DMA2_Stream7_IRQHandler                  0x080001db   Thumb Code     0  startup_stm32f427_437xx.o(.text)
    ETH_IRQHandler                           0x080001db   Thumb Code     0  startup_stm32f427_437xx.o(.text)
    ETH_WKUP_IRQHandler                      0x080001db   Thumb Code     0  startup_stm32f427_437xx.o(.text)
    EXTI0_IRQHandler                         0x080001db   Thumb Code     0  startup_stm32f427_437xx.o(.text)
    EXTI15_10_IRQHandler                     0x080001db   Thumb Code     0  startup_stm32f427_437xx.o(.text)
    EXTI1_IRQHandler                         0x080001db   Thumb Code     0  startup_stm32f427_437xx.o(.text)
    EXTI2_IRQHandler                         0x080001db   Thumb Code     0  startup_stm32f427_437xx.o(.text)
    EXTI3_IRQHandler                         0x080001db   Thumb Code     0  startup_stm32f427_437xx.o(.text)
    EXTI4_IRQHandler                         0x080001db   Thumb Code     0  startup_stm32f427_437xx.o(.text)
    EXTI9_5_IRQHandler                       0x080001db   Thumb Code     0  startup_stm32f427_437xx.o(.text)
    FLASH_IRQHandler                         0x080001db   Thumb Code     0  startup_stm32f427_437xx.o(.text)
    FMC_IRQHandler                           0x080001db   Thumb Code     0  startup_stm32f427_437xx.o(.text)
    FPU_IRQHandler                           0x080001db   Thumb Code     0  startup_stm32f427_437xx.o(.text)
    HASH_RNG_IRQHandler                      0x080001db   Thumb Code     0  startup_stm32f427_437xx.o(.text)
    I2C1_ER_IRQHandler                       0x080001db   Thumb Code     0  startup_stm32f427_437xx.o(.text)
    I2C1_EV_IRQHandler                       0x080001db   Thumb Code     0  startup_stm32f427_437xx.o(.text)
    I2C2_ER_IRQHandler                       0x080001db   Thumb Code     0  startup_stm32f427_437xx.o(.text)
    I2C2_EV_IRQHandler                       0x080001db   Thumb Code     0  startup_stm32f427_437xx.o(.text)
    I2C3_ER_IRQHandler                       0x080001db   Thumb Code     0  startup_stm32f427_437xx.o(.text)
    I2C3_EV_IRQHandler                       0x080001db   Thumb Code     0  startup_stm32f427_437xx.o(.text)
    OTG_FS_IRQHandler                        0x080001db   Thumb Code     0  startup_stm32f427_437xx.o(.text)
    OTG_FS_WKUP_IRQHandler                   0x080001db   Thumb Code     0  startup_stm32f427_437xx.o(.text)
    OTG_HS_EP1_IN_IRQHandler                 0x080001db   Thumb Code     0  startup_stm32f427_437xx.o(.text)
    OTG_HS_EP1_OUT_IRQHandler                0x080001db   Thumb Code     0  startup_stm32f427_437xx.o(.text)
    OTG_HS_IRQHandler                        0x080001db   Thumb Code     0  startup_stm32f427_437xx.o(.text)
    OTG_HS_WKUP_IRQHandler                   0x080001db   Thumb Code     0  startup_stm32f427_437xx.o(.text)
    PVD_IRQHandler                           0x080001db   Thumb Code     0  startup_stm32f427_437xx.o(.text)
    RCC_IRQHandler                           0x080001db   Thumb Code     0  startup_stm32f427_437xx.o(.text)
    RTC_Alarm_IRQHandler                     0x080001db   Thumb Code     0  startup_stm32f427_437xx.o(.text)
    RTC_WKUP_IRQHandler                      0x080001db   Thumb Code     0  startup_stm32f427_437xx.o(.text)
    SAI1_IRQHandler                          0x080001db   Thumb Code     0  startup_stm32f427_437xx.o(.text)
    SDIO_IRQHandler                          0x080001db   Thumb Code     0  startup_stm32f427_437xx.o(.text)
    SPI1_IRQHandler                          0x080001db   Thumb Code     0  startup_stm32f427_437xx.o(.text)
    SPI2_IRQHandler                          0x080001db   Thumb Code     0  startup_stm32f427_437xx.o(.text)
    SPI3_IRQHandler                          0x080001db   Thumb Code     0  startup_stm32f427_437xx.o(.text)
    SPI4_IRQHandler                          0x080001db   Thumb Code     0  startup_stm32f427_437xx.o(.text)
    SPI5_IRQHandler                          0x080001db   Thumb Code     0  startup_stm32f427_437xx.o(.text)
    SPI6_IRQHandler                          0x080001db   Thumb Code     0  startup_stm32f427_437xx.o(.text)
    TAMP_STAMP_IRQHandler                    0x080001db   Thumb Code     0  startup_stm32f427_437xx.o(.text)
    TIM1_BRK_TIM9_IRQHandler                 0x080001db   Thumb Code     0  startup_stm32f427_437xx.o(.text)
    TIM1_CC_IRQHandler                       0x080001db   Thumb Code     0  startup_stm32f427_437xx.o(.text)
    TIM1_TRG_COM_TIM11_IRQHandler            0x080001db   Thumb Code     0  startup_stm32f427_437xx.o(.text)
    TIM1_UP_TIM10_IRQHandler                 0x080001db   Thumb Code     0  startup_stm32f427_437xx.o(.text)
    TIM2_IRQHandler                          0x080001db   Thumb Code     0  startup_stm32f427_437xx.o(.text)
    TIM3_IRQHandler                          0x080001db   Thumb Code     0  startup_stm32f427_437xx.o(.text)
    TIM4_IRQHandler                          0x080001db   Thumb Code     0  startup_stm32f427_437xx.o(.text)
    TIM5_IRQHandler                          0x080001db   Thumb Code     0  startup_stm32f427_437xx.o(.text)
    TIM7_IRQHandler                          0x080001db   Thumb Code     0  startup_stm32f427_437xx.o(.text)
    TIM8_BRK_TIM12_IRQHandler                0x080001db   Thumb Code     0  startup_stm32f427_437xx.o(.text)
    TIM8_CC_IRQHandler                       0x080001db   Thumb Code     0  startup_stm32f427_437xx.o(.text)
    TIM8_TRG_COM_TIM14_IRQHandler            0x080001db   Thumb Code     0  startup_stm32f427_437xx.o(.text)
    TIM8_UP_TIM13_IRQHandler                 0x080001db   Thumb Code     0  startup_stm32f427_437xx.o(.text)
    UART4_IRQHandler                         0x080001db   Thumb Code     0  startup_stm32f427_437xx.o(.text)
    UART5_IRQHandler                         0x080001db   Thumb Code     0  startup_stm32f427_437xx.o(.text)
    UART7_IRQHandler                         0x080001db   Thumb Code     0  startup_stm32f427_437xx.o(.text)
    UART8_IRQHandler                         0x080001db   Thumb Code     0  startup_stm32f427_437xx.o(.text)
    USART2_IRQHandler                        0x080001db   Thumb Code     0  startup_stm32f427_437xx.o(.text)
    USART3_IRQHandler                        0x080001db   Thumb Code     0  startup_stm32f427_437xx.o(.text)
    USART6_IRQHandler                        0x080001db   Thumb Code     0  startup_stm32f427_437xx.o(.text)
    WWDG_IRQHandler                          0x080001db   Thumb Code     0  startup_stm32f427_437xx.o(.text)
    __aeabi_f2d                              0x080001e5   Thumb Code    38  f2d.o(.text)
    __aeabi_d2f                              0x0800020b   Thumb Code    56  d2f.o(.text)
    __I$use$fp                               0x08000243   Thumb Code     0  iusefp.o(.text)
    _float_round                             0x08000243   Thumb Code    18  fepilogue.o(.text)
    _float_epilogue                          0x08000255   Thumb Code    92  fepilogue.o(.text)
    __aeabi_dadd                             0x080002b1   Thumb Code   322  dadd.o(.text)
    __aeabi_dsub                             0x080003f3   Thumb Code     6  dadd.o(.text)
    __aeabi_drsub                            0x080003f9   Thumb Code     6  dadd.o(.text)
    __aeabi_ddiv                             0x080003ff   Thumb Code   222  ddiv.o(.text)
    __scatterload                            0x080004dd   Thumb Code    28  init.o(.text)
    __scatterload_rt2                        0x080004dd   Thumb Code     0  init.o(.text)
    __aeabi_llsl                             0x08000501   Thumb Code    30  llshl.o(.text)
    _ll_shift_l                              0x08000501   Thumb Code     0  llshl.o(.text)
    __aeabi_lasr                             0x0800051f   Thumb Code    36  llsshr.o(.text)
    _ll_sshift_r                             0x0800051f   Thumb Code     0  llsshr.o(.text)
    _double_round                            0x08000543   Thumb Code    30  depilogue.o(.text)
    _double_epilogue                         0x08000561   Thumb Code   156  depilogue.o(.text)
    __aeabi_dmul                             0x080005fd   Thumb Code   228  dmul.o(.text)
    __aeabi_llsr                             0x080006e1   Thumb Code    32  llushr.o(.text)
    _ll_ushift_r                             0x080006e1   Thumb Code     0  llushr.o(.text)
    ANO_Send_Data_V3                         0x08000701   Thumb Code   194  ano.o(i.ANO_Send_Data_V3)
    BusFault_Handler                         0x080007cd   Thumb Code     4  stm32f4xx_it.o(i.BusFault_Handler)
    CAN1_QuickInit                           0x080007d1   Thumb Code   222  can.o(i.CAN1_QuickInit)
    CAN1_RX0_IRQHandler                      0x080008b9   Thumb Code    50  stm32f4xx_it.o(i.CAN1_RX0_IRQHandler)
    CAN_ClearITPendingBit                    0x080008f1   Thumb Code   162  stm32f4xx_can.o(i.CAN_ClearITPendingBit)
    CAN_FilterInit                           0x08000999   Thumb Code   258  stm32f4xx_can.o(i.CAN_FilterInit)
    CAN_GetITStatus                          0x08000aa1   Thumb Code   284  stm32f4xx_can.o(i.CAN_GetITStatus)
    CAN_ITConfig                             0x08000bc1   Thumb Code    18  stm32f4xx_can.o(i.CAN_ITConfig)
    CAN_Init                                 0x08000bd3   Thumb Code   276  stm32f4xx_can.o(i.CAN_Init)
    CAN_Receive                              0x08000ce7   Thumb Code   240  stm32f4xx_can.o(i.CAN_Receive)
    CAN_SendData                             0x08000dd7   Thumb Code    68  can.o(i.CAN_SendData)
    CAN_Transmit                             0x08000e1b   Thumb Code   294  stm32f4xx_can.o(i.CAN_Transmit)
    DMA_Cmd                                  0x08000f53   Thumb Code    22  stm32f4xx_dma.o(i.DMA_Cmd)
    DMA_DeInit                               0x08000f69   Thumb Code   324  stm32f4xx_dma.o(i.DMA_DeInit)
    DMA_GetCmdStatus                         0x080010c1   Thumb Code    20  stm32f4xx_dma.o(i.DMA_GetCmdStatus)
    DMA_GetCurrDataCounter                   0x080010d5   Thumb Code     8  stm32f4xx_dma.o(i.DMA_GetCurrDataCounter)
    DMA_Init                                 0x080010dd   Thumb Code    82  stm32f4xx_dma.o(i.DMA_Init)
    DMA_SetCurrDataCounter                   0x08001135   Thumb Code     4  stm32f4xx_dma.o(i.DMA_SetCurrDataCounter)
    DR16_dataProcess                         0x08001139   Thumb Code   430  dr16_receiver.o(i.DR16_dataProcess)
    DR16_receiverInit                        0x080012f9   Thumb Code    18  dr16_receiver.o(i.DR16_receiverInit)
    DebugMon_Handler                         0x08001315   Thumb Code     2  stm32f4xx_it.o(i.DebugMon_Handler)
    GPIO_Init                                0x08001317   Thumb Code   144  stm32f4xx_gpio.o(i.GPIO_Init)
    GPIO_PinAFConfig                         0x080013a7   Thumb Code    70  stm32f4xx_gpio.o(i.GPIO_PinAFConfig)
    GPIO_ResetBits                           0x080013ed   Thumb Code     4  stm32f4xx_gpio.o(i.GPIO_ResetBits)
    HardFault_Handler                        0x080013f1   Thumb Code     4  stm32f4xx_it.o(i.HardFault_Handler)
    Init                                     0x080013f5   Thumb Code    50  user_code.o(i.Init)
    KEY_GPIO_Config                          0x08001429   Thumb Code    44  key.o(i.KEY_GPIO_Config)
    LED_GPIO_Config                          0x08001459   Thumb Code    54  led.o(i.LED_GPIO_Config)
    LargefricMotor_setSpeed                  0x08001495   Thumb Code    64  shoot.o(i.LargefricMotor_setSpeed)
    Largeshoot_processing                    0x080014d9   Thumb Code   532  shoot.o(i.Largeshoot_processing)
    M2006_getInfo                            0x0800170d   Thumb Code   302  m2006_motor.o(i.M2006_getInfo)
    M2006_setCurrent                         0x08001845   Thumb Code    78  m2006_motor.o(i.M2006_setCurrent)
    MemManage_Handler                        0x08001899   Thumb Code     4  stm32f4xx_it.o(i.MemManage_Handler)
    NMI_Handler                              0x0800189d   Thumb Code     2  stm32f4xx_it.o(i.NMI_Handler)
    NVIC_Config                              0x0800189f   Thumb Code    40  nvic.o(i.NVIC_Config)
    NVIC_Init                                0x080018c9   Thumb Code   106  misc.o(i.NVIC_Init)
    PendSV_Handler                           0x08001941   Thumb Code     2  stm32f4xx_it.o(i.PendSV_Handler)
    PositionPID_paraReset                    0x08001945   Thumb Code    66  pid.o(i.PositionPID_paraReset)
    Position_PID                             0x0800198d   Thumb Code   190  pid.o(i.Position_PID)
    RCC_AHB1PeriphClockCmd                   0x08001a51   Thumb Code    26  stm32f4xx_rcc.o(i.RCC_AHB1PeriphClockCmd)
    RCC_APB1PeriphClockCmd                   0x08001a71   Thumb Code    26  stm32f4xx_rcc.o(i.RCC_APB1PeriphClockCmd)
    RCC_APB2PeriphClockCmd                   0x08001a91   Thumb Code    26  stm32f4xx_rcc.o(i.RCC_APB2PeriphClockCmd)
    RCC_GetClocksFreq                        0x08001ab1   Thumb Code   214  stm32f4xx_rcc.o(i.RCC_GetClocksFreq)
    Rocker_getData                           0x08001b99   Thumb Code   104  dr16_receiver.o(i.Rocker_getData)
    SVC_Handler                              0x08001c01   Thumb Code     2  stm32f4xx_it.o(i.SVC_Handler)
    Shoot_Init                               0x08001d25   Thumb Code   142  shoot.o(i.Shoot_Init)
    SmallfricMotor_setSpeed                  0x08001dcd   Thumb Code    64  shoot.o(i.SmallfricMotor_setSpeed)
    SmallfricMotor_setSpeed2                 0x08001e11   Thumb Code   104  shoot.o(i.SmallfricMotor_setSpeed2)
    Smallshoot_processing                    0x08001e85   Thumb Code   500  shoot.o(i.Smallshoot_processing)
    SysTick_Handler                          0x080020fd   Thumb Code     2  stm32f4xx_it.o(i.SysTick_Handler)
    SystemInit                               0x08002101   Thumb Code    88  system_stm32f4xx.o(i.SystemInit)
    TIM12_PWMOutput                          0x080021bd   Thumb Code   110  tim.o(i.TIM12_PWMOutput)
    TIM4_PWMOutput                           0x08002289   Thumb Code   110  tim.o(i.TIM4_PWMOutput)
    TIM6_CounterMode                         0x080022fd   Thumb Code    76  tim.o(i.TIM6_CounterMode)
    TIM6_DAC_IRQHandler                      0x0800234d   Thumb Code   242  stm32f4xx_it.o(i.TIM6_DAC_IRQHandler)
    TIM_ARRPreloadConfig                     0x08002451   Thumb Code    24  stm32f4xx_tim.o(i.TIM_ARRPreloadConfig)
    TIM_ClearITPendingBit                    0x08002469   Thumb Code     6  stm32f4xx_tim.o(i.TIM_ClearITPendingBit)
    TIM_Cmd                                  0x0800246f   Thumb Code    24  stm32f4xx_tim.o(i.TIM_Cmd)
    TIM_GetITStatus                          0x08002487   Thumb Code    34  stm32f4xx_tim.o(i.TIM_GetITStatus)
    TIM_ITConfig                             0x080024a9   Thumb Code    18  stm32f4xx_tim.o(i.TIM_ITConfig)
    TIM_OC1Init                              0x080024bd   Thumb Code   114  stm32f4xx_tim.o(i.TIM_OC1Init)
    TIM_OC2Init                              0x08002539   Thumb Code   154  stm32f4xx_tim.o(i.TIM_OC2Init)
    TIM_SetCompare1                          0x080025dd   Thumb Code     4  stm32f4xx_tim.o(i.TIM_SetCompare1)
    TIM_SetCompare2                          0x080025e1   Thumb Code     4  stm32f4xx_tim.o(i.TIM_SetCompare2)
    TIM_TimeBaseInit                         0x080025e5   Thumb Code   104  stm32f4xx_tim.o(i.TIM_TimeBaseInit)
    Test                                     0x08002669   Thumb Code    52  user_code.o(i.Test)
    USART1_IRQHandler                        0x080026a1   Thumb Code    64  stm32f4xx_it.o(i.USART1_IRQHandler)
    USART1_QuickInit                         0x080026ed   Thumb Code   156  usart.o(i.USART1_QuickInit)
    USART1_RXDMA_Config                      0x08002791   Thumb Code   130  usart.o(i.USART1_RXDMA_Config)
    USART6_QuickInit                         0x0800281d   Thumb Code   158  usart.o(i.USART6_QuickInit)
    USART_Cmd                                0x080028c5   Thumb Code    24  stm32f4xx_usart.o(i.USART_Cmd)
    USART_DMACmd                             0x080028dd   Thumb Code    18  stm32f4xx_usart.o(i.USART_DMACmd)
    USART_GetFlagStatus                      0x080028ef   Thumb Code    26  stm32f4xx_usart.o(i.USART_GetFlagStatus)
    USART_GetITStatus                        0x08002909   Thumb Code    84  stm32f4xx_usart.o(i.USART_GetITStatus)
    USART_ITConfig                           0x0800295d   Thumb Code    74  stm32f4xx_usart.o(i.USART_ITConfig)
    USART_Init                               0x080029a9   Thumb Code   204  stm32f4xx_usart.o(i.USART_Init)
    USART_SendData                           0x08002a7d   Thumb Code     8  stm32f4xx_usart.o(i.USART_SendData)
    USART_sendChar                           0x08002a85   Thumb Code    30  usart.o(i.USART_sendChar)
    UsageFault_Handler                       0x08002aa3   Thumb Code     4  stm32f4xx_it.o(i.UsageFault_Handler)
    __ARM_fpclassify                         0x08002aa7   Thumb Code    48  fpclassify.o(i.__ARM_fpclassify)
    __hardfp_atan                            0x08002ad9   Thumb Code   622  atan.o(i.__hardfp_atan)
    __hardfp_atan2                           0x08002db1   Thumb Code   432  atan2.o(i.__hardfp_atan2)
    __kernel_poly                            0x08002fa1   Thumb Code   248  poly.o(i.__kernel_poly)
    __mathlib_dbl_infnan                     0x08003099   Thumb Code    20  dunder.o(i.__mathlib_dbl_infnan)
    __mathlib_dbl_infnan2                    0x080030ad   Thumb Code    20  dunder.o(i.__mathlib_dbl_infnan2)
    __mathlib_dbl_underflow                  0x080030c1   Thumb Code    24  dunder.o(i.__mathlib_dbl_underflow)
    __scatterload_copy                       0x080030e1   Thumb Code    14  handlers.o(i.__scatterload_copy)
    __scatterload_null                       0x080030ef   Thumb Code     2  handlers.o(i.__scatterload_null)
    __scatterload_zeroinit                   0x080030f1   Thumb Code    14  handlers.o(i.__scatterload_zeroinit)
    abs_limit                                0x080030ff   Thumb Code    46  pid.o(i.abs_limit)
    atan                                     0x0800312d   Thumb Code    16  atan.o(i.atan)
    delay_ms                                 0x0800313d   Thumb Code    66  delay.o(i.delay_ms)
    fabs                                     0x08003185   Thumb Code    24  fabs.o(i.fabs)
    fric_Control                             0x0800319d   Thumb Code   182  shoot.o(i.fric_Control)
    main                                     0x08003265   Thumb Code    18  main.o(i.main)
    __mathlib_zero                           0x08003310   Data           8  qnan.o(.constdata)
    Region$$Table$$Base                      0x08003318   Number         0  anon$$obj.o(Region$$Table)
    Region$$Table$$Limit                     0x08003338   Number         0  anon$$obj.o(Region$$Table)
    Test_I                                   0x20000000   Data           4  pid.o(.data)
    duzhuanflag                              0x20000004   Data           4  shoot.o(.data)
    Small_Shoottime                          0x20000008   Data           4  shoot.o(.data)
    Small_ShootCheck                         0x2000000c   Data           4  shoot.o(.data)
    Small_Deil_Counter                       0x20000010   Data           4  shoot.o(.data)
    Small_Deil_Flag                          0x20000014   Data           4  shoot.o(.data)
    Large_Shoottime                          0x20000018   Data           4  shoot.o(.data)
    Large_ShootCheck                         0x2000001c   Data           4  shoot.o(.data)
    Large_Deil_Counter                       0x20000020   Data           4  shoot.o(.data)
    Large_Deil_Flag                          0x20000024   Data           4  shoot.o(.data)
    ControlStatus                            0x20000034   Data           2  dr16_receiver.o(.data)
    SystemCoreClock                          0x20000048   Data           4  system_stm32f4xx.o(.data)
    AHBPrescTable                            0x2000004c   Data          16  system_stm32f4xx.o(.data)
    DR16_rxBuff                              0x2000005c   Data          20  dr16_receiver.o(.bss)
    dr16_data                                0x20000070   Data          24  dr16_receiver.o(.bss)
    dr16_rocker_L                            0x20000088   Data          20  dr16_receiver.o(.bss)
    dr16_rocker_R                            0x2000009c   Data          20  dr16_receiver.o(.bss)
    pcRocker                                 0x200000b0   Data          20  dr16_receiver.o(.bss)
    M2006s                                   0x200000c4   Data         372  m2006_motor.o(.bss)
    send_buf                                 0x20000238   Data          15  ano.o(.bss)
    __initial_sp                             0x20000648   Data           0  startup_stm32f427_437xx.o(STACK)



==============================================================================

Memory Map of the image

  Image Entry point : 0x080001c1

  Load Region LR_1 (Base: 0x08000000, Size: 0x00003394, Max: 0xffffffff, ABSOLUTE)

    Execution Region ER_RO (Exec base: 0x08000000, Load base: 0x08000000, Size: 0x00003338, Max: 0xffffffff, ABSOLUTE)

    Exec Addr    Load Addr    Size         Type   Attr      Idx    E Section Name        Object

    0x08000000   0x08000000   0x000001ac   Data   RO         5653    RESET               startup_stm32f427_437xx.o
    0x080001ac   0x080001ac   0x00000000   Code   RO         5670  * .ARM.Collect$$$$00000000  mc_w.l(entry.o)
    0x080001ac   0x080001ac   0x00000004   Code   RO         5712    .ARM.Collect$$$$00000001  mc_w.l(entry2.o)
    0x080001b0   0x080001b0   0x00000004   Code   RO         5715    .ARM.Collect$$$$00000004  mc_w.l(entry5.o)
    0x080001b4   0x080001b4   0x00000000   Code   RO         5717    .ARM.Collect$$$$00000008  mc_w.l(entry7b.o)
    0x080001b4   0x080001b4   0x00000000   Code   RO         5719    .ARM.Collect$$$$0000000A  mc_w.l(entry8b.o)
    0x080001b4   0x080001b4   0x00000008   Code   RO         5720    .ARM.Collect$$$$0000000B  mc_w.l(entry9a.o)
    0x080001bc   0x080001bc   0x00000000   Code   RO         5722    .ARM.Collect$$$$0000000D  mc_w.l(entry10a.o)
    0x080001bc   0x080001bc   0x00000000   Code   RO         5724    .ARM.Collect$$$$0000000F  mc_w.l(entry11a.o)
    0x080001bc   0x080001bc   0x00000004   Code   RO         5713    .ARM.Collect$$$$00002712  mc_w.l(entry2.o)
    0x080001c0   0x080001c0   0x00000024   Code   RO         5654  * .text               startup_stm32f427_437xx.o
    0x080001e4   0x080001e4   0x00000026   Code   RO         5673    .text               mf_w.l(f2d.o)
    0x0800020a   0x0800020a   0x00000038   Code   RO         5675    .text               mf_w.l(d2f.o)
    0x08000242   0x08000242   0x00000000   Code   RO         5733    .text               mc_w.l(iusefp.o)
    0x08000242   0x08000242   0x0000006e   Code   RO         5734    .text               mf_w.l(fepilogue.o)
    0x080002b0   0x080002b0   0x0000014e   Code   RO         5736    .text               mf_w.l(dadd.o)
    0x080003fe   0x080003fe   0x000000de   Code   RO         5738    .text               mf_w.l(ddiv.o)
    0x080004dc   0x080004dc   0x00000024   Code   RO         5746    .text               mc_w.l(init.o)
    0x08000500   0x08000500   0x0000001e   Code   RO         5748    .text               mc_w.l(llshl.o)
    0x0800051e   0x0800051e   0x00000024   Code   RO         5750    .text               mc_w.l(llsshr.o)
    0x08000542   0x08000542   0x000000ba   Code   RO         5752    .text               mf_w.l(depilogue.o)
    0x080005fc   0x080005fc   0x000000e4   Code   RO         5754    .text               mf_w.l(dmul.o)
    0x080006e0   0x080006e0   0x00000020   Code   RO         5756    .text               mc_w.l(llushr.o)
    0x08000700   0x08000700   0x000000cc   Code   RO          594    i.ANO_Send_Data_V3  ano.o
    0x080007cc   0x080007cc   0x00000004   Code   RO          217    i.BusFault_Handler  stm32f4xx_it.o
    0x080007d0   0x080007d0   0x000000e8   Code   RO          869    i.CAN1_QuickInit    can.o
    0x080008b8   0x080008b8   0x00000038   Code   RO          218    i.CAN1_RX0_IRQHandler  stm32f4xx_it.o
    0x080008f0   0x080008f0   0x000000a8   Code   RO         1360    i.CAN_ClearITPendingBit  stm32f4xx_can.o
    0x08000998   0x08000998   0x00000108   Code   RO         1364    i.CAN_FilterInit    stm32f4xx_can.o
    0x08000aa0   0x08000aa0   0x00000120   Code   RO         1366    i.CAN_GetITStatus   stm32f4xx_can.o
    0x08000bc0   0x08000bc0   0x00000012   Code   RO         1370    i.CAN_ITConfig      stm32f4xx_can.o
    0x08000bd2   0x08000bd2   0x00000114   Code   RO         1371    i.CAN_Init          stm32f4xx_can.o
    0x08000ce6   0x08000ce6   0x000000f0   Code   RO         1374    i.CAN_Receive       stm32f4xx_can.o
    0x08000dd6   0x08000dd6   0x00000044   Code   RO          871    i.CAN_SendData      can.o
    0x08000e1a   0x08000e1a   0x00000126   Code   RO         1379    i.CAN_Transmit      stm32f4xx_can.o
    0x08000f40   0x08000f40   0x00000012   Code   RO         1382    i.CheckITStatus     stm32f4xx_can.o
    0x08000f52   0x08000f52   0x00000016   Code   RO         2139    i.DMA_Cmd           stm32f4xx_dma.o
    0x08000f68   0x08000f68   0x00000158   Code   RO         2140    i.DMA_DeInit        stm32f4xx_dma.o
    0x080010c0   0x080010c0   0x00000014   Code   RO         2144    i.DMA_GetCmdStatus  stm32f4xx_dma.o
    0x080010d4   0x080010d4   0x00000008   Code   RO         2145    i.DMA_GetCurrDataCounter  stm32f4xx_dma.o
    0x080010dc   0x080010dc   0x00000058   Code   RO         2151    i.DMA_Init          stm32f4xx_dma.o
    0x08001134   0x08001134   0x00000004   Code   RO         2154    i.DMA_SetCurrDataCounter  stm32f4xx_dma.o
    0x08001138   0x08001138   0x000001c0   Code   RO          513    i.DR16_dataProcess  dr16_receiver.o
    0x080012f8   0x080012f8   0x0000001c   Code   RO          514    i.DR16_receiverInit  dr16_receiver.o
    0x08001314   0x08001314   0x00000002   Code   RO          219    i.DebugMon_Handler  stm32f4xx_it.o
    0x08001316   0x08001316   0x00000090   Code   RO         2669    i.GPIO_Init         stm32f4xx_gpio.o
    0x080013a6   0x080013a6   0x00000046   Code   RO         2670    i.GPIO_PinAFConfig  stm32f4xx_gpio.o
    0x080013ec   0x080013ec   0x00000004   Code   RO         2676    i.GPIO_ResetBits    stm32f4xx_gpio.o
    0x080013f0   0x080013f0   0x00000004   Code   RO          220    i.HardFault_Handler  stm32f4xx_it.o
    0x080013f4   0x080013f4   0x00000032   Code   RO          307    i.Init              user_code.o
    0x08001426   0x08001426   0x00000002   PAD
    0x08001428   0x08001428   0x00000030   Code   RO          655    i.KEY_GPIO_Config   key.o
    0x08001458   0x08001458   0x0000003c   Code   RO          724    i.LED_GPIO_Config   led.o
    0x08001494   0x08001494   0x00000044   Code   RO          440    i.LargefricMotor_setSpeed  shoot.o
    0x080014d8   0x080014d8   0x00000234   Code   RO          441    i.Largeshoot_processing  shoot.o
    0x0800170c   0x0800170c   0x00000138   Code   RO          556    i.M2006_getInfo     m2006_motor.o
    0x08001844   0x08001844   0x00000054   Code   RO          557    i.M2006_setCurrent  m2006_motor.o
    0x08001898   0x08001898   0x00000004   Code   RO          221    i.MemManage_Handler  stm32f4xx_it.o
    0x0800189c   0x0800189c   0x00000002   Code   RO          222    i.NMI_Handler       stm32f4xx_it.o
    0x0800189e   0x0800189e   0x00000028   Code   RO          845    i.NVIC_Config       nvic.o
    0x080018c6   0x080018c6   0x00000002   PAD
    0x080018c8   0x080018c8   0x00000078   Code   RO          957    i.NVIC_Init         misc.o
    0x08001940   0x08001940   0x00000002   Code   RO          223    i.PendSV_Handler    stm32f4xx_it.o
    0x08001942   0x08001942   0x00000002   PAD
    0x08001944   0x08001944   0x00000048   Code   RO          380    i.PositionPID_paraReset  pid.o
    0x0800198c   0x0800198c   0x000000c4   Code   RO          382    i.Position_PID      pid.o
    0x08001a50   0x08001a50   0x00000020   Code   RO         3406    i.RCC_AHB1PeriphClockCmd  stm32f4xx_rcc.o
    0x08001a70   0x08001a70   0x00000020   Code   RO         3415    i.RCC_APB1PeriphClockCmd  stm32f4xx_rcc.o
    0x08001a90   0x08001a90   0x00000020   Code   RO         3418    i.RCC_APB2PeriphClockCmd  stm32f4xx_rcc.o
    0x08001ab0   0x08001ab0   0x000000e8   Code   RO         3427    i.RCC_GetClocksFreq  stm32f4xx_rcc.o
    0x08001b98   0x08001b98   0x00000068   Code   RO          515    i.Rocker_getData    dr16_receiver.o
    0x08001c00   0x08001c00   0x00000002   Code   RO          224    i.SVC_Handler       stm32f4xx_it.o
    0x08001c02   0x08001c02   0x00000002   PAD
    0x08001c04   0x08001c04   0x00000120   Code   RO         5613    i.SetSysClock       system_stm32f4xx.o
    0x08001d24   0x08001d24   0x000000a8   Code   RO          443    i.Shoot_Init        shoot.o
    0x08001dcc   0x08001dcc   0x00000044   Code   RO          444    i.SmallfricMotor_setSpeed  shoot.o
    0x08001e10   0x08001e10   0x00000074   Code   RO          445    i.SmallfricMotor_setSpeed2  shoot.o
    0x08001e84   0x08001e84   0x00000224   Code   RO          446    i.Smallshoot_processing  shoot.o
    0x080020a8   0x080020a8   0x00000054   Code   RO          685    i.SysTick_Config    delay.o
    0x080020fc   0x080020fc   0x00000002   Code   RO          225    i.SysTick_Handler   stm32f4xx_it.o
    0x080020fe   0x080020fe   0x00000002   PAD
    0x08002100   0x08002100   0x00000068   Code   RO         5615    i.SystemInit        system_stm32f4xx.o
    0x08002168   0x08002168   0x00000054   Code   RO          905    i.TIM12_GPIOInit    tim.o
    0x080021bc   0x080021bc   0x00000074   Code   RO          906    i.TIM12_PWMOutput   tim.o
    0x08002230   0x08002230   0x00000058   Code   RO          907    i.TIM4_GPIOInit     tim.o
    0x08002288   0x08002288   0x00000074   Code   RO          908    i.TIM4_PWMOutput    tim.o
    0x080022fc   0x080022fc   0x00000050   Code   RO          909    i.TIM6_CounterMode  tim.o
    0x0800234c   0x0800234c   0x00000104   Code   RO          226    i.TIM6_DAC_IRQHandler  stm32f4xx_it.o
    0x08002450   0x08002450   0x00000018   Code   RO         4793    i.TIM_ARRPreloadConfig  stm32f4xx_tim.o
    0x08002468   0x08002468   0x00000006   Code   RO         4800    i.TIM_ClearITPendingBit  stm32f4xx_tim.o
    0x0800246e   0x0800246e   0x00000018   Code   RO         4805    i.TIM_Cmd           stm32f4xx_tim.o
    0x08002486   0x08002486   0x00000022   Code   RO         4826    i.TIM_GetITStatus   stm32f4xx_tim.o
    0x080024a8   0x080024a8   0x00000012   Code   RO         4830    i.TIM_ITConfig      stm32f4xx_tim.o
    0x080024ba   0x080024ba   0x00000002   PAD
    0x080024bc   0x080024bc   0x0000007c   Code   RO         4834    i.TIM_OC1Init       stm32f4xx_tim.o
    0x08002538   0x08002538   0x000000a4   Code   RO         4839    i.TIM_OC2Init       stm32f4xx_tim.o
    0x080025dc   0x080025dc   0x00000004   Code   RO         4867    i.TIM_SetCompare1   stm32f4xx_tim.o
    0x080025e0   0x080025e0   0x00000004   Code   RO         4868    i.TIM_SetCompare2   stm32f4xx_tim.o
    0x080025e4   0x080025e4   0x00000084   Code   RO         4877    i.TIM_TimeBaseInit  stm32f4xx_tim.o
    0x08002668   0x08002668   0x00000038   Code   RO          308    i.Test              user_code.o
    0x080026a0   0x080026a0   0x0000004c   Code   RO          227    i.USART1_IRQHandler  stm32f4xx_it.o
    0x080026ec   0x080026ec   0x000000a4   Code   RO          748    i.USART1_QuickInit  usart.o
    0x08002790   0x08002790   0x0000008c   Code   RO          749    i.USART1_RXDMA_Config  usart.o
    0x0800281c   0x0800281c   0x000000a8   Code   RO          754    i.USART6_QuickInit  usart.o
    0x080028c4   0x080028c4   0x00000018   Code   RO         5359    i.USART_Cmd         stm32f4xx_usart.o
    0x080028dc   0x080028dc   0x00000012   Code   RO         5360    i.USART_DMACmd      stm32f4xx_usart.o
    0x080028ee   0x080028ee   0x0000001a   Code   RO         5362    i.USART_GetFlagStatus  stm32f4xx_usart.o
    0x08002908   0x08002908   0x00000054   Code   RO         5363    i.USART_GetITStatus  stm32f4xx_usart.o
    0x0800295c   0x0800295c   0x0000004a   Code   RO         5365    i.USART_ITConfig    stm32f4xx_usart.o
    0x080029a6   0x080029a6   0x00000002   PAD
    0x080029a8   0x080029a8   0x000000d4   Code   RO         5366    i.USART_Init        stm32f4xx_usart.o
    0x08002a7c   0x08002a7c   0x00000008   Code   RO         5376    i.USART_SendData    stm32f4xx_usart.o
    0x08002a84   0x08002a84   0x0000001e   Code   RO          756    i.USART_sendChar    usart.o
    0x08002aa2   0x08002aa2   0x00000004   Code   RO          228    i.UsageFault_Handler  stm32f4xx_it.o
    0x08002aa6   0x08002aa6   0x00000030   Code   RO         5742    i.__ARM_fpclassify  m_wm.l(fpclassify.o)
    0x08002ad6   0x08002ad6   0x00000002   PAD
    0x08002ad8   0x08002ad8   0x000002d8   Code   RO         5677    i.__hardfp_atan     m_wm.l(atan.o)
    0x08002db0   0x08002db0   0x000001f0   Code   RO         5658    i.__hardfp_atan2    m_wm.l(atan2.o)
    0x08002fa0   0x08002fa0   0x000000f8   Code   RO         5744    i.__kernel_poly     m_wm.l(poly.o)
    0x08003098   0x08003098   0x00000014   Code   RO         5692    i.__mathlib_dbl_infnan  m_wm.l(dunder.o)
    0x080030ac   0x080030ac   0x00000014   Code   RO         5693    i.__mathlib_dbl_infnan2  m_wm.l(dunder.o)
    0x080030c0   0x080030c0   0x00000020   Code   RO         5697    i.__mathlib_dbl_underflow  m_wm.l(dunder.o)
    0x080030e0   0x080030e0   0x0000000e   Code   RO         5760    i.__scatterload_copy  mc_w.l(handlers.o)
    0x080030ee   0x080030ee   0x00000002   Code   RO         5761    i.__scatterload_null  mc_w.l(handlers.o)
    0x080030f0   0x080030f0   0x0000000e   Code   RO         5762    i.__scatterload_zeroinit  mc_w.l(handlers.o)
    0x080030fe   0x080030fe   0x0000002e   Code   RO          383    i.abs_limit         pid.o
    0x0800312c   0x0800312c   0x00000010   Code   RO         5679    i.atan              m_wm.l(atan.o)
    0x0800313c   0x0800313c   0x00000048   Code   RO          686    i.delay_ms          delay.o
    0x08003184   0x08003184   0x00000018   Code   RO         5707    i.fabs              m_wm.l(fabs.o)
    0x0800319c   0x0800319c   0x000000c8   Code   RO          447    i.fric_Control      shoot.o
    0x08003264   0x08003264   0x00000012   Code   RO            4    i.main              main.o
    0x08003276   0x08003276   0x00000002   PAD
    0x08003278   0x08003278   0x00000098   Data   RO         5680    .constdata          m_wm.l(atan.o)
    0x08003310   0x08003310   0x00000008   Data   RO         5711    .constdata          m_wm.l(qnan.o)
    0x08003318   0x08003318   0x00000020   Data   RO         5758    Region$$Table       anon$$obj.o


    Execution Region ER_RW (Exec base: 0x20000000, Load base: 0x08003338, Size: 0x0000005c, Max: 0xffffffff, ABSOLUTE)

    Exec Addr    Load Addr    Size         Type   Attr      Idx    E Section Name        Object

    0x20000000   0x08003338   0x00000004   Data   RW          384    .data               pid.o
    0x20000004   0x0800333c   0x00000030   Data   RW          449    .data               shoot.o
    0x20000034   0x0800336c   0x00000002   Data   RW          517    .data               dr16_receiver.o
    0x20000036   0x0800336e   0x00000010   Data   RW         3459    .data               stm32f4xx_rcc.o
    0x20000046   0x0800337e   0x00000002   PAD
    0x20000048   0x08003380   0x00000014   Data   RW         5616    .data               system_stm32f4xx.o


    Execution Region ER_ZI (Exec base: 0x2000005c, Load base: 0x08003394, Size: 0x000005ec, Max: 0xffffffff, ABSOLUTE)

    Exec Addr    Load Addr    Size         Type   Attr      Idx    E Section Name        Object

    0x2000005c        -       0x00000068   Zero   RW          516    .bss                dr16_receiver.o
    0x200000c4        -       0x00000174   Zero   RW          558    .bss                m2006_motor.o
    0x20000238        -       0x0000000f   Zero   RW          595    .bss                ano.o
    0x20000247   0x08003394   0x00000001   PAD
    0x20000248        -       0x00000400   Zero   RW         5651    STACK               startup_stm32f427_437xx.o


==============================================================================

Image component sizes


      Code (inc. data)   RO Data    RW Data    ZI Data      Debug   Object Name

       204         10          0          0         15       1414   ano.o
       300         10          0          0          0       1852   can.o
       156         16          0          0          0      27454   delay.o
       580         28          0          2        104       2859   dr16_receiver.o
        48          4          0          0          0        542   key.o
        60          6          0          0          0        546   led.o
       396         16          0          0        372       1984   m2006_motor.o
        18          0          0          0          0     307731   main.o
       120         14          0          0          0     316304   misc.o
        40          0          0          0          0        698   nvic.o
       314         12          0          4          0       2636   pid.o
      1732        154          0         48          0       5827   shoot.o
        36          8        428          0       1024        968   startup_stm32f427_437xx.o
      1566         16          0          0          0       7346   stm32f4xx_can.o
       486         26          0          0          0       5543   stm32f4xx_dma.o
       218          0          0          0          0       2752   stm32f4xx_gpio.o
       418         36          0          0          0       6242   stm32f4xx_it.o
       328         36          0         16          0       5247   stm32f4xx_rcc.o
       534         48          0          0          0       7925   stm32f4xx_tim.o
       446          8          0          0          0       6336   stm32f4xx_usart.o
       392         32          0         20          0       2357   system_stm32f4xx.o
       484         26          0          0          0       3314   tim.o
       502         28          0          0          0       3137   usart.o
       106          4          0          0          0       1014   user_code.o

    ----------------------------------------------------------------------
      9500        538        460         92       1516     722028   Object Totals
         0          0         32          0          0          0   (incl. Generated)
        16          0          0          2          1          0   (incl. Padding)

    ----------------------------------------------------------------------

      Code (inc. data)   RO Data    RW Data    ZI Data      Debug   Library Member Name

       744        106        152          0          0        352   atan.o
       496         64          0          0          0        192   atan2.o
        72          8          0          0          0        372   dunder.o
        24          0          0          0          0        124   fabs.o
        48          0          0          0          0        124   fpclassify.o
       248          0          0          0          0        152   poly.o
         0          0          8          0          0          0   qnan.o
         0          0          0          0          0          0   entry.o
         0          0          0          0          0          0   entry10a.o
         0          0          0          0          0          0   entry11a.o
         8          4          0          0          0          0   entry2.o
         4          0          0          0          0          0   entry5.o
         0          0          0          0          0          0   entry7b.o
         0          0          0          0          0          0   entry8b.o
         8          4          0          0          0          0   entry9a.o
        30          0          0          0          0          0   handlers.o
        36          8          0          0          0         68   init.o
         0          0          0          0          0          0   iusefp.o
        30          0          0          0          0         68   llshl.o
        36          0          0          0          0         68   llsshr.o
        32          0          0          0          0         68   llushr.o
        56          0          0          0          0         88   d2f.o
       334          0          0          0          0        148   dadd.o
       222          0          0          0          0        100   ddiv.o
       186          0          0          0          0        176   depilogue.o
       228          0          0          0          0         96   dmul.o
        38          0          0          0          0         68   f2d.o
       110          0          0          0          0        168   fepilogue.o

    ----------------------------------------------------------------------
      2992        194        160          0          0       2432   Library Totals
         2          0          0          0          0          0   (incl. Padding)

    ----------------------------------------------------------------------

      Code (inc. data)   RO Data    RW Data    ZI Data      Debug   Library Name

      1632        178        160          0          0       1316   m_wm.l
       184         16          0          0          0        272   mc_w.l
      1174          0          0          0          0        844   mf_w.l

    ----------------------------------------------------------------------
      2992        194        160          0          0       2432   Library Totals

    ----------------------------------------------------------------------

==============================================================================


      Code (inc. data)   RO Data    RW Data    ZI Data      Debug   

     12492        732        620         92       1516     715348   Grand Totals
     12492        732        620         92       1516     715348   ELF Image Totals
     12492        732        620         92          0          0   ROM Totals

==============================================================================

    Total RO  Size (Code + RO Data)                13112 (  12.80kB)
    Total RW  Size (RW Data + ZI Data)              1608 (   1.57kB)
    Total ROM Size (Code + RO Data + RW Data)      13204 (  12.89kB)

==============================================================================

