<html>
<body>
<pre>
<h1>礦ision Build Log</h1>
<h2>Tool Versions:</h2>
IDE-Version: μVision V5.25.2.0
Copyright (C) 2018 ARM Ltd and ARM Germany GmbH. All rights reserved.
License Information: 1 1, 1, LIC=Q7GVE-5E499-4A2DE-575FI-T95MK-HUGBA
 
Tool Versions:
Toolchain:       MDK-ARM Professional  Version: 5.25.2.0
Toolchain Path:  C:\Keil_v5\ARM\ARMCC\Bin
C Compiler:      Armcc.exe V5.06 update 6 (build 750)
Assembler:       Armasm.exe V5.06 update 6 (build 750)
Linker/Locator:  ArmLink.exe V5.06 update 6 (build 750)
Library Manager: ArmAr.exe V5.06 update 6 (build 750)
Hex Converter:   FromElf.exe V5.06 update 6 (build 750)
CPU DLL:         SARMCM3.DLL V5.25.2.0
Dialog DLL:      DCM.DLL V1.17.1.0
Target DLL:      CMSIS_AGDI.dll V1.29.10.0
Dialog DLL:      TCM.DLL V1.35.1.0
 
<h2>Project:</h2>
C:\Users\Liang Yuhao\Desktop\Robomaset_Hero V3.5(南方赛区最终版)\Project\RVMDK（uv5）\Robotmaster_Hero.uvprojx
Project File Date:  05/12/2019

<h2>Output:</h2>
*** Using Compiler 'V5.06 update 6 (build 750)', folder: 'C:\Keil_v5\ARM\ARMCC\Bin'
Build target '固件库-工程模版'
compiling main.c...
compiling user_code.c...
compiling stm32f4xx_it.c...
compiling Hero_control.c...
compiling Chassis_control.c...
compiling Cloud_control.c...
compiling Shoot.c...
compiling PID.c...
compiling DevicesMonitor.c...
compiling Ramp.c...
compiling power_buffer_pool.c...
compiling DR16_Receiver.c...
compiling Chassis_Motor.c...
compiling Clound_Motor.c...
compiling Robot_status.c...
compiling GY_6050.c...
compiling RM2019_JudgeSystem.c...
compiling LASER.c...
compiling ANO.c...
compiling Ramp_Posture.c...
compiling PC_Mode.c...
compiling Super_Cap.c...
compiling Bullet_Calculate.c...
compiling Steering.c...
compiling delay.c...
compiling LED.c...
compiling USART.c...
compiling NVIC.c...
compiling CAN.c...
compiling TIM.c...
linking...
Program Size: Code=30560 RO-data=1680 RW-data=256 ZI-data=4864  
FromELF: creating hex file...
".\Objects\Robotmaster_Infantry.axf" - 0 Error(s), 0 Warning(s).

<h2>Software Packages used:</h2>

Package Vendor: Keil
                http://www.keil.com/pack/Keil.STM32F4xx_DFP.2.7.0.pack
                Keil.STM32F4xx_DFP.2.7.0
                STMicroelectronics STM32F4 Series Device Support, Drivers and Examples

<h2>Collection of Component include folders:</h2>
  .\RTE\_______-________
  C:\Keil_v5\ARM\PACK\Keil\STM32F4xx_DFP\2.7.0\Drivers\CMSIS\Device\ST\STM32F4xx\Include

<h2>Collection of Component Files used:</h2>
Build Time Elapsed:  00:00:18
</pre>
</body>
</html>
