Component: ARM Compiler 5.06 update 6 (build 750) Tool: armlink [4d35ed]

==============================================================================

Section Cross References

    main.o(i.main) refers to user_code.o(i.Init) for Init
    main.o(i.main) refers to user_code.o(i.Test) for Test
    stm32f4xx_it.o(i.CAN1_RX0_IRQHandler) refers to stm32f4xx_can.o(i.CAN_GetITStatus) for CAN_GetITStatus
    stm32f4xx_it.o(i.CAN1_RX0_IRQHandler) refers to stm32f4xx_can.o(i.CAN_Receive) for CAN_Receive
    stm32f4xx_it.o(i.CAN1_RX0_IRQHandler) refers to clound_motor.o(i.Clound_Motor_getInfo) for Clound_Motor_getInfo
    stm32f4xx_it.o(i.CAN1_RX0_IRQHandler) refers to stm32f4xx_can.o(i.CAN_ClearITPendingBit) for CAN_ClearITPendingBit
    stm32f4xx_it.o(i.CAN2_RX0_IRQHandler) refers to stm32f4xx_can.o(i.CAN_GetITStatus) for CAN_GetITStatus
    stm32f4xx_it.o(i.CAN2_RX0_IRQHandler) refers to stm32f4xx_can.o(i.CAN_Receive) for CAN_Receive
    stm32f4xx_it.o(i.CAN2_RX0_IRQHandler) refers to chassis_motor.o(i.M3508_getInfo) for M3508_getInfo
    stm32f4xx_it.o(i.CAN2_RX0_IRQHandler) refers to gy_6050.o(i.GY6050_getCloundInfo) for GY6050_getCloundInfo
    stm32f4xx_it.o(i.CAN2_RX0_IRQHandler) refers to stm32f4xx_can.o(i.CAN_ClearITPendingBit) for CAN_ClearITPendingBit
    stm32f4xx_it.o(i.TIM5_IRQHandler) refers to stm32f4xx_tim.o(i.TIM_GetITStatus) for TIM_GetITStatus
    stm32f4xx_it.o(i.TIM5_IRQHandler) refers to rm2019_judgesystem.o(i.Judge_sendPC) for Judge_sendPC
    stm32f4xx_it.o(i.TIM5_IRQHandler) refers to robot_status.o(i.Heat_Calculation) for Heat_Calculation
    stm32f4xx_it.o(i.TIM5_IRQHandler) refers to devicesmonitor.o(i.DevicesMonitor_update) for DevicesMonitor_update
    stm32f4xx_it.o(i.TIM5_IRQHandler) refers to shoot.o(i.fric_Control) for fric_Control
    stm32f4xx_it.o(i.TIM5_IRQHandler) refers to stm32f4xx_tim.o(i.TIM_ClearITPendingBit) for TIM_ClearITPendingBit
    stm32f4xx_it.o(i.TIM5_IRQHandler) refers to stm32f4xx_it.o(.data) for heat_counter
    stm32f4xx_it.o(i.TIM5_IRQHandler) refers to rm2019_judgesystem.o(.data) for ext_robot_hurt
    stm32f4xx_it.o(i.TIM5_IRQHandler) refers to clound_motor.o(.bss) for M6020s
    stm32f4xx_it.o(i.TIM5_IRQHandler) refers to rm2019_judgesystem.o(.bss) for ext_power_heat_data
    stm32f4xx_it.o(i.TIM6_DAC_IRQHandler) refers to stm32f4xx_tim.o(i.TIM_GetITStatus) for TIM_GetITStatus
    stm32f4xx_it.o(i.TIM6_DAC_IRQHandler) refers to hero_control.o(i.Hero_control) for Hero_control
    stm32f4xx_it.o(i.TIM6_DAC_IRQHandler) refers to ramp_posture.o(i.Ramp_Detection) for Ramp_Detection
    stm32f4xx_it.o(i.TIM6_DAC_IRQHandler) refers to stm32f4xx_tim.o(i.TIM_ClearITPendingBit) for TIM_ClearITPendingBit
    stm32f4xx_it.o(i.USART1_IRQHandler) refers to stm32f4xx_usart.o(i.USART_GetITStatus) for USART_GetITStatus
    stm32f4xx_it.o(i.USART1_IRQHandler) refers to stm32f4xx_dma.o(i.DMA_Cmd) for DMA_Cmd
    stm32f4xx_it.o(i.USART1_IRQHandler) refers to stm32f4xx_dma.o(i.DMA_GetCurrDataCounter) for DMA_GetCurrDataCounter
    stm32f4xx_it.o(i.USART1_IRQHandler) refers to dr16_receiver.o(i.DR16_dataProcess) for DR16_dataProcess
    stm32f4xx_it.o(i.USART1_IRQHandler) refers to stm32f4xx_dma.o(i.DMA_SetCurrDataCounter) for DMA_SetCurrDataCounter
    stm32f4xx_it.o(i.USART1_IRQHandler) refers to dr16_receiver.o(.bss) for DR16_rxBuff
    stm32f4xx_it.o(i.USART6_IRQHandler) refers to stm32f4xx_usart.o(i.USART_GetITStatus) for USART_GetITStatus
    stm32f4xx_it.o(i.USART6_IRQHandler) refers to stm32f4xx_dma.o(i.DMA_Cmd) for DMA_Cmd
    stm32f4xx_it.o(i.USART6_IRQHandler) refers to stm32f4xx_dma.o(i.DMA_GetCurrDataCounter) for DMA_GetCurrDataCounter
    stm32f4xx_it.o(i.USART6_IRQHandler) refers to rm2019_judgesystem.o(i.Judge_getInfo) for Judge_getInfo
    stm32f4xx_it.o(i.USART6_IRQHandler) refers to stm32f4xx_dma.o(i.DMA_SetCurrDataCounter) for DMA_SetCurrDataCounter
    stm32f4xx_it.o(i.USART6_IRQHandler) refers to stm32f4xx_it.o(.data) for DMA_Counter
    user_code.o(i.Init) refers to led.o(i.LED_GPIO_Config) for LED_GPIO_Config
    user_code.o(i.Init) refers to can.o(i.CAN1_QuickInit) for CAN1_QuickInit
    user_code.o(i.Init) refers to can.o(i.CAN2_QuickInit) for CAN2_QuickInit
    user_code.o(i.Init) refers to dr16_receiver.o(i.DR16_receiverInit) for DR16_receiverInit
    user_code.o(i.Init) refers to rm2019_judgesystem.o(i.JudgeSystem_Init) for JudgeSystem_Init
    user_code.o(i.Init) refers to power_buffer_pool.o(i.PowerBufferPoolInit) for PowerBufferPoolInit
    user_code.o(i.Init) refers to delay.o(i.delay_ms) for delay_ms
    user_code.o(i.Init) refers to shoot.o(i.Shoot_Init) for Shoot_Init
    user_code.o(i.Init) refers to laser.o(i.Laser_Init) for Laser_Init
    user_code.o(i.Init) refers to chassis_control.o(i.Chassis_Init) for Chassis_Init
    user_code.o(i.Init) refers to cloud_control.o(i.Cloud_Init) for Cloud_Init
    user_code.o(i.Init) refers to pc_mode.o(i.PC_Control_Init) for PC_Control_Init
[...]
    i.Get_CRC16_Check_Sum                    0x08003238   Section        0  rm2019_judgesystem.o(i.Get_CRC16_Check_Sum)
    i.Get_CRC8_Check_Sum                     0x0800326c   Section        0  rm2019_judgesystem.o(i.Get_CRC8_Check_Sum)
    i.HardFault_Handler                      0x08003290   Section        0  stm32f4xx_it.o(i.HardFault_Handler)
    i.Heat_Calculation                       0x08003294   Section        0  robot_status.o(i.Heat_Calculation)
    i.Hero_control                           0x08003488   Section        0  hero_control.o(i.Hero_control)
    i.IncrementalPID_paraReset               0x0800370c   Section        0  pid.o(i.IncrementalPID_paraReset)
    i.Incremental_PID                        0x08003754   Section        0  pid.o(i.Incremental_PID)
    i.Init                                   0x08003818   Section        0  user_code.o(i.Init)
    i.JudgeSystem_Init                       0x080038ac   Section        0  rm2019_judgesystem.o(i.JudgeSystem_Init)
    i.Judge_getInfo                          0x080038c4   Section        0  rm2019_judgesystem.o(i.Judge_getInfo)
    i.Judge_sendPC                           0x08003bd4   Section        0  rm2019_judgesystem.o(i.Judge_sendPC)
    i.LED_GPIO_Config                        0x08003cb0   Section        0  led.o(i.LED_GPIO_Config)
    i.Large_processing                       0x08003cf4   Section        0  shoot.o(i.Large_processing)
    i.LargefricMotor_setSpeed                0x08003fcc   Section        0  shoot.o(i.LargefricMotor_setSpeed)
    i.Laser_Init                             0x08003ffc   Section        0  laser.o(i.Laser_Init)
    i.Lever_Determine                        0x08004038   Section        0  robot_status.o(i.Lever_Determine)
    i.M3508_getInfo                          0x08004128   Section        0  chassis_motor.o(i.M3508_getInfo)
    i.M3508_setCurrent                       0x080041e8   Section        0  chassis_motor.o(i.M3508_setCurrent)
    i.M6020_setTargetAngle                   0x0800423c   Section        0  clound_motor.o(i.M6020_setTargetAngle)
    i.MecanumCalculate                       0x08004258   Section        0  chassis_control.o(i.MecanumCalculate)
    i.MemManage_Handler                      0x0800442c   Section        0  stm32f4xx_it.o(i.MemManage_Handler)
    i.NMI_Handler                            0x08004430   Section        0  stm32f4xx_it.o(i.NMI_Handler)
    i.NVIC_Config                            0x08004432   Section        0  nvic.o(i.NVIC_Config)
    i.NVIC_Init                              0x0800445c   Section        0  misc.o(i.NVIC_Init)
    i.OutMapCurrent                          0x080044d4   Section        0  power_buffer_pool.o(i.OutMapCurrent)
    i.PC_Control_Init                        0x080044e8   Section        0  pc_mode.o(i.PC_Control_Init)
    i.PC_control                             0x08004514   Section        0  hero_control.o(i.PC_control)
    i.PendSV_Handler                         0x08004824   Section        0  stm32f4xx_it.o(i.PendSV_Handler)
    i.Pitch_Position_PID                     0x08004828   Section        0  pid.o(i.Pitch_Position_PID)
    i.PositionPID_paraReset                  0x08004908   Section        0  pid.o(i.PositionPID_paraReset)
    i.Position_PID                           0x0800495c   Section        0  pid.o(i.Position_PID)
    i.PowerBufferPoolInit                    0x08004a3c   Section        0  power_buffer_pool.o(i.PowerBufferPoolInit)
    i.RCC_AHB1PeriphClockCmd                 0x08004b20   Section        0  stm32f4xx_rcc.o(i.RCC_AHB1PeriphClockCmd)
    i.RCC_APB1PeriphClockCmd                 0x08004b40   Section        0  stm32f4xx_rcc.o(i.RCC_APB1PeriphClockCmd)
    i.RCC_APB2PeriphClockCmd                 0x08004b60   Section        0  stm32f4xx_rcc.o(i.RCC_APB2PeriphClockCmd)
    i.RCC_GetClocksFreq                      0x08004b80   Section        0  stm32f4xx_rcc.o(i.RCC_GetClocksFreq)
    i.RC_control                             0x08004c68   Section        0  hero_control.o(i.RC_control)
    i.Ramp_Detection                         0x08004d7c   Section        0  ramp_posture.o(i.Ramp_Detection)
    i.Rocker_getData                         0x08004e44   Section        0  dr16_receiver.o(i.Rocker_getData)
    i.SCCM_Init                              0x08004eac   Section        0  super_cap.o(i.SCCM_Init)
    i.SVC_Handler                            0x08004ebc   Section        0  stm32f4xx_it.o(i.SVC_Handler)
    i.SetInPut                               0x08004ebe   Section        0  power_buffer_pool.o(i.SetInPut)
    i.SetSysClock                            0x08004f6c   Section        0  system_stm32f4xx.o(i.SetSysClock)
    SetSysClock                              0x08004f6d   Thumb Code   272  system_stm32f4xx.o(i.SetSysClock)
    i.Shoot_Init                             0x0800508c   Section        0  shoot.o(i.Shoot_Init)
    i.SmallfricMotor_setSpeed                0x080051f8   Section        0  shoot.o(i.SmallfricMotor_setSpeed)
    i.SmallfricMotor_setSpeed2               0x0800523c   Section        0  shoot.o(i.SmallfricMotor_setSpeed2)
    i.Smallshoot_processing                  0x080052d4   Section        0  shoot.o(i.Smallshoot_processing)
    i.Steering_Init                          0x0800549c   Section        0  steering.o(i.Steering_Init)
    i.SysTick_Config                         0x08005544   Section        0  delay.o(i.SysTick_Config)
    SysTick_Config                           0x08005545   Thumb Code    74  delay.o(i.SysTick_Config)
    i.SysTick_Handler                        0x08005598   Section        0  stm32f4xx_it.o(i.SysTick_Handler)
    i.SystemInit                             0x0800559c   Section        0  system_stm32f4xx.o(i.SystemInit)
    i.TIM12_GPIOInit                         0x08005604   Section        0  tim.o(i.TIM12_GPIOInit)
    TIM12_GPIOInit                           0x08005605   Thumb Code    80  tim.o(i.TIM12_GPIOInit)
    i.TIM12_PWMOutput                        0x08005658   Section        0  tim.o(i.TIM12_PWMOutput)
    i.TIM4_GPIOInit                          0x080056cc   Section        0  tim.o(i.TIM4_GPIOInit)
    TIM4_GPIOInit                            0x080056cd   Thumb Code    82  tim.o(i.TIM4_GPIOInit)
    i.TIM4_PWMOutput                         0x08005724   Section        0  tim.o(i.TIM4_PWMOutput)
    i.TIM5_CounterMode                       0x08005798   Section        0  tim.o(i.TIM5_CounterMode)
    i.TIM5_IRQHandler                        0x080057e8   Section        0  stm32f4xx_it.o(i.TIM5_IRQHandler)
    i.TIM6_CounterMode                       0x08005894   Section        0  tim.o(i.TIM6_CounterMode)
    i.TIM6_DAC_IRQHandler                    0x080058e4   Section        0  stm32f4xx_it.o(i.TIM6_DAC_IRQHandler)
    i.TIM_ARRPreloadConfig                   0x08005908   Section        0  stm32f4xx_tim.o(i.TIM_ARRPreloadConfig)
    i.TIM_ClearITPendingBit                  0x08005920   Section        0  stm32f4xx_tim.o(i.TIM_ClearITPendingBit)
    i.TIM_Cmd                                0x08005926   Section        0  stm32f4xx_tim.o(i.TIM_Cmd)
    i.TIM_GetITStatus                        0x0800593e   Section        0  stm32f4xx_tim.o(i.TIM_GetITStatus)
    i.TIM_ITConfig                           0x08005960   Section        0  stm32f4xx_tim.o(i.TIM_ITConfig)
    i.TIM_OC1Init                            0x08005974   Section        0  stm32f4xx_tim.o(i.TIM_OC1Init)
    i.TIM_OC2Init                            0x080059f0   Section        0  stm32f4xx_tim.o(i.TIM_OC2Init)
    i.TIM_OC3Init                            0x08005a94   Section        0  stm32f4xx_tim.o(i.TIM_OC3Init)
    i.TIM_SetCompare1                        0x08005b34   Section        0  stm32f4xx_tim.o(i.TIM_SetCompare1)
    i.TIM_SetCompare2                        0x08005b38   Section        0  stm32f4xx_tim.o(i.TIM_SetCompare2)
    i.TIM_SetCompare3                        0x08005b3c   Section        0  stm32f4xx_tim.o(i.TIM_SetCompare3)
    i.TIM_TimeBaseInit                       0x08005b40   Section        0  stm32f4xx_tim.o(i.TIM_TimeBaseInit)
    i.Test                                   0x08005bc4   Section        0  user_code.o(i.Test)
    i.USART1_IRQHandler                      0x08005c14   Section        0  stm32f4xx_it.o(i.USART1_IRQHandler)
    i.USART1_QuickInit                       0x08005c60   Section        0  usart.o(i.USART1_QuickInit)
    i.USART1_RXDMA_Config                    0x08005d04   Section        0  usart.o(i.USART1_RXDMA_Config)
    i.USART2_QuickInit                       0x08005d90   Section        0  usart.o(i.USART2_QuickInit)
    i.USART6_IRQHandler                      0x08005e34   Section        0  stm32f4xx_it.o(i.USART6_IRQHandler)
    i.USART6_QuickInit                       0x08005e88   Section        0  usart.o(i.USART6_QuickInit)
    i.USART6_RXDMA_Config                    0x08005f30   Section        0  usart.o(i.USART6_RXDMA_Config)
    i.USART_Cmd                              0x08005fbc   Section        0  stm32f4xx_usart.o(i.USART_Cmd)
    i.USART_DMACmd                           0x08005fd4   Section        0  stm32f4xx_usart.o(i.USART_DMACmd)
    i.USART_GetFlagStatus                    0x08005fe6   Section        0  stm32f4xx_usart.o(i.USART_GetFlagStatus)
    i.USART_GetITStatus                      0x08006000   Section        0  stm32f4xx_usart.o(i.USART_GetITStatus)
    i.USART_ITConfig                         0x08006054   Section        0  stm32f4xx_usart.o(i.USART_ITConfig)
    i.USART_Init                             0x080060a0   Section        0  stm32f4xx_usart.o(i.USART_Init)
    i.USART_SendData                         0x08006174   Section        0  stm32f4xx_usart.o(i.USART_SendData)
    i.USART_sendChar                         0x0800617c   Section        0  usart.o(i.USART_sendChar)
    i.UsageFault_Handler                     0x0800619a   Section        0  stm32f4xx_it.o(i.UsageFault_Handler)
    i.Verify_CRC16_Check_Sum                 0x080061a0   Section        0  rm2019_judgesystem.o(i.Verify_CRC16_Check_Sum)
    i.__ARM_fpclassify                       0x080061e0   Section        0  fpclassify.o(i.__ARM_fpclassify)
    i.__hardfp_atan                          0x08006210   Section        0  atan.o(i.__hardfp_atan)
    i.__hardfp_atan2                         0x080064e8   Section        0  atan2.o(i.__hardfp_atan2)
    i.__hardfp_cos                           0x080066d8   Section        0  cos.o(i.__hardfp_cos)
    i.__hardfp_sin                           0x080067a0   Section        0  sin.o(i.__hardfp_sin)
    i.__ieee754_rem_pio2                     0x08006868   Section        0  rred.o(i.__ieee754_rem_pio2)
    i.__kernel_cos                           0x08006ca0   Section        0  cos_i.o(i.__kernel_cos)
    i.__kernel_poly                          0x08006e10   Section        0  poly.o(i.__kernel_poly)
    i.__kernel_sin                           0x08006f08   Section        0  sin_i.o(i.__kernel_sin)
    i.__mathlib_dbl_infnan                   0x08007038   Section        0  dunder.o(i.__mathlib_dbl_infnan)
    i.__mathlib_dbl_infnan2                  0x0800704c   Section        0  dunder.o(i.__mathlib_dbl_infnan2)
    i.__mathlib_dbl_invalid                  0x08007060   Section        0  dunder.o(i.__mathlib_dbl_invalid)
    i.__mathlib_dbl_underflow                0x08007080   Section        0  dunder.o(i.__mathlib_dbl_underflow)
    i.__scatterload_copy                     0x080070a0   Section       14  handlers.o(i.__scatterload_copy)
    i.__scatterload_null                     0x080070ae   Section        2  handlers.o(i.__scatterload_null)
    i.__scatterload_zeroinit                 0x080070b0   Section       14  handlers.o(i.__scatterload_zeroinit)
    i.__set_errno                            0x080070c0   Section        0  errno.o(i.__set_errno)
    i.abs_limit                              0x080070cc   Section        0  pid.o(i.abs_limit)
    i.atan                                   0x080070fa   Section        0  atan.o(i.atan)
    i.delay_ms                               0x0800710c   Section        0  delay.o(i.delay_ms)
    i.dr16_keyboard_isPressedJumpKey         0x08007154   Section        0  dr16_receiver.o(i.dr16_keyboard_isPressedJumpKey)
    i.dr16_keyboard_isPressedKey             0x08007184   Section        0  dr16_receiver.o(i.dr16_keyboard_isPressedKey)
    i.dr16_keyboard_isReleaseJumpKey         0x080071a4   Section        0  dr16_receiver.o(i.dr16_keyboard_isReleaseJumpKey)
    i.dr16_mouseL_isPressedJumpKey           0x080071d4   Section        0  dr16_receiver.o(i.dr16_mouseL_isPressedJumpKey)
    i.dr16_mouseR_isPressedJumpKey           0x08007218   Section        0  dr16_receiver.o(i.dr16_mouseR_isPressedJumpKey)
    i.fabs                                   0x0800725c   Section        0  fabs.o(i.fabs)
    i.free                                   0x08007274   Section        0  malloc.o(i.free)
    i.fric_Control                           0x080072c4   Section        0  shoot.o(i.fric_Control)
    i.main                                   0x0800738c   Section        0  main.o(i.main)
    i.malloc                                 0x08007398   Section        0  malloc.o(i.malloc)
    .constdata                               0x08007404   Section      770  rm2019_judgesystem.o(.constdata)
    .constdata                               0x08007708   Section      152  atan.o(.constdata)
    atanhi                                   0x08007708   Data          32  atan.o(.constdata)
    atanlo                                   0x08007728   Data          32  atan.o(.constdata)
    aTodd                                    0x08007748   Data          40  atan.o(.constdata)
    aTeven                                   0x08007770   Data          48  atan.o(.constdata)
    .constdata                               0x080077a0   Section       48  cos_i.o(.constdata)
    C                                        0x080077a0   Data          48  cos_i.o(.constdata)
    .constdata                               0x080077d0   Section        8  qnan.o(.constdata)
    .constdata                               0x080077d8   Section      200  rred.o(.constdata)
    pio2s                                    0x080077d8   Data          48  rred.o(.constdata)
    twooverpi                                0x08007808   Data         152  rred.o(.constdata)
    .constdata                               0x080078a0   Section       40  sin_i.o(.constdata)
    S                                        0x080078a0   Data          40  sin_i.o(.constdata)
    .data                                    0x20000000   Section        8  stm32f4xx_it.o(.data)
    heat_counter                             0x20000004   Data           4  stm32f4xx_it.o(.data)
    .data                                    0x20000008   Section       40  hero_control.o(.data)
    .data                                    0x20000030   Section       52  shoot.o(.data)
    noral_speed1                             0x20000058   Data           4  shoot.o(.data)
    noral_speed2                             0x2000005c   Data           4  shoot.o(.data)
    SmallBulletCount                         0x20000060   Data           2  shoot.o(.data)
    LargeBulletCount                         0x20000062   Data           2  shoot.o(.data)
    .data                                    0x20000064   Section        5  devicesmonitor.o(.data)
    Devi_counter_low                         0x20000066   Data           1  devicesmonitor.o(.data)
    Devi_counter_fast                        0x20000067   Data           1  devicesmonitor.o(.data)
    Devi_counter_LED                         0x20000068   Data           1  devicesmonitor.o(.data)
    .data                                    0x2000006c   Section       16  power_buffer_pool.o(.data)
    .data                                    0x2000007c   Section       12  dr16_receiver.o(.data)
    .data                                    0x20000088   Section       48  rm2019_judgesystem.o(.data)
    counter                                  0x200000b6   Data           1  rm2019_judgesystem.o(.data)
    counter                                  0x200000b7   Data           1  rm2019_judgesystem.o(.data)
    .data                                    0x200000b8   Section       12  ramp_posture.o(.data)
    Ramp_Counter                             0x200000c0   Data           4  ramp_posture.o(.data)
    .data                                    0x200000c4   Section       44  super_cap.o(.data)
    .data                                    0x200000f0   Section        8  bullet_calculate.o(.data)
    .data                                    0x200000f8   Section       16  stm32f4xx_rcc.o(.data)
    APBAHBPrescTable                         0x200000f8   Data          16  stm32f4xx_rcc.o(.data)
    .data                                    0x20000108   Section       20  system_stm32f4xx.o(.data)
    .data                                    0x2000011c   Section        4  mvars.o(.data)
    .data                                    0x20000120   Section        4  mvars.o(.data)
    .data                                    0x20000124   Section        4  errno.o(.data)
    _errno                                   0x20000124   Data           4  errno.o(.data)
    .bss                                     0x20000128   Section      264  chassis_control.o(.bss)
    .bss                                     0x20000230   Section      320  cloud_control.o(.bss)
    .bss                                     0x20000370   Section       64  shoot.o(.bss)
    .bss                                     0x200003b0   Section       84  power_buffer_pool.o(.bss)
    .bss                                     0x20000404   Section      148  dr16_receiver.o(.bss)
    .bss                                     0x20000498   Section     1040  chassis_motor.o(.bss)
    .bss                                     0x200008a8   Section      996  clound_motor.o(.bss)
    .bss                                     0x20000c8c   Section       96  gy_6050.o(.bss)
    .bss                                     0x20000cec   Section      292  rm2019_judgesystem.o(.bss)
    .bss                                     0x20000e10   Section       62  ano.o(.bss)
    .bss                                     0x20000e50   Section       20  pc_mode.o(.bss)
    HEAP                                     0x20000e68   Section      512  startup_stm32f427_437xx.o(HEAP)
    STACK                                    0x20001068   Section     1024  startup_stm32f427_437xx.o(STACK)

    Global Symbols

    Symbol Name                              Value     Ov Type        Size  Object(Section)

    BuildAttributes$$THM_ISAv4$E$P$D$K$B$S$7EM$VFPi3$EXTD16$VFPS$VFMA$PE$A:L22UL41UL21$X:L11$S22US41US21$IEEE1$IW$USESV6$~STKCKD$USESV7$~SHL$OTIME$ROPI$IEEEX$EBA8$MICROLIB$REQ8$PRES8$EABIv2 0x00000000   Number         0  anon$$obj.o ABSOLUTE
    __ARM_use_no_argv                        0x00000000   Number         0  main.o ABSOLUTE
    __cpp_initialize__aeabi_                  - Undefined Weak Reference
    __cxa_finalize                            - Undefined Weak Reference
    __decompress                              - Undefined Weak Reference
    _clock_init                               - Undefined Weak Reference
    _microlib_exit                            - Undefined Weak Reference
    __Vectors_Size                           0x000001ac   Number         0  startup_stm32f427_437xx.o ABSOLUTE
    __Vectors                                0x08000000   Data           4  startup_stm32f427_437xx.o(RESET)
    __Vectors_End                            0x080001ac   Data           0  startup_stm32f427_437xx.o(RESET)
    __main                                   0x080001ad   Thumb Code     0  entry.o(.ARM.Collect$$$$00000000)
    _main_stk                                0x080001ad   Thumb Code     0  entry2.o(.ARM.Collect$$$$00000001)
    _main_scatterload                        0x080001b1   Thumb Code     0  entry5.o(.ARM.Collect$$$$00000004)
    __main_after_scatterload                 0x080001b5   Thumb Code     0  entry5.o(.ARM.Collect$$$$00000004)
    _main_clock                              0x080001b5   Thumb Code     0  entry7b.o(.ARM.Collect$$$$00000008)
    _main_cpp_init                           0x080001b5   Thumb Code     0  entry8b.o(.ARM.Collect$$$$0000000A)
    _main_init                               0x080001b5   Thumb Code     0  entry9a.o(.ARM.Collect$$$$0000000B)
    __rt_final_cpp                           0x080001bd   Thumb Code     0  entry10a.o(.ARM.Collect$$$$0000000D)
    __rt_final_exit                          0x080001bd   Thumb Code     0  entry11a.o(.ARM.Collect$$$$0000000F)
    Reset_Handler                            0x080001c1   Thumb Code     8  startup_stm32f427_437xx.o(.text)
    ADC_IRQHandler                           0x080001db   Thumb Code     0  startup_stm32f427_437xx.o(.text)
    CAN1_RX1_IRQHandler                      0x080001db   Thumb Code     0  startup_stm32f427_437xx.o(.text)
    CAN1_SCE_IRQHandler                      0x080001db   Thumb Code     0  startup_stm32f427_437xx.o(.text)
    CAN1_TX_IRQHandler                       0x080001db   Thumb Code     0  startup_stm32f427_437xx.o(.text)
    CAN2_RX1_IRQHandler                      0x080001db   Thumb Code     0  startup_stm32f427_437xx.o(.text)
    CAN2_SCE_IRQHandler                      0x080001db   Thumb Code     0  startup_stm32f427_437xx.o(.text)
    CAN2_TX_IRQHandler                       0x080001db   Thumb Code     0  startup_stm32f427_437xx.o(.text)
    CRYP_IRQHandler                          0x080001db   Thumb Code     0  startup_stm32f427_437xx.o(.text)
    DCMI_IRQHandler                          0x080001db   Thumb Code     0  startup_stm32f427_437xx.o(.text)
    DMA1_Stream0_IRQHandler                  0x080001db   Thumb Code     0  startup_stm32f427_437xx.o(.text)
    DMA1_Stream1_IRQHandler                  0x080001db   Thumb Code     0  startup_stm32f427_437xx.o(.text)
    DMA1_Stream2_IRQHandler                  0x080001db   Thumb Code     0  startup_stm32f427_437xx.o(.text)
    DMA1_Stream3_IRQHandler                  0x080001db   Thumb Code     0  startup_stm32f427_437xx.o(.text)
    DMA1_Stream4_IRQHandler                  0x080001db   Thumb Code     0  startup_stm32f427_437xx.o(.text)
    DMA1_Stream5_IRQHandler                  0x080001db   Thumb Code     0  startup_stm32f427_437xx.o(.text)
    DMA1_Stream6_IRQHandler                  0x080001db   Thumb Code     0  startup_stm32f427_437xx.o(.text)
    DMA1_Stream7_IRQHandler                  0x080001db   Thumb Code     0  startup_stm32f427_437xx.o(.text)
    DMA2D_IRQHandler                         0x080001db   Thumb Code     0  startup_stm32f427_437xx.o(.text)
    DMA2_Stream0_IRQHandler                  0x080001db   Thumb Code     0  startup_stm32f427_437xx.o(.text)
    DMA2_Stream1_IRQHandler                  0x080001db   Thumb Code     0  startup_stm32f427_437xx.o(.text)
    DMA2_Stream2_IRQHandler                  0x080001db   Thumb Code     0  startup_stm32f427_437xx.o(.text)
    DMA2_Stream3_IRQHandler                  0x080001db   Thumb Code     0  startup_stm32f427_437xx.o(.text)
    DMA2_Stream4_IRQHandler                  0x080001db   Thumb Code     0  startup_stm32f427_437xx.o(.text)
    DMA2_Stream5_IRQHandler                  0x080001db   Thumb Code     0  startup_stm32f427_437xx.o(.text)
    DMA2_Stream6_IRQHandler                  0x080001db   Thumb Code     0  startup_stm32f427_437xx.o(.text)
    DMA2_Stream7_IRQHandler                  0x080001db   Thumb Code     0  startup_stm32f427_437xx.o(.text)
    ETH_IRQHandler                           0x080001db   Thumb Code     0  startup_stm32f427_437xx.o(.text)
    ETH_WKUP_IRQHandler                      0x080001db   Thumb Code     0  startup_stm32f427_437xx.o(.text)
    EXTI0_IRQHandler                         0x080001db   Thumb Code     0  startup_stm32f427_437xx.o(.text)
    EXTI15_10_IRQHandler                     0x080001db   Thumb Code     0  startup_stm32f427_437xx.o(.text)
    EXTI1_IRQHandler                         0x080001db   Thumb Code     0  startup_stm32f427_437xx.o(.text)
    EXTI2_IRQHandler                         0x080001db   Thumb Code     0  startup_stm32f427_437xx.o(.text)
    EXTI3_IRQHandler                         0x080001db   Thumb Code     0  startup_stm32f427_437xx.o(.text)
    EXTI4_IRQHandler                         0x080001db   Thumb Code     0  startup_stm32f427_437xx.o(.text)
    EXTI9_5_IRQHandler                       0x080001db   Thumb Code     0  startup_stm32f427_437xx.o(.text)
    FLASH_IRQHandler                         0x080001db   Thumb Code     0  startup_stm32f427_437xx.o(.text)
    FMC_IRQHandler                           0x080001db   Thumb Code     0  startup_stm32f427_437xx.o(.text)
    FPU_IRQHandler                           0x080001db   Thumb Code     0  startup_stm32f427_437xx.o(.text)
    HASH_RNG_IRQHandler                      0x080001db   Thumb Code     0  startup_stm32f427_437xx.o(.text)
    I2C1_ER_IRQHandler                       0x080001db   Thumb Code     0  startup_stm32f427_437xx.o(.text)
    I2C1_EV_IRQHandler                       0x080001db   Thumb Code     0  startup_stm32f427_437xx.o(.text)
    I2C2_ER_IRQHandler                       0x080001db   Thumb Code     0  startup_stm32f427_437xx.o(.text)
    I2C2_EV_IRQHandler                       0x080001db   Thumb Code     0  startup_stm32f427_437xx.o(.text)
    I2C3_ER_IRQHandler                       0x080001db   Thumb Code     0  startup_stm32f427_437xx.o(.text)
    I2C3_EV_IRQHandler                       0x080001db   Thumb Code     0  startup_stm32f427_437xx.o(.text)
    OTG_FS_IRQHandler                        0x080001db   Thumb Code     0  startup_stm32f427_437xx.o(.text)
    OTG_FS_WKUP_IRQHandler                   0x080001db   Thumb Code     0  startup_stm32f427_437xx.o(.text)
    OTG_HS_EP1_IN_IRQHandler                 0x080001db   Thumb Code     0  startup_stm32f427_437xx.o(.text)
    OTG_HS_EP1_OUT_IRQHandler                0x080001db   Thumb Code     0  startup_stm32f427_437xx.o(.text)
    OTG_HS_IRQHandler                        0x080001db   Thumb Code     0  startup_stm32f427_437xx.o(.text)
    OTG_HS_WKUP_IRQHandler                   0x080001db   Thumb Code     0  startup_stm32f427_437xx.o(.text)
    PVD_IRQHandler                           0x080001db   Thumb Code     0  startup_stm32f427_437xx.o(.text)
    RCC_IRQHandler                           0x080001db   Thumb Code     0  startup_stm32f427_437xx.o(.text)
    RTC_Alarm_IRQHandler                     0x080001db   Thumb Code     0  startup_stm32f427_437xx.o(.text)
    RTC_WKUP_IRQHandler                      0x080001db   Thumb Code     0  startup_stm32f427_437xx.o(.text)
    SAI1_IRQHandler                          0x080001db   Thumb Code     0  startup_stm32f427_437xx.o(.text)
    SDIO_IRQHandler                          0x080001db   Thumb Code     0  startup_stm32f427_437xx.o(.text)
    SPI1_IRQHandler                          0x080001db   Thumb Code     0  startup_stm32f427_437xx.o(.text)
    SPI2_IRQHandler                          0x080001db   Thumb Code     0  startup_stm32f427_437xx.o(.text)
    SPI3_IRQHandler                          0x080001db   Thumb Code     0  startup_stm32f427_437xx.o(.text)
    SPI4_IRQHandler                          0x080001db   Thumb Code     0  startup_stm32f427_437xx.o(.text)
    SPI5_IRQHandler                          0x080001db   Thumb Code     0  startup_stm32f427_437xx.o(.text)
    SPI6_IRQHandler                          0x080001db   Thumb Code     0  startup_stm32f427_437xx.o(.text)
    TAMP_STAMP_IRQHandler                    0x080001db   Thumb Code     0  startup_stm32f427_437xx.o(.text)
    TIM1_BRK_TIM9_IRQHandler                 0x080001db   Thumb Code     0  startup_stm32f427_437xx.o(.text)
    TIM1_CC_IRQHandler                       0x080001db   Thumb Code     0  startup_stm32f427_437xx.o(.text)
    TIM1_TRG_COM_TIM11_IRQHandler            0x080001db   Thumb Code     0  startup_stm32f427_437xx.o(.text)
    TIM1_UP_TIM10_IRQHandler                 0x080001db   Thumb Code     0  startup_stm32f427_437xx.o(.text)
    TIM2_IRQHandler                          0x080001db   Thumb Code     0  startup_stm32f427_437xx.o(.text)
    TIM3_IRQHandler                          0x080001db   Thumb Code     0  startup_stm32f427_437xx.o(.text)
    TIM4_IRQHandler                          0x080001db   Thumb Code     0  startup_stm32f427_437xx.o(.text)
    TIM7_IRQHandler                          0x080001db   Thumb Code     0  startup_stm32f427_437xx.o(.text)
    TIM8_BRK_TIM12_IRQHandler                0x080001db   Thumb Code     0  startup_stm32f427_437xx.o(.text)
    TIM8_CC_IRQHandler                       0x080001db   Thumb Code     0  startup_stm32f427_437xx.o(.text)
    TIM8_TRG_COM_TIM14_IRQHandler            0x080001db   Thumb Code     0  startup_stm32f427_437xx.o(.text)
    TIM8_UP_TIM13_IRQHandler                 0x080001db   Thumb Code     0  startup_stm32f427_437xx.o(.text)
    UART4_IRQHandler                         0x080001db   Thumb Code     0  startup_stm32f427_437xx.o(.text)
    UART5_IRQHandler                         0x080001db   Thumb Code     0  startup_stm32f427_437xx.o(.text)
    UART7_IRQHandler                         0x080001db   Thumb Code     0  startup_stm32f427_437xx.o(.text)
    UART8_IRQHandler                         0x080001db   Thumb Code     0  startup_stm32f427_437xx.o(.text)
    USART2_IRQHandler                        0x080001db   Thumb Code     0  startup_stm32f427_437xx.o(.text)
    USART3_IRQHandler                        0x080001db   Thumb Code     0  startup_stm32f427_437xx.o(.text)
    WWDG_IRQHandler                          0x080001db   Thumb Code     0  startup_stm32f427_437xx.o(.text)
    __aeabi_memcpy                           0x080001e5   Thumb Code    36  memcpya.o(.text)
    __aeabi_memcpy4                          0x080001e5   Thumb Code     0  memcpya.o(.text)
    __aeabi_memcpy8                          0x080001e5   Thumb Code     0  memcpya.o(.text)
    __aeabi_dadd                             0x08000209   Thumb Code   322  dadd.o(.text)
    __aeabi_dsub                             0x0800034b   Thumb Code     6  dadd.o(.text)
    __aeabi_drsub                            0x08000351   Thumb Code     6  dadd.o(.text)
    __aeabi_dmul                             0x08000357   Thumb Code   228  dmul.o(.text)
    __aeabi_f2d                              0x0800043b   Thumb Code    38  f2d.o(.text)
    __aeabi_d2f                              0x08000461   Thumb Code    56  d2f.o(.text)
    __aeabi_llsl                             0x08000499   Thumb Code    30  llshl.o(.text)
    _ll_shift_l                              0x08000499   Thumb Code     0  llshl.o(.text)
    __aeabi_lasr                             0x080004b7   Thumb Code    36  llsshr.o(.text)
    _ll_sshift_r                             0x080004b7   Thumb Code     0  llsshr.o(.text)
    __I$use$fp                               0x080004db   Thumb Code     0  iusefp.o(.text)
    _float_round                             0x080004db   Thumb Code    18  fepilogue.o(.text)
    _float_epilogue                          0x080004ed   Thumb Code    92  fepilogue.o(.text)
    _double_round                            0x08000549   Thumb Code    30  depilogue.o(.text)
    _double_epilogue                         0x08000567   Thumb Code   156  depilogue.o(.text)
    __aeabi_ddiv                             0x08000603   Thumb Code   222  ddiv.o(.text)
    __scatterload                            0x080006e1   Thumb Code    28  init.o(.text)
    __scatterload_rt2                        0x080006e1   Thumb Code     0  init.o(.text)
    __aeabi_llsr                             0x08000705   Thumb Code    32  llushr.o(.text)
    _ll_ushift_r                             0x08000705   Thumb Code     0  llushr.o(.text)
    __aeabi_i2d                              0x08000725   Thumb Code    34  dflti.o(.text)
    __aeabi_ui2d                             0x08000747   Thumb Code    26  dfltui.o(.text)
    __aeabi_d2iz                             0x08000761   Thumb Code    62  dfixi.o(.text)
    ANO_Send_Data_V3                         0x080007a1   Thumb Code   194  ano.o(i.ANO_Send_Data_V3)
    Append_CRC16_Check_Sum                   0x0800086d   Thumb Code    44  rm2019_judgesystem.o(i.Append_CRC16_Check_Sum)
    Bullet_Calculate_GPIOInit                0x0800089d   Thumb Code    42  bullet_calculate.o(i.Bullet_Calculate_GPIOInit)
    Bullet_Shooting                          0x080008cd   Thumb Code   112  shoot.o(i.Bullet_Shooting)
    BusFault_Handler                         0x0800094d   Thumb Code     4  stm32f4xx_it.o(i.BusFault_Handler)
    CAN1_QuickInit                           0x08000951   Thumb Code   222  can.o(i.CAN1_QuickInit)
    CAN1_RX0_IRQHandler                      0x08000a39   Thumb Code    50  stm32f4xx_it.o(i.CAN1_RX0_IRQHandler)
    CAN2_QuickInit                           0x08000a71   Thumb Code   228  can.o(i.CAN2_QuickInit)
    CAN2_RX0_IRQHandler                      0x08000b5d   Thumb Code    62  stm32f4xx_it.o(i.CAN2_RX0_IRQHandler)
    CAN_ClearITPendingBit                    0x08000ba1   Thumb Code   162  stm32f4xx_can.o(i.CAN_ClearITPendingBit)
    CAN_FilterInit                           0x08000c49   Thumb Code   258  stm32f4xx_can.o(i.CAN_FilterInit)
    CAN_GetITStatus                          0x08000d51   Thumb Code   284  stm32f4xx_can.o(i.CAN_GetITStatus)
    CAN_ITConfig                             0x08000e71   Thumb Code    18  stm32f4xx_can.o(i.CAN_ITConfig)
    CAN_Init                                 0x08000e83   Thumb Code   276  stm32f4xx_can.o(i.CAN_Init)
    CAN_Receive                              0x08000f97   Thumb Code   240  stm32f4xx_can.o(i.CAN_Receive)
    CAN_SendData                             0x08001087   Thumb Code    68  can.o(i.CAN_SendData)
    CAN_Transmit                             0x080010cb   Thumb Code   294  stm32f4xx_can.o(i.CAN_Transmit)
    Chassis_Init                             0x080011f1   Thumb Code   164  chassis_control.o(i.Chassis_Init)
    Chassis_processing                       0x080012b5   Thumb Code   596  chassis_control.o(i.Chassis_processing)
    Cloud_Init                               0x08001541   Thumb Code   570  cloud_control.o(i.Cloud_Init)
    Cloud_getYawAngleWithCenter              0x080017b9   Thumb Code    28  cloud_control.o(i.Cloud_getYawAngleWithCenter)
    Cloud_getYawAngleWithRight               0x080017e1   Thumb Code    28  cloud_control.o(i.Cloud_getYawAngleWithRight)
    Cloud_processing_WithIMU                 0x08001809   Thumb Code   598  cloud_control.o(i.Cloud_processing_WithIMU)
    Cloud_setAbsPosForced                    0x08001a89   Thumb Code    20  cloud_control.o(i.Cloud_setAbsPosForced)
    Cloud_setCurrent                         0x08001aa1   Thumb Code    78  cloud_control.o(i.Cloud_setCurrent)
    Cloud_setIMUPosForced                    0x08001af5   Thumb Code    20  cloud_control.o(i.Cloud_setIMUPosForced)
    Cloud_static                             0x08001b0d   Thumb Code   522  cloud_control.o(i.Cloud_static)
    CloundMoto_setCurrent                    0x08001d35   Thumb Code    60  clound_motor.o(i.CloundMoto_setCurrent)
    Clound_Motor_getInfo                     0x08001d75   Thumb Code   978  clound_motor.o(i.Clound_Motor_getInfo)
    CurrentMapOut                            0x08002159   Thumb Code    16  power_buffer_pool.o(i.CurrentMapOut)
    DMA_Cmd                                  0x08002169   Thumb Code    22  stm32f4xx_dma.o(i.DMA_Cmd)
    DMA_DeInit                               0x08002181   Thumb Code   324  stm32f4xx_dma.o(i.DMA_DeInit)
    DMA_GetCmdStatus                         0x080022d9   Thumb Code    20  stm32f4xx_dma.o(i.DMA_GetCmdStatus)
    DMA_GetCurrDataCounter                   0x080022ed   Thumb Code     8  stm32f4xx_dma.o(i.DMA_GetCurrDataCounter)
    DMA_Init                                 0x080022f5   Thumb Code    82  stm32f4xx_dma.o(i.DMA_Init)
    DMA_SetCurrDataCounter                   0x0800234d   Thumb Code     4  stm32f4xx_dma.o(i.DMA_SetCurrDataCounter)
    DR16_dataProcess                         0x08002351   Thumb Code   486  dr16_receiver.o(i.DR16_dataProcess)
    DR16_keyBoardProcess                     0x08002555   Thumb Code   130  dr16_receiver.o(i.DR16_keyBoardProcess)
    DR16_mouseProcess                        0x080025d7   Thumb Code   138  dr16_receiver.o(i.DR16_mouseProcess)
    DR16_receiverInit                        0x08002661   Thumb Code    18  dr16_receiver.o(i.DR16_receiverInit)
    DebugMon_Handler                         0x0800267d   Thumb Code     2  stm32f4xx_it.o(i.DebugMon_Handler)
    DeilMoto_setCurrent                      0x08002681   Thumb Code    60  clound_motor.o(i.DeilMoto_setCurrent)
    DevicesMonitor_update                    0x080026c1   Thumb Code   538  devicesmonitor.o(i.DevicesMonitor_update)
    Dial_PositionPID                         0x08002905   Thumb Code   176  pid.o(i.Dial_PositionPID)
    Filter_IIRLPF                            0x080029b5   Thumb Code    26  filter.o(i.Filter_IIRLPF)
    FollowSwing_Position_PID                 0x080029d1   Thumb Code   220  pid.o(i.FollowSwing_Position_PID)
    Following_Yaw_Position_PID               0x08002ab1   Thumb Code   220  pid.o(i.Following_Yaw_Position_PID)
    GPIO_Init                                0x08002b91   Thumb Code   144  stm32f4xx_gpio.o(i.GPIO_Init)
    GPIO_PinAFConfig                         0x08002c21   Thumb Code    70  stm32f4xx_gpio.o(i.GPIO_PinAFConfig)
    GPIO_ReadInputDataBit                    0x08002c67   Thumb Code    18  stm32f4xx_gpio.o(i.GPIO_ReadInputDataBit)
    GPIO_WriteBit                            0x08002c79   Thumb Code    10  stm32f4xx_gpio.o(i.GPIO_WriteBit)
    GY6050_getCloundInfo                     0x08002c85   Thumb Code   322  gy_6050.o(i.GY6050_getCloundInfo)
    GetOutlet                                0x08002dd9   Thumb Code   918  power_buffer_pool.o(i.GetOutlet)
    GetPowerPoolState                        0x08003191   Thumb Code   162  power_buffer_pool.o(i.GetPowerPoolState)
    Get_CRC16_Check_Sum                      0x08003239   Thumb Code    46  rm2019_judgesystem.o(i.Get_CRC16_Check_Sum)
    Get_CRC8_Check_Sum                       0x0800326d   Thumb Code    30  rm2019_judgesystem.o(i.Get_CRC8_Check_Sum)
    HardFault_Handler                        0x08003291   Thumb Code     4  stm32f4xx_it.o(i.HardFault_Handler)
    Heat_Calculation                         0x08003295   Thumb Code   480  robot_status.o(i.Heat_Calculation)
    Hero_control                             0x08003489   Thumb Code   584  hero_control.o(i.Hero_control)
    IncrementalPID_paraReset                 0x0800370d   Thumb Code    66  pid.o(i.IncrementalPID_paraReset)
    Incremental_PID                          0x08003755   Thumb Code   196  pid.o(i.Incremental_PID)
    Init                                     0x08003819   Thumb Code   138  user_code.o(i.Init)
    JudgeSystem_Init                         0x080038ad   Thumb Code    20  rm2019_judgesystem.o(i.JudgeSystem_Init)
    Judge_getInfo                            0x080038c5   Thumb Code   714  rm2019_judgesystem.o(i.Judge_getInfo)
    Judge_sendPC                             0x08003bd5   Thumb Code   208  rm2019_judgesystem.o(i.Judge_sendPC)
    LED_GPIO_Config                          0x08003cb1   Thumb Code    58  led.o(i.LED_GPIO_Config)
    Large_processing                         0x08003cf5   Thumb Code   672  shoot.o(i.Large_processing)
    LargefricMotor_setSpeed                  0x08003fcd   Thumb Code    44  shoot.o(i.LargefricMotor_setSpeed)
    Laser_Init                               0x08003ffd   Thumb Code    56  laser.o(i.Laser_Init)
    Lever_Determine                          0x08004039   Thumb Code   212  robot_status.o(i.Lever_Determine)
    M3508_getInfo                            0x08004129   Thumb Code   188  chassis_motor.o(i.M3508_getInfo)
    M3508_setCurrent                         0x080041e9   Thumb Code    78  chassis_motor.o(i.M3508_setCurrent)
    M6020_setTargetAngle                     0x0800423d   Thumb Code    22  clound_motor.o(i.M6020_setTargetAngle)
    MecanumCalculate                         0x08004259   Thumb Code   452  chassis_control.o(i.MecanumCalculate)
    MemManage_Handler                        0x0800442d   Thumb Code     4  stm32f4xx_it.o(i.MemManage_Handler)
    NMI_Handler                              0x08004431   Thumb Code     2  stm32f4xx_it.o(i.NMI_Handler)
    NVIC_Config                              0x08004433   Thumb Code    40  nvic.o(i.NVIC_Config)
    NVIC_Init                                0x0800445d   Thumb Code   106  misc.o(i.NVIC_Init)
    OutMapCurrent                            0x080044d5   Thumb Code    18  power_buffer_pool.o(i.OutMapCurrent)
    PC_Control_Init                          0x080044e9   Thumb Code    36  pc_mode.o(i.PC_Control_Init)
    PC_control                               0x08004515   Thumb Code   718  hero_control.o(i.PC_control)
    PendSV_Handler                           0x08004825   Thumb Code     2  stm32f4xx_it.o(i.PendSV_Handler)
    Pitch_Position_PID                       0x08004829   Thumb Code   220  pid.o(i.Pitch_Position_PID)
    PositionPID_paraReset                    0x08004909   Thumb Code    78  pid.o(i.PositionPID_paraReset)
    Position_PID                             0x0800495d   Thumb Code   220  pid.o(i.Position_PID)
    PowerBufferPoolInit                      0x08004a3d   Thumb Code   164  power_buffer_pool.o(i.PowerBufferPoolInit)
    RCC_AHB1PeriphClockCmd                   0x08004b21   Thumb Code    26  stm32f4xx_rcc.o(i.RCC_AHB1PeriphClockCmd)
    RCC_APB1PeriphClockCmd                   0x08004b41   Thumb Code    26  stm32f4xx_rcc.o(i.RCC_APB1PeriphClockCmd)
    RCC_APB2PeriphClockCmd                   0x08004b61   Thumb Code    26  stm32f4xx_rcc.o(i.RCC_APB2PeriphClockCmd)
    RCC_GetClocksFreq                        0x08004b81   Thumb Code   214  stm32f4xx_rcc.o(i.RCC_GetClocksFreq)
    RC_control                               0x08004c69   Thumb Code   232  hero_control.o(i.RC_control)
    Ramp_Detection                           0x08004d7d   Thumb Code   166  ramp_posture.o(i.Ramp_Detection)
    Rocker_getData                           0x08004e45   Thumb Code   104  dr16_receiver.o(i.Rocker_getData)
    SCCM_Init                                0x08004ead   Thumb Code    12  super_cap.o(i.SCCM_Init)
    SVC_Handler                              0x08004ebd   Thumb Code     2  stm32f4xx_it.o(i.SVC_Handler)
    SetInPut                                 0x08004ebf   Thumb Code   172  power_buffer_pool.o(i.SetInPut)
    Shoot_Init                               0x0800508d   Thumb Code   312  shoot.o(i.Shoot_Init)
    SmallfricMotor_setSpeed                  0x080051f9   Thumb Code    64  shoot.o(i.SmallfricMotor_setSpeed)
    SmallfricMotor_setSpeed2                 0x0800523d   Thumb Code   140  shoot.o(i.SmallfricMotor_setSpeed2)
    Smallshoot_processing                    0x080052d5   Thumb Code   420  shoot.o(i.Smallshoot_processing)
    Steering_Init                            0x0800549d   Thumb Code   158  steering.o(i.Steering_Init)
    SysTick_Handler                          0x08005599   Thumb Code     2  stm32f4xx_it.o(i.SysTick_Handler)
    SystemInit                               0x0800559d   Thumb Code    88  system_stm32f4xx.o(i.SystemInit)
    TIM12_PWMOutput                          0x08005659   Thumb Code   110  tim.o(i.TIM12_PWMOutput)
    TIM4_PWMOutput                           0x08005725   Thumb Code   110  tim.o(i.TIM4_PWMOutput)
    TIM5_CounterMode                         0x08005799   Thumb Code    76  tim.o(i.TIM5_CounterMode)
    TIM5_IRQHandler                          0x080057e9   Thumb Code   146  stm32f4xx_it.o(i.TIM5_IRQHandler)
    TIM6_CounterMode                         0x08005895   Thumb Code    76  tim.o(i.TIM6_CounterMode)
    TIM6_DAC_IRQHandler                      0x080058e5   Thumb Code    30  stm32f4xx_it.o(i.TIM6_DAC_IRQHandler)
    TIM_ARRPreloadConfig                     0x08005909   Thumb Code    24  stm32f4xx_tim.o(i.TIM_ARRPreloadConfig)
    TIM_ClearITPendingBit                    0x08005921   Thumb Code     6  stm32f4xx_tim.o(i.TIM_ClearITPendingBit)
    TIM_Cmd                                  0x08005927   Thumb Code    24  stm32f4xx_tim.o(i.TIM_Cmd)
    TIM_GetITStatus                          0x0800593f   Thumb Code    34  stm32f4xx_tim.o(i.TIM_GetITStatus)
    TIM_ITConfig                             0x08005961   Thumb Code    18  stm32f4xx_tim.o(i.TIM_ITConfig)
    TIM_OC1Init                              0x08005975   Thumb Code   114  stm32f4xx_tim.o(i.TIM_OC1Init)
    TIM_OC2Init                              0x080059f1   Thumb Code   154  stm32f4xx_tim.o(i.TIM_OC2Init)
    TIM_OC3Init                              0x08005a95   Thumb Code   150  stm32f4xx_tim.o(i.TIM_OC3Init)
    TIM_SetCompare1                          0x08005b35   Thumb Code     4  stm32f4xx_tim.o(i.TIM_SetCompare1)
    TIM_SetCompare2                          0x08005b39   Thumb Code     4  stm32f4xx_tim.o(i.TIM_SetCompare2)
    TIM_SetCompare3                          0x08005b3d   Thumb Code     4  stm32f4xx_tim.o(i.TIM_SetCompare3)
    TIM_TimeBaseInit                         0x08005b41   Thumb Code   104  stm32f4xx_tim.o(i.TIM_TimeBaseInit)
    Test                                     0x08005bc5   Thumb Code    68  user_code.o(i.Test)
    USART1_IRQHandler                        0x08005c15   Thumb Code    64  stm32f4xx_it.o(i.USART1_IRQHandler)
    USART1_QuickInit                         0x08005c61   Thumb Code   156  usart.o(i.USART1_QuickInit)
    USART1_RXDMA_Config                      0x08005d05   Thumb Code   130  usart.o(i.USART1_RXDMA_Config)
    USART2_QuickInit                         0x08005d91   Thumb Code   156  usart.o(i.USART2_QuickInit)
    USART6_IRQHandler                        0x08005e35   Thumb Code    72  stm32f4xx_it.o(i.USART6_IRQHandler)
    USART6_QuickInit                         0x08005e89   Thumb Code   158  usart.o(i.USART6_QuickInit)
    USART6_RXDMA_Config                      0x08005f31   Thumb Code   130  usart.o(i.USART6_RXDMA_Config)
    USART_Cmd                                0x08005fbd   Thumb Code    24  stm32f4xx_usart.o(i.USART_Cmd)
    USART_DMACmd                             0x08005fd5   Thumb Code    18  stm32f4xx_usart.o(i.USART_DMACmd)
    USART_GetFlagStatus                      0x08005fe7   Thumb Code    26  stm32f4xx_usart.o(i.USART_GetFlagStatus)
    USART_GetITStatus                        0x08006001   Thumb Code    84  stm32f4xx_usart.o(i.USART_GetITStatus)
    USART_ITConfig                           0x08006055   Thumb Code    74  stm32f4xx_usart.o(i.USART_ITConfig)
    USART_Init                               0x080060a1   Thumb Code   204  stm32f4xx_usart.o(i.USART_Init)
    USART_SendData                           0x08006175   Thumb Code     8  stm32f4xx_usart.o(i.USART_SendData)
    USART_sendChar                           0x0800617d   Thumb Code    30  usart.o(i.USART_sendChar)
    UsageFault_Handler                       0x0800619b   Thumb Code     4  stm32f4xx_it.o(i.UsageFault_Handler)
    Verify_CRC16_Check_Sum                   0x080061a1   Thumb Code    60  rm2019_judgesystem.o(i.Verify_CRC16_Check_Sum)
    __ARM_fpclassify                         0x080061e1   Thumb Code    48  fpclassify.o(i.__ARM_fpclassify)
    __hardfp_atan                            0x08006211   Thumb Code   622  atan.o(i.__hardfp_atan)
    __hardfp_atan2                           0x080064e9   Thumb Code   432  atan2.o(i.__hardfp_atan2)
    __hardfp_cos                             0x080066d9   Thumb Code   180  cos.o(i.__hardfp_cos)
    __hardfp_sin                             0x080067a1   Thumb Code   180  sin.o(i.__hardfp_sin)
    __ieee754_rem_pio2                       0x08006869   Thumb Code   938  rred.o(i.__ieee754_rem_pio2)
    __kernel_cos                             0x08006ca1   Thumb Code   322  cos_i.o(i.__kernel_cos)
    __kernel_poly                            0x08006e11   Thumb Code   248  poly.o(i.__kernel_poly)
    __kernel_sin                             0x08006f09   Thumb Code   280  sin_i.o(i.__kernel_sin)
    __mathlib_dbl_infnan                     0x08007039   Thumb Code    20  dunder.o(i.__mathlib_dbl_infnan)
    __mathlib_dbl_infnan2                    0x0800704d   Thumb Code    20  dunder.o(i.__mathlib_dbl_infnan2)
    __mathlib_dbl_invalid                    0x08007061   Thumb Code    24  dunder.o(i.__mathlib_dbl_invalid)
    __mathlib_dbl_underflow                  0x08007081   Thumb Code    24  dunder.o(i.__mathlib_dbl_underflow)
    __scatterload_copy                       0x080070a1   Thumb Code    14  handlers.o(i.__scatterload_copy)
    __scatterload_null                       0x080070af   Thumb Code     2  handlers.o(i.__scatterload_null)
    __scatterload_zeroinit                   0x080070b1   Thumb Code    14  handlers.o(i.__scatterload_zeroinit)
    __set_errno                              0x080070c1   Thumb Code     6  errno.o(i.__set_errno)
    abs_limit                                0x080070cd   Thumb Code    46  pid.o(i.abs_limit)
    atan                                     0x080070fb   Thumb Code    16  atan.o(i.atan)
    delay_ms                                 0x0800710d   Thumb Code    66  delay.o(i.delay_ms)
    dr16_keyboard_isPressedJumpKey           0x08007155   Thumb Code    44  dr16_receiver.o(i.dr16_keyboard_isPressedJumpKey)
    dr16_keyboard_isPressedKey               0x08007185   Thumb Code    28  dr16_receiver.o(i.dr16_keyboard_isPressedKey)
    dr16_keyboard_isReleaseJumpKey           0x080071a5   Thumb Code    44  dr16_receiver.o(i.dr16_keyboard_isReleaseJumpKey)
    dr16_mouseL_isPressedJumpKey             0x080071d5   Thumb Code    62  dr16_receiver.o(i.dr16_mouseL_isPressedJumpKey)
    dr16_mouseR_isPressedJumpKey             0x08007219   Thumb Code    62  dr16_receiver.o(i.dr16_mouseR_isPressedJumpKey)
    fabs                                     0x0800725d   Thumb Code    24  fabs.o(i.fabs)
    free                                     0x08007275   Thumb Code    76  malloc.o(i.free)
    fric_Control                             0x080072c5   Thumb Code   182  shoot.o(i.fric_Control)
    main                                     0x0800738d   Thumb Code    12  main.o(i.main)
    malloc                                   0x08007399   Thumb Code    92  malloc.o(i.malloc)
    CRC8_INIT                                0x08007404   Data           1  rm2019_judgesystem.o(.constdata)
    CRC8_TAB                                 0x08007405   Data         256  rm2019_judgesystem.o(.constdata)
    wCRC_Table                               0x08007506   Data         512  rm2019_judgesystem.o(.constdata)
    __mathlib_zero                           0x080077d0   Data           8  qnan.o(.constdata)
    Region$$Table$$Base                      0x080078c8   Number         0  anon$$obj.o(Region$$Table)
    Region$$Table$$Limit                     0x080078e8   Number         0  anon$$obj.o(Region$$Table)
    DMA_Counter                              0x20000000   Data           2  stm32f4xx_it.o(.data)
    Temp_Chassis_Vx                          0x20000008   Data           4  hero_control.o(.data)
    Temp_Chassis_Vy                          0x2000000c   Data           4  hero_control.o(.data)
    Temp_Chassis_VOmega                      0x20000010   Data           4  hero_control.o(.data)
    Temp_Cloud_Vx                            0x20000014   Data           4  hero_control.o(.data)
    Temp_Cloud_Vy                            0x20000018   Data           4  hero_control.o(.data)
    small_shootcounter                       0x2000001c   Data           4  hero_control.o(.data)
    large_shootcounter                       0x20000020   Data           4  hero_control.o(.data)
    Max_speed_counter                        0x20000024   Data           4  hero_control.o(.data)
    FKFK                                     0x20000028   Data           4  hero_control.o(.data)
    YKYK                                     0x2000002c   Data           4  hero_control.o(.data)
    NKNK                                     0x20000030   Data           4  shoot.o(.data)
    Small_Lasttarget                         0x20000034   Data           4  shoot.o(.data)
    Small_Shoottime                          0x20000038   Data           4  shoot.o(.data)
    Small_ShootCheck                         0x2000003c   Data           4  shoot.o(.data)
    largecounter                             0x20000040   Data           4  shoot.o(.data)
    largecounterflag                         0x20000044   Data           4  shoot.o(.data)
    Large_Lasttarget                         0x20000048   Data           4  shoot.o(.data)
    Large_Shoottime                          0x2000004c   Data           4  shoot.o(.data)
    Large_ShootCheck                         0x20000050   Data           4  shoot.o(.data)
    Large_Deiltime                           0x20000054   Data           4  shoot.o(.data)
    Devi_Offline                             0x20000064   Data           1  devicesmonitor.o(.data)
    JKJK                                     0x20000065   Data           1  devicesmonitor.o(.data)
    cur                                      0x2000006c   Data           2  power_buffer_pool.o(.data)
    time_coe                                 0x20000070   Data           4  power_buffer_pool.o(.data)
    power_state                              0x20000074   Data           1  power_buffer_pool.o(.data)
    pid_state                                0x20000075   Data           1  power_buffer_pool.o(.data)
    Chassis_Angle                            0x20000078   Data           4  power_buffer_pool.o(.data)
    ControlStatus                            0x2000007c   Data           3  dr16_receiver.o(.data)
    dr16_mouseKeyLeft                        0x20000080   Data           4  dr16_receiver.o(.data)
    dr16_mouseKeyRight                       0x20000084   Data           4  dr16_receiver.o(.data)
    ext_game_state                           0x20000088   Data           4  rm2019_judgesystem.o(.data)
    ext_game_result                          0x2000008c   Data           2  rm2019_judgesystem.o(.data)
    ext_game_robot_survivors                 0x2000008e   Data           3  rm2019_judgesystem.o(.data)
    ext_event_data                           0x20000091   Data           5  rm2019_judgesystem.o(.data)
    ext_supply_projectile_action             0x20000096   Data           5  rm2019_judgesystem.o(.data)
    ext_supply_projectile_booking            0x2000009b   Data           4  rm2019_judgesystem.o(.data)
    ext_buff_musk                            0x2000009f   Data           2  rm2019_judgesystem.o(.data)
    aerial_robot_energy                      0x200000a1   Data           3  rm2019_judgesystem.o(.data)
    ext_robot_hurt                           0x200000a4   Data           2  rm2019_judgesystem.o(.data)
    ext_shoot_data                           0x200000a6   Data           7  rm2019_judgesystem.o(.data)
    Judge_Monitor                            0x200000ae   Data           4  rm2019_judgesystem.o(.data)
    wExpected                                0x200000b2   Data           2  rm2019_judgesystem.o(.data)
    CRC_INIT                                 0x200000b4   Data           2  rm2019_judgesystem.o(.data)
    Temp_Ramp_angle                          0x200000b8   Data           4  ramp_posture.o(.data)
    Real_Ramp_angle                          0x200000bc   Data           4  ramp_posture.o(.data)
    SCCM_ReceiveData                         0x200000c4   Data           8  super_cap.o(.data)
    SCCM_SendData                            0x200000cc   Data           8  super_cap.o(.data)
    SCCM_Status                              0x200000d4   Data           8  super_cap.o(.data)
    data                                     0x200000dc   Data           8  super_cap.o(.data)
    Charge_power                             0x200000e4   Data           4  super_cap.o(.data)
    Temp_SCCM_SendData                       0x200000e8   Data           8  super_cap.o(.data)
    Bullet                                   0x200000f0   Data           8  bullet_calculate.o(.data)
    SystemCoreClock                          0x20000108   Data           4  system_stm32f4xx.o(.data)
    AHBPrescTable                            0x2000010c   Data          16  system_stm32f4xx.o(.data)
    __microlib_freelist                      0x2000011c   Data           4  mvars.o(.data)
    __microlib_freelist_initialised          0x20000120   Data           4  mvars.o(.data)
    Chassis                                  0x20000128   Data         264  chassis_control.o(.bss)
    Cloud                                    0x20000230   Data         320  cloud_control.o(.bss)
    Shooting                                 0x20000370   Data          64  shoot.o(.bss)
    powerBufferPool_t                        0x200003b0   Data          84  power_buffer_pool.o(.bss)
    DR16_rxBuff                              0x20000404   Data          20  dr16_receiver.o(.bss)
    dr16_data                                0x20000418   Data          26  dr16_receiver.o(.bss)
    dr16_keyBorad                            0x20000432   Data          42  dr16_receiver.o(.bss)
    dr16_rocker_L                            0x2000045c   Data          20  dr16_receiver.o(.bss)
    dr16_rocker_R                            0x20000470   Data          20  dr16_receiver.o(.bss)
    pcRocker                                 0x20000484   Data          20  dr16_receiver.o(.bss)
    M3508s                                   0x20000498   Data        1040  chassis_motor.o(.bss)
    M2006s                                   0x200008a8   Data         492  clound_motor.o(.bss)
    M6020s                                   0x20000a94   Data         504  clound_motor.o(.bss)
    GY_6050                                  0x20000c8c   Data          80  gy_6050.o(.bss)
    bno055_data                              0x20000cdc   Data          16  gy_6050.o(.bss)
    JudgeSystem_rxBuff                       0x20000cec   Data         180  rm2019_judgesystem.o(.bss)
    ext_game_robot_state                     0x20000da0   Data          16  rm2019_judgesystem.o(.bss)
    ext_power_heat_data                      0x20000db0   Data          15  rm2019_judgesystem.o(.bss)
    ext_game_robot_pos                       0x20000dbf   Data          17  rm2019_judgesystem.o(.bss)
    Judge_SendPC                             0x20000dd0   Data          14  rm2019_judgesystem.o(.bss)
    Judge_SendRobot                          0x20000de0   Data          20  rm2019_judgesystem.o(.bss)
    testbuff                                 0x20000df4   Data          28  rm2019_judgesystem.o(.bss)
    send_buf                                 0x20000e10   Data          15  ano.o(.bss)
    send_bufs                                0x20000e1f   Data          30  ano.o(.bss)
    Temp_Target                              0x20000e3e   Data          16  ano.o(.bss)
    PCMode                                   0x20000e50   Data          20  pc_mode.o(.bss)
    __heap_base                              0x20000e68   Data           0  startup_stm32f427_437xx.o(HEAP)
    __heap_limit                             0x20001068   Data           0  startup_stm32f427_437xx.o(HEAP)
    __initial_sp                             0x20001468   Data           0  startup_stm32f427_437xx.o(STACK)



==============================================================================

Memory Map of the image

  Image Entry point : 0x080001c1

  Load Region LR_1 (Base: 0x08000000, Size: 0x00007a10, Max: 0xffffffff, ABSOLUTE)

    Execution Region ER_RO (Exec base: 0x08000000, Load base: 0x08000000, Size: 0x000078e8, Max: 0xffffffff, ABSOLUTE)

    Exec Addr    Load Addr    Size         Type   Attr      Idx    E Section Name        Object

    0x08000000   0x08000000   0x000001ac   Data   RO         6499    RESET               startup_stm32f427_437xx.o
    0x080001ac   0x080001ac   0x00000000   Code   RO         6540  * .ARM.Collect$$$$00000000  mc_w.l(entry.o)
    0x080001ac   0x080001ac   0x00000004   Code   RO         6632    .ARM.Collect$$$$00000001  mc_w.l(entry2.o)
    0x080001b0   0x080001b0   0x00000004   Code   RO         6635    .ARM.Collect$$$$00000004  mc_w.l(entry5.o)
    0x080001b4   0x080001b4   0x00000000   Code   RO         6637    .ARM.Collect$$$$00000008  mc_w.l(entry7b.o)
    0x080001b4   0x080001b4   0x00000000   Code   RO         6639    .ARM.Collect$$$$0000000A  mc_w.l(entry8b.o)
    0x080001b4   0x080001b4   0x00000008   Code   RO         6640    .ARM.Collect$$$$0000000B  mc_w.l(entry9a.o)
    0x080001bc   0x080001bc   0x00000000   Code   RO         6642    .ARM.Collect$$$$0000000D  mc_w.l(entry10a.o)
    0x080001bc   0x080001bc   0x00000000   Code   RO         6644    .ARM.Collect$$$$0000000F  mc_w.l(entry11a.o)
    0x080001bc   0x080001bc   0x00000004   Code   RO         6633    .ARM.Collect$$$$00002712  mc_w.l(entry2.o)
    0x080001c0   0x080001c0   0x00000024   Code   RO         6500  * .text               startup_stm32f427_437xx.o
    0x080001e4   0x080001e4   0x00000024   Code   RO         6543    .text               mc_w.l(memcpya.o)
    0x08000208   0x08000208   0x0000014e   Code   RO         6575    .text               mf_w.l(dadd.o)
    0x08000356   0x08000356   0x000000e4   Code   RO         6577    .text               mf_w.l(dmul.o)
    0x0800043a   0x0800043a   0x00000026   Code   RO         6579    .text               mf_w.l(f2d.o)
    0x08000460   0x08000460   0x00000038   Code   RO         6581    .text               mf_w.l(d2f.o)
    0x08000498   0x08000498   0x0000001e   Code   RO         6646    .text               mc_w.l(llshl.o)
    0x080004b6   0x080004b6   0x00000024   Code   RO         6648    .text               mc_w.l(llsshr.o)
    0x080004da   0x080004da   0x00000000   Code   RO         6659    .text               mc_w.l(iusefp.o)
    0x080004da   0x080004da   0x0000006e   Code   RO         6660    .text               mf_w.l(fepilogue.o)
    0x08000548   0x08000548   0x000000ba   Code   RO         6662    .text               mf_w.l(depilogue.o)
    0x08000602   0x08000602   0x000000de   Code   RO         6664    .text               mf_w.l(ddiv.o)
    0x080006e0   0x080006e0   0x00000024   Code   RO         6672    .text               mc_w.l(init.o)
    0x08000704   0x08000704   0x00000020   Code   RO         6674    .text               mc_w.l(llushr.o)
    0x08000724   0x08000724   0x00000022   Code   RO         6676    .text               mf_w.l(dflti.o)
    0x08000746   0x08000746   0x0000001a   Code   RO         6678    .text               mf_w.l(dfltui.o)
    0x08000760   0x08000760   0x0000003e   Code   RO         6680    .text               mf_w.l(dfixi.o)
    0x0800079e   0x0800079e   0x00000002   PAD
    0x080007a0   0x080007a0   0x000000cc   Code   RO         1280    i.ANO_Send_Data_V3  ano.o
    0x0800086c   0x0800086c   0x00000030   Code   RO         1165    i.Append_CRC16_Check_Sum  rm2019_judgesystem.o
    0x0800089c   0x0800089c   0x00000030   Code   RO         1465    i.Bullet_Calculate_GPIOInit  bullet_calculate.o
    0x080008cc   0x080008cc   0x00000080   Code   RO          626    i.Bullet_Shooting   shoot.o
    0x0800094c   0x0800094c   0x00000004   Code   RO          268    i.BusFault_Handler  stm32f4xx_it.o
    0x08000950   0x08000950   0x000000e8   Code   RO         1709    i.CAN1_QuickInit    can.o
    0x08000a38   0x08000a38   0x00000038   Code   RO          269    i.CAN1_RX0_IRQHandler  stm32f4xx_it.o
    0x08000a70   0x08000a70   0x000000ec   Code   RO         1710    i.CAN2_QuickInit    can.o
    0x08000b5c   0x08000b5c   0x00000044   Code   RO          270    i.CAN2_RX0_IRQHandler  stm32f4xx_it.o
    0x08000ba0   0x08000ba0   0x000000a8   Code   RO         2206    i.CAN_ClearITPendingBit  stm32f4xx_can.o
    0x08000c48   0x08000c48   0x00000108   Code   RO         2210    i.CAN_FilterInit    stm32f4xx_can.o
    0x08000d50   0x08000d50   0x00000120   Code   RO         2212    i.CAN_GetITStatus   stm32f4xx_can.o
    0x08000e70   0x08000e70   0x00000012   Code   RO         2216    i.CAN_ITConfig      stm32f4xx_can.o
    0x08000e82   0x08000e82   0x00000114   Code   RO         2217    i.CAN_Init          stm32f4xx_can.o
    0x08000f96   0x08000f96   0x000000f0   Code   RO         2220    i.CAN_Receive       stm32f4xx_can.o
    0x08001086   0x08001086   0x00000044   Code   RO         1711    i.CAN_SendData      can.o
    0x080010ca   0x080010ca   0x00000126   Code   RO         2225    i.CAN_Transmit      stm32f4xx_can.o
    0x080011f0   0x080011f0   0x000000c4   Code   RO          468    i.Chassis_Init      chassis_control.o
    0x080012b4   0x080012b4   0x00000278   Code   RO          471    i.Chassis_processing  chassis_control.o
    0x0800152c   0x0800152c   0x00000012   Code   RO         2228    i.CheckITStatus     stm32f4xx_can.o
    0x0800153e   0x0800153e   0x00000002   PAD
    0x08001540   0x08001540   0x00000278   Code   RO          529    i.Cloud_Init        cloud_control.o
    0x080017b8   0x080017b8   0x00000028   Code   RO          531    i.Cloud_getYawAngleWithCenter  cloud_control.o
    0x080017e0   0x080017e0   0x00000028   Code   RO          532    i.Cloud_getYawAngleWithRight  cloud_control.o
    0x08001808   0x08001808   0x00000280   Code   RO          534    i.Cloud_processing_WithIMU  cloud_control.o
    0x08001a88   0x08001a88   0x00000018   Code   RO          535    i.Cloud_setAbsPosForced  cloud_control.o
    0x08001aa0   0x08001aa0   0x00000054   Code   RO          536    i.Cloud_setCurrent  cloud_control.o
    0x08001af4   0x08001af4   0x00000018   Code   RO          537    i.Cloud_setIMUPosForced  cloud_control.o
    0x08001b0c   0x08001b0c   0x00000228   Code   RO          538    i.Cloud_static      cloud_control.o
    0x08001d34   0x08001d34   0x00000040   Code   RO         1051    i.CloundMoto_setCurrent  clound_motor.o
    0x08001d74   0x08001d74   0x000003e4   Code   RO         1052    i.Clound_Motor_getInfo  clound_motor.o
    0x08002158   0x08002158   0x00000010   Code   RO          848    i.CurrentMapOut     power_buffer_pool.o
    0x08002168   0x08002168   0x00000016   Code   RO         2985    i.DMA_Cmd           stm32f4xx_dma.o
    0x0800217e   0x0800217e   0x00000002   PAD
    0x08002180   0x08002180   0x00000158   Code   RO         2986    i.DMA_DeInit        stm32f4xx_dma.o
    0x080022d8   0x080022d8   0x00000014   Code   RO         2990    i.DMA_GetCmdStatus  stm32f4xx_dma.o
    0x080022ec   0x080022ec   0x00000008   Code   RO         2991    i.DMA_GetCurrDataCounter  stm32f4xx_dma.o
    0x080022f4   0x080022f4   0x00000058   Code   RO         2997    i.DMA_Init          stm32f4xx_dma.o
    0x0800234c   0x0800234c   0x00000004   Code   RO         3000    i.DMA_SetCurrDataCounter  stm32f4xx_dma.o
    0x08002350   0x08002350   0x00000204   Code   RO          920    i.DR16_dataProcess  dr16_receiver.o
    0x08002554   0x08002554   0x00000082   Code   RO          921    i.DR16_keyBoardProcess  dr16_receiver.o
    0x080025d6   0x080025d6   0x0000008a   Code   RO          922    i.DR16_mouseProcess  dr16_receiver.o
    0x08002660   0x08002660   0x0000001c   Code   RO          923    i.DR16_receiverInit  dr16_receiver.o
    0x0800267c   0x0800267c   0x00000002   Code   RO          271    i.DebugMon_Handler  stm32f4xx_it.o
    0x0800267e   0x0800267e   0x00000002   PAD
    0x08002680   0x08002680   0x00000040   Code   RO         1053    i.DeilMoto_setCurrent  clound_motor.o
    0x080026c0   0x080026c0   0x00000244   Code   RO          780    i.DevicesMonitor_update  devicesmonitor.o
    0x08002904   0x08002904   0x000000b0   Code   RO          700    i.Dial_PositionPID  pid.o
    0x080029b4   0x080029b4   0x0000001a   Code   RO         1363    i.Filter_IIRLPF     filter.o
    0x080029ce   0x080029ce   0x00000002   PAD
    0x080029d0   0x080029d0   0x000000e0   Code   RO          701    i.FollowSwing_Position_PID  pid.o
    0x08002ab0   0x08002ab0   0x000000e0   Code   RO          702    i.Following_Yaw_Position_PID  pid.o
    0x08002b90   0x08002b90   0x00000090   Code   RO         3515    i.GPIO_Init         stm32f4xx_gpio.o
    0x08002c20   0x08002c20   0x00000046   Code   RO         3516    i.GPIO_PinAFConfig  stm32f4xx_gpio.o
    0x08002c66   0x08002c66   0x00000012   Code   RO         3519    i.GPIO_ReadInputDataBit  stm32f4xx_gpio.o
    0x08002c78   0x08002c78   0x0000000a   Code   RO         3527    i.GPIO_WriteBit     stm32f4xx_gpio.o
    0x08002c82   0x08002c82   0x00000002   PAD
    0x08002c84   0x08002c84   0x00000154   Code   RO         1130    i.GY6050_getCloundInfo  gy_6050.o
    0x08002dd8   0x08002dd8   0x000003b8   Code   RO          849    i.GetOutlet         power_buffer_pool.o
    0x08003190   0x08003190   0x000000a8   Code   RO          850    i.GetPowerPoolState  power_buffer_pool.o
    0x08003238   0x08003238   0x00000034   Code   RO         1167    i.Get_CRC16_Check_Sum  rm2019_judgesystem.o
    0x0800326c   0x0800326c   0x00000024   Code   RO         1168    i.Get_CRC8_Check_Sum  rm2019_judgesystem.o
    0x08003290   0x08003290   0x00000004   Code   RO          272    i.HardFault_Handler  stm32f4xx_it.o
    0x08003294   0x08003294   0x000001f4   Code   RO         1099    i.Heat_Calculation  robot_status.o
    0x08003488   0x08003488   0x00000284   Code   RO          428    i.Hero_control      hero_control.o
    0x0800370c   0x0800370c   0x00000048   Code   RO          703    i.IncrementalPID_paraReset  pid.o
    0x08003754   0x08003754   0x000000c4   Code   RO          704    i.Incremental_PID   pid.o
    0x08003818   0x08003818   0x00000094   Code   RO          379    i.Init              user_code.o
    0x080038ac   0x080038ac   0x00000018   Code   RO         1169    i.JudgeSystem_Init  rm2019_judgesystem.o
    0x080038c4   0x080038c4   0x00000310   Code   RO         1170    i.Judge_getInfo     rm2019_judgesystem.o
    0x08003bd4   0x08003bd4   0x000000dc   Code   RO         1171    i.Judge_sendPC      rm2019_judgesystem.o
    0x08003cb0   0x08003cb0   0x00000044   Code   RO         1564    i.LED_GPIO_Config   led.o
    0x08003cf4   0x08003cf4   0x000002d8   Code   RO          627    i.Large_processing  shoot.o
    0x08003fcc   0x08003fcc   0x00000030   Code   RO          628    i.LargefricMotor_setSpeed  shoot.o
    0x08003ffc   0x08003ffc   0x0000003c   Code   RO         1252    i.Laser_Init        laser.o
    0x08004038   0x08004038   0x000000f0   Code   RO         1100    i.Lever_Determine   robot_status.o
    0x08004128   0x08004128   0x000000c0   Code   RO         1015    i.M3508_getInfo     chassis_motor.o
    0x080041e8   0x080041e8   0x00000054   Code   RO         1016    i.M3508_setCurrent  chassis_motor.o
    0x0800423c   0x0800423c   0x0000001c   Code   RO         1054    i.M6020_setTargetAngle  clound_motor.o
    0x08004258   0x08004258   0x000001d4   Code   RO          472    i.MecanumCalculate  chassis_control.o
    0x0800442c   0x0800442c   0x00000004   Code   RO          273    i.MemManage_Handler  stm32f4xx_it.o
    0x08004430   0x08004430   0x00000002   Code   RO          274    i.NMI_Handler       stm32f4xx_it.o
    0x08004432   0x08004432   0x00000028   Code   RO         1685    i.NVIC_Config       nvic.o
    0x0800445a   0x0800445a   0x00000002   PAD
    0x0800445c   0x0800445c   0x00000078   Code   RO         1803    i.NVIC_Init         misc.o
    0x080044d4   0x080044d4   0x00000012   Code   RO          852    i.OutMapCurrent     power_buffer_pool.o
    0x080044e6   0x080044e6   0x00000002   PAD
    0x080044e8   0x080044e8   0x0000002c   Code   RO         1387    i.PC_Control_Init   pc_mode.o
    0x08004514   0x08004514   0x00000310   Code   RO          429    i.PC_control        hero_control.o
    0x08004824   0x08004824   0x00000002   Code   RO          275    i.PendSV_Handler    stm32f4xx_it.o
    0x08004826   0x08004826   0x00000002   PAD
    0x08004828   0x08004828   0x000000e0   Code   RO          705    i.Pitch_Position_PID  pid.o
    0x08004908   0x08004908   0x00000054   Code   RO          706    i.PositionPID_paraReset  pid.o
    0x0800495c   0x0800495c   0x000000e0   Code   RO          707    i.Position_PID      pid.o
    0x08004a3c   0x08004a3c   0x000000e4   Code   RO          853    i.PowerBufferPoolInit  power_buffer_pool.o
    0x08004b20   0x08004b20   0x00000020   Code   RO         4252    i.RCC_AHB1PeriphClockCmd  stm32f4xx_rcc.o
    0x08004b40   0x08004b40   0x00000020   Code   RO         4261    i.RCC_APB1PeriphClockCmd  stm32f4xx_rcc.o
    0x08004b60   0x08004b60   0x00000020   Code   RO         4264    i.RCC_APB2PeriphClockCmd  stm32f4xx_rcc.o
    0x08004b80   0x08004b80   0x000000e8   Code   RO         4273    i.RCC_GetClocksFreq  stm32f4xx_rcc.o
    0x08004c68   0x08004c68   0x00000114   Code   RO          430    i.RC_control        hero_control.o
    0x08004d7c   0x08004d7c   0x000000c8   Code   RO         1333    i.Ramp_Detection    ramp_posture.o
    0x08004e44   0x08004e44   0x00000068   Code   RO          924    i.Rocker_getData    dr16_receiver.o
    0x08004eac   0x08004eac   0x00000010   Code   RO         1418    i.SCCM_Init         super_cap.o
    0x08004ebc   0x08004ebc   0x00000002   Code   RO          276    i.SVC_Handler       stm32f4xx_it.o
    0x08004ebe   0x08004ebe   0x000000ac   Code   RO          854    i.SetInPut          power_buffer_pool.o
    0x08004f6a   0x08004f6a   0x00000002   PAD
    0x08004f6c   0x08004f6c   0x00000120   Code   RO         6459    i.SetSysClock       system_stm32f4xx.o
    0x0800508c   0x0800508c   0x0000016c   Code   RO          629    i.Shoot_Init        shoot.o
    0x080051f8   0x080051f8   0x00000044   Code   RO          630    i.SmallfricMotor_setSpeed  shoot.o
    0x0800523c   0x0800523c   0x00000098   Code   RO          631    i.SmallfricMotor_setSpeed2  shoot.o
    0x080052d4   0x080052d4   0x000001c8   Code   RO          632    i.Smallshoot_processing  shoot.o
    0x0800549c   0x0800549c   0x000000a8   Code   RO         1501    i.Steering_Init     steering.o
    0x08005544   0x08005544   0x00000054   Code   RO         1525    i.SysTick_Config    delay.o
    0x08005598   0x08005598   0x00000002   Code   RO          277    i.SysTick_Handler   stm32f4xx_it.o
    0x0800559a   0x0800559a   0x00000002   PAD
    0x0800559c   0x0800559c   0x00000068   Code   RO         6461    i.SystemInit        system_stm32f4xx.o
    0x08005604   0x08005604   0x00000054   Code   RO         1745    i.TIM12_GPIOInit    tim.o
    0x08005658   0x08005658   0x00000074   Code   RO         1746    i.TIM12_PWMOutput   tim.o
    0x080056cc   0x080056cc   0x00000058   Code   RO         1747    i.TIM4_GPIOInit     tim.o
    0x08005724   0x08005724   0x00000074   Code   RO         1748    i.TIM4_PWMOutput    tim.o
    0x08005798   0x08005798   0x00000050   Code   RO         1749    i.TIM5_CounterMode  tim.o
    0x080057e8   0x080057e8   0x000000ac   Code   RO          278    i.TIM5_IRQHandler   stm32f4xx_it.o
    0x08005894   0x08005894   0x00000050   Code   RO         1750    i.TIM6_CounterMode  tim.o
    0x080058e4   0x080058e4   0x00000024   Code   RO          279    i.TIM6_DAC_IRQHandler  stm32f4xx_it.o
    0x08005908   0x08005908   0x00000018   Code   RO         5639    i.TIM_ARRPreloadConfig  stm32f4xx_tim.o
    0x08005920   0x08005920   0x00000006   Code   RO         5646    i.TIM_ClearITPendingBit  stm32f4xx_tim.o
    0x08005926   0x08005926   0x00000018   Code   RO         5651    i.TIM_Cmd           stm32f4xx_tim.o
    0x0800593e   0x0800593e   0x00000022   Code   RO         5672    i.TIM_GetITStatus   stm32f4xx_tim.o
    0x08005960   0x08005960   0x00000012   Code   RO         5676    i.TIM_ITConfig      stm32f4xx_tim.o
    0x08005972   0x08005972   0x00000002   PAD
    0x08005974   0x08005974   0x0000007c   Code   RO         5680    i.TIM_OC1Init       stm32f4xx_tim.o
    0x080059f0   0x080059f0   0x000000a4   Code   RO         5685    i.TIM_OC2Init       stm32f4xx_tim.o
    0x08005a94   0x08005a94   0x000000a0   Code   RO         5690    i.TIM_OC3Init       stm32f4xx_tim.o
    0x08005b34   0x08005b34   0x00000004   Code   RO         5713    i.TIM_SetCompare1   stm32f4xx_tim.o
    0x08005b38   0x08005b38   0x00000004   Code   RO         5714    i.TIM_SetCompare2   stm32f4xx_tim.o
    0x08005b3c   0x08005b3c   0x00000004   Code   RO         5715    i.TIM_SetCompare3   stm32f4xx_tim.o
    0x08005b40   0x08005b40   0x00000084   Code   RO         5723    i.TIM_TimeBaseInit  stm32f4xx_tim.o
    0x08005bc4   0x08005bc4   0x00000050   Code   RO          380    i.Test              user_code.o
    0x08005c14   0x08005c14   0x0000004c   Code   RO          280    i.USART1_IRQHandler  stm32f4xx_it.o
    0x08005c60   0x08005c60   0x000000a4   Code   RO         1588    i.USART1_QuickInit  usart.o
    0x08005d04   0x08005d04   0x0000008c   Code   RO         1589    i.USART1_RXDMA_Config  usart.o
    0x08005d90   0x08005d90   0x000000a4   Code   RO         1590    i.USART2_QuickInit  usart.o
    0x08005e34   0x08005e34   0x00000054   Code   RO          281    i.USART6_IRQHandler  stm32f4xx_it.o
    0x08005e88   0x08005e88   0x000000a8   Code   RO         1594    i.USART6_QuickInit  usart.o
    0x08005f30   0x08005f30   0x0000008c   Code   RO         1595    i.USART6_RXDMA_Config  usart.o
    0x08005fbc   0x08005fbc   0x00000018   Code   RO         6205    i.USART_Cmd         stm32f4xx_usart.o
    0x08005fd4   0x08005fd4   0x00000012   Code   RO         6206    i.USART_DMACmd      stm32f4xx_usart.o
    0x08005fe6   0x08005fe6   0x0000001a   Code   RO         6208    i.USART_GetFlagStatus  stm32f4xx_usart.o
    0x08006000   0x08006000   0x00000054   Code   RO         6209    i.USART_GetITStatus  stm32f4xx_usart.o
    0x08006054   0x08006054   0x0000004a   Code   RO         6211    i.USART_ITConfig    stm32f4xx_usart.o
    0x0800609e   0x0800609e   0x00000002   PAD
    0x080060a0   0x080060a0   0x000000d4   Code   RO         6212    i.USART_Init        stm32f4xx_usart.o
    0x08006174   0x08006174   0x00000008   Code   RO         6222    i.USART_SendData    stm32f4xx_usart.o
    0x0800617c   0x0800617c   0x0000001e   Code   RO         1596    i.USART_sendChar    usart.o
    0x0800619a   0x0800619a   0x00000004   Code   RO          282    i.UsageFault_Handler  stm32f4xx_it.o
    0x0800619e   0x0800619e   0x00000002   PAD
    0x080061a0   0x080061a0   0x00000040   Code   RO         1173    i.Verify_CRC16_Check_Sum  rm2019_judgesystem.o
    0x080061e0   0x080061e0   0x00000030   Code   RO         6668    i.__ARM_fpclassify  m_wm.l(fpclassify.o)
    0x08006210   0x08006210   0x000002d8   Code   RO         6583    i.__hardfp_atan     m_wm.l(atan.o)
    0x080064e8   0x080064e8   0x000001f0   Code   RO         6504    i.__hardfp_atan2    m_wm.l(atan2.o)
    0x080066d8   0x080066d8   0x000000c8   Code   RO         6516    i.__hardfp_cos      m_wm.l(cos.o)
    0x080067a0   0x080067a0   0x000000c8   Code   RO         6528    i.__hardfp_sin      m_wm.l(sin.o)
    0x08006868   0x08006868   0x00000438   Code   RO         6621    i.__ieee754_rem_pio2  m_wm.l(rred.o)
    0x08006ca0   0x08006ca0   0x00000170   Code   RO         6597    i.__kernel_cos      m_wm.l(cos_i.o)
    0x08006e10   0x08006e10   0x000000f8   Code   RO         6670    i.__kernel_poly     m_wm.l(poly.o)
    0x08006f08   0x08006f08   0x00000130   Code   RO         6626    i.__kernel_sin      m_wm.l(sin_i.o)
    0x08007038   0x08007038   0x00000014   Code   RO         6601    i.__mathlib_dbl_infnan  m_wm.l(dunder.o)
    0x0800704c   0x0800704c   0x00000014   Code   RO         6602    i.__mathlib_dbl_infnan2  m_wm.l(dunder.o)
    0x08007060   0x08007060   0x00000020   Code   RO         6603    i.__mathlib_dbl_invalid  m_wm.l(dunder.o)
    0x08007080   0x08007080   0x00000020   Code   RO         6606    i.__mathlib_dbl_underflow  m_wm.l(dunder.o)
    0x080070a0   0x080070a0   0x0000000e   Code   RO         6684    i.__scatterload_copy  mc_w.l(handlers.o)
    0x080070ae   0x080070ae   0x00000002   Code   RO         6685    i.__scatterload_null  mc_w.l(handlers.o)
    0x080070b0   0x080070b0   0x0000000e   Code   RO         6686    i.__scatterload_zeroinit  mc_w.l(handlers.o)
    0x080070be   0x080070be   0x00000002   PAD
    0x080070c0   0x080070c0   0x0000000c   Code   RO         6654    i.__set_errno       mc_w.l(errno.o)
    0x080070cc   0x080070cc   0x0000002e   Code   RO          709    i.abs_limit         pid.o
    0x080070fa   0x080070fa   0x00000010   Code   RO         6585    i.atan              m_wm.l(atan.o)
    0x0800710a   0x0800710a   0x00000002   PAD
    0x0800710c   0x0800710c   0x00000048   Code   RO         1526    i.delay_ms          delay.o
    0x08007154   0x08007154   0x00000030   Code   RO          925    i.dr16_keyboard_isPressedJumpKey  dr16_receiver.o
    0x08007184   0x08007184   0x00000020   Code   RO          926    i.dr16_keyboard_isPressedKey  dr16_receiver.o
    0x080071a4   0x080071a4   0x00000030   Code   RO          927    i.dr16_keyboard_isReleaseJumpKey  dr16_receiver.o
    0x080071d4   0x080071d4   0x00000044   Code   RO          928    i.dr16_mouseL_isPressedJumpKey  dr16_receiver.o
    0x08007218   0x08007218   0x00000044   Code   RO          929    i.dr16_mouseR_isPressedJumpKey  dr16_receiver.o
    0x0800725c   0x0800725c   0x00000018   Code   RO         6616    i.fabs              m_wm.l(fabs.o)
    0x08007274   0x08007274   0x00000050   Code   RO         6547    i.free              mc_w.l(malloc.o)
    0x080072c4   0x080072c4   0x000000c8   Code   RO          633    i.fric_Control      shoot.o
    0x0800738c   0x0800738c   0x0000000c   Code   RO            4    i.main              main.o
    0x08007398   0x08007398   0x0000006c   Code   RO         6548    i.malloc            mc_w.l(malloc.o)
    0x08007404   0x08007404   0x00000302   Data   RO         1176    .constdata          rm2019_judgesystem.o
    0x08007706   0x08007706   0x00000002   PAD
    0x08007708   0x08007708   0x00000098   Data   RO         6586    .constdata          m_wm.l(atan.o)
    0x080077a0   0x080077a0   0x00000030   Data   RO         6598    .constdata          m_wm.l(cos_i.o)
    0x080077d0   0x080077d0   0x00000008   Data   RO         6620    .constdata          m_wm.l(qnan.o)
    0x080077d8   0x080077d8   0x000000c8   Data   RO         6623    .constdata          m_wm.l(rred.o)
    0x080078a0   0x080078a0   0x00000028   Data   RO         6627    .constdata          m_wm.l(sin_i.o)
    0x080078c8   0x080078c8   0x00000020   Data   RO         6682    Region$$Table       anon$$obj.o


    Execution Region ER_RW (Exec base: 0x20000000, Load base: 0x080078e8, Size: 0x00000128, Max: 0xffffffff, ABSOLUTE)

    Exec Addr    Load Addr    Size         Type   Attr      Idx    E Section Name        Object

    0x20000000   0x080078e8   0x00000008   Data   RW          283    .data               stm32f4xx_it.o
    0x20000008   0x080078f0   0x00000028   Data   RW          432    .data               hero_control.o
    0x20000030   0x08007918   0x00000034   Data   RW          635    .data               shoot.o
    0x20000064   0x0800794c   0x00000005   Data   RW          782    .data               devicesmonitor.o
    0x20000069   0x08007951   0x00000003   PAD
    0x2000006c   0x08007954   0x00000010   Data   RW          856    .data               power_buffer_pool.o
    0x2000007c   0x08007964   0x0000000c   Data   RW          931    .data               dr16_receiver.o
    0x20000088   0x08007970   0x00000030   Data   RW         1177    .data               rm2019_judgesystem.o
    0x200000b8   0x080079a0   0x0000000c   Data   RW         1334    .data               ramp_posture.o
    0x200000c4   0x080079ac   0x0000002c   Data   RW         1421    .data               super_cap.o
    0x200000f0   0x080079d8   0x00000008   Data   RW         1467    .data               bullet_calculate.o
    0x200000f8   0x080079e0   0x00000010   Data   RW         4305    .data               stm32f4xx_rcc.o
    0x20000108   0x080079f0   0x00000014   Data   RW         6462    .data               system_stm32f4xx.o
    0x2000011c   0x08007a04   0x00000004   Data   RW         6650    .data               mc_w.l(mvars.o)
    0x20000120   0x08007a08   0x00000004   Data   RW         6651    .data               mc_w.l(mvars.o)
    0x20000124   0x08007a0c   0x00000004   Data   RW         6655    .data               mc_w.l(errno.o)


    Execution Region ER_ZI (Exec base: 0x20000128, Load base: 0x08007a10, Size: 0x00001340, Max: 0xffffffff, ABSOLUTE)

    Exec Addr    Load Addr    Size         Type   Attr      Idx    E Section Name        Object

    0x20000128        -       0x00000108   Zero   RW          474    .bss                chassis_control.o
    0x20000230        -       0x00000140   Zero   RW          541    .bss                cloud_control.o
    0x20000370        -       0x00000040   Zero   RW          634    .bss                shoot.o
    0x200003b0        -       0x00000054   Zero   RW          855    .bss                power_buffer_pool.o
    0x20000404        -       0x00000094   Zero   RW          930    .bss                dr16_receiver.o
    0x20000498        -       0x00000410   Zero   RW         1017    .bss                chassis_motor.o
    0x200008a8        -       0x000003e4   Zero   RW         1055    .bss                clound_motor.o
    0x20000c8c        -       0x00000060   Zero   RW         1131    .bss                gy_6050.o
    0x20000cec        -       0x00000124   Zero   RW         1175    .bss                rm2019_judgesystem.o
    0x20000e10        -       0x0000003e   Zero   RW         1282    .bss                ano.o
    0x20000e4e   0x08007a10   0x00000002   PAD
    0x20000e50        -       0x00000014   Zero   RW         1388    .bss                pc_mode.o
    0x20000e64   0x08007a10   0x00000004   PAD
    0x20000e68        -       0x00000200   Zero   RW         6498    HEAP                startup_stm32f427_437xx.o
    0x20001068        -       0x00000400   Zero   RW         6497    STACK               startup_stm32f427_437xx.o


==============================================================================

Image component sizes


      Code (inc. data)   RO Data    RW Data    ZI Data      Debug   Object Name

       204         10          0          0         62       1608   ano.o
        48          6          0          8          0        905   bullet_calculate.o
       536         18          0          0          0       2741   can.o
      1296         84          0          0        264       3541   chassis_control.o
       276         10          0          0       1040       2100   chassis_motor.o
      2036        172          0          0        320       6021   cloud_control.o
      1152         32          0          0        996       3732   clound_motor.o
       156         16          0          0          0      27550   delay.o
       580         42          0          5          0       1332   devicesmonitor.o
      1180         64          0         12        148       8326   dr16_receiver.o
        26          0          0          0          0        632   filter.o
       340         18          0          0         96       1849   gy_6050.o
      1704        170          0         40          0       3165   hero_control.o
        60          4          0          0          0        581   laser.o
        68         10          0          0          0        586   led.o
        12          0          0          0          0     315015   main.o
       120         14          0          0          0     316344   misc.o
        40          0          0          0          0        734   nvic.o
        44          8          0          0         20        803   pc_mode.o
      1470         28          0          0          0       7700   pid.o
      1554        104          0         16         84       5494   power_buffer_pool.o
       200         34          0         12          0        971   ramp_posture.o
      1228        114        770         48        292       8529   rm2019_judgesystem.o
       740         48          0          0          0       1469   robot_status.o
      2144        208          0         52         64       6429   shoot.o
        36          8        428          0       1536        976   startup_stm32f427_437xx.o
       168         10          0          0          0        752   steering.o
      1566         16          0          0          0       7386   stm32f4xx_can.o
       486         26          0          0          0       5583   stm32f4xx_dma.o
       242          0          0          0          0       3563   stm32f4xx_gpio.o
       518         68          0          8          0       8644   stm32f4xx_it.o
       328         36          0         16          0       5279   stm32f4xx_rcc.o
       698         58          0          0          0       9477   stm32f4xx_tim.o
       446          8          0          0          0       6372   stm32f4xx_usart.o
        16          4          0         44          0       1362   super_cap.o
       392         32          0         20          0       2385   system_stm32f4xx.o
       564         30          0          0          0       4181   tim.o
       806         46          0          0          0       4854   usart.o
       228         22          0          0          0       1158   user_code.o

    ----------------------------------------------------------------------
     23734       1578       1232        284       4928     790129   Object Totals
         0          0         32          0          0          0   (incl. Generated)
        26          0          2          3          6          0   (incl. Padding)

    ----------------------------------------------------------------------

      Code (inc. data)   RO Data    RW Data    ZI Data      Debug   Library Member Name

       744        106        152          0          0        352   atan.o
       496         64          0          0          0        192   atan2.o
       200         20          0          0          0        164   cos.o
       368         46         48          0          0        200   cos_i.o
       104         16          0          0          0        496   dunder.o
        24          0          0          0          0        124   fabs.o
        48          0          0          0          0        124   fpclassify.o
       248          0          0          0          0        152   poly.o
         0          0          8          0          0          0   qnan.o
      1080        142        200          0          0        188   rred.o
       200         20          0          0          0        164   sin.o
       304         24         40          0          0        208   sin_i.o
         0          0          0          0          0          0   entry.o
         0          0          0          0          0          0   entry10a.o
         0          0          0          0          0          0   entry11a.o
         8          4          0          0          0          0   entry2.o
         4          0          0          0          0          0   entry5.o
         0          0          0          0          0          0   entry7b.o
         0          0          0          0          0          0   entry8b.o
         8          4          0          0          0          0   entry9a.o
        12          6          0          4          0         68   errno.o
        30          0          0          0          0          0   handlers.o
        36          8          0          0          0         68   init.o
         0          0          0          0          0          0   iusefp.o
        30          0          0          0          0         68   llshl.o
        36          0          0          0          0         68   llsshr.o
        32          0          0          0          0         68   llushr.o
       188         20          0          0          0        160   malloc.o
        36          0          0          0          0         68   memcpya.o
         0          0          0          8          0          0   mvars.o
        56          0          0          0          0         88   d2f.o
       334          0          0          0          0        148   dadd.o
       222          0          0          0          0        100   ddiv.o
       186          0          0          0          0        176   depilogue.o
        62          0          0          0          0         80   dfixi.o
        34          0          0          0          0         76   dflti.o
        26          0          0          0          0         76   dfltui.o
       228          0          0          0          0         96   dmul.o
        38          0          0          0          0         68   f2d.o
       110          0          0          0          0        168   fepilogue.o

    ----------------------------------------------------------------------
      5538        480        448         12          0       4008   Library Totals
         6          0          0          0          0          0   (incl. Padding)

    ----------------------------------------------------------------------

      Code (inc. data)   RO Data    RW Data    ZI Data      Debug   Library Name

      3816        438        448          0          0       2364   m_wm.l
       420         42          0         12          0        568   mc_w.l
      1296          0          0          0          0       1076   mf_w.l

    ----------------------------------------------------------------------
      5538        480        448         12          0       4008   Library Totals

    ----------------------------------------------------------------------

==============================================================================


      Code (inc. data)   RO Data    RW Data    ZI Data      Debug   

     29272       2058       1680        296       4928     778361   Grand Totals
     29272       2058       1680        296       4928     778361   ELF Image Totals
     29272       2058       1680        296          0          0   ROM Totals

==============================================================================

    Total RO  Size (Code + RO Data)                30952 (  30.23kB)
    Total RW  Size (RW Data + ZI Data)              5224 (   5.10kB)
    Total ROM Size (Code + RO Data + RW Data)      31248 (  30.52kB)

==============================================================================

